[    6441ms] [WARNING] The resource https://siteassets.parastorage.com/pages/pages/thunderbolt?appDefinitionIdToSiteRevision=%7B%2214271d6f-ba62-d045-549b-ab972ae1f70e%22%3A%2225%22%2C%2213d21c63-b5ec-5912-8397-c3a5ddb27a97%22%3A%22440%22%2C%2214bcded7-0066-7c35-14d7-466cb3f09103%22%3A%221335%22%2C%227479d596-137c-4fa3-89cd-d7091042ba61%22%3A%22132%22%7D&beckyExperiments=.DatePickerPortal%2C.EnableCustomCSSVarsForLoginSocialBar%2C.FreemiumBannerOdeditor%2C.LoginBarEnableLoggingInStateInSSR%2C.TextInputAutoFillFix%2C.UseLoginSocialBarCustomMenu%2C.UseNestedLoginSocialBarMenuItems%2C.UseNewLoginBarDropdownMenuAlignment%2C.UseNewLoginSocialBarElementStructure%2C.UseNewLoginSocialBarMemberInitialsAvatar%2C.WixFreeSiteBannerDesktop%2C.WixFreeSiteBannerMobile%2C.addIdAsClassName%2C.buttonUdp%2C.calculateCollapsibleTextLineHeightByFont%2C.dynamicSlots%2C.fiveGridLineStudioSkins%2C.fixFirefoxLinkBarIntrinsicSizing%2C.isClassNameToRootEnabled%2C.migrateSdkDataMappers%2C.svgResolver_2%2C.updateRichTextSemanticClassNamesOnCorvid%2C.useClassnameInResponsiveAppWidget%2C.useImageAvifFormatInNativeProGallery&blocksBuilderManifestGeneratorVersion=1.129.0&coBrandingBanner=true&commonConfig=%7B%22siteRevision%22%3A%224%22%2C%22branchId%22%3A%226f2e66e0-1252-40aa-aa6f-45152de64372%22%7D&contentType=application%2Fjson&dfCk=6&dfVersion=1.5419.0&editorName=Studio&experiments=dm_bgScrubToMotionFixer%2Cdm_masterPageVariablesQueryFixer%2Cdm_migrateOldHoverBoxToNewFixer&externalBaseUrl=https%3A%2F%2Fwww.krest.dental&fileId=517f8547.bundle.min&formFactor=desktop&hasTPAWorkerOnSite=false&hasUserDomainMedia=false&isBuilderComponentModel=false&isHttps=true&isInSeo=false&isPremiumDomain=true&isResponsive=true&isUrlMigrated=true&isWixCodeOnPage=false&isWixCodeOnSite=false&language=en&metaSiteId=25d28462-d4df-4be6-9711-91e275dfccca&module=thunderbolt-platform&originalLanguage=en&pageId=2139b1_bff95e801390d793436bef24a5576d3f_2.json&pilerExperiments=specs.piler.useEditorReactComponents&quickActionsMenuEnabled=false&registryLibrariesTopology=%5B%7B%22artifactId%22%3A%22editor-elements%22%2C%22namespace%22%3A%22wixui%22%2C%22url%22%3A%22https%3A%2F%2Fstatic.parastorage.com%2Fservices%2Feditor-elements%2F1.15171.0%22%7D%2C%7B%22artifactId%22%3A%22editor-elements%22%2C%22namespace%22%3A%22dsgnsys%22%2C%22url%22%3A%22https%3A%2F%2Fstatic.parastorage.com%2Fservices%2Feditor-elements%2F1.15171.0%22%7D%5D&remoteWidgetStructureBuilderVersion=1.251.0&siteId=f962fb4e-ef42-4922-af81-f7c2f8294339&siteRevision=4&staticHTMLComponentUrl=https%3A%2F%2Fwww-krest-dental.filesusr.com%2F&viewMode=desktop was preloaded using link preload but not used within a few seconds from the window's load event. Please make sure it has an appropriate `as` value and it is preloaded intentionally. @ https://www.krest.dental/drsuneeta:0
[   17171ms] [WARNING] The resource https://siteassets.parastorage.com/pages/pages/thunderbolt?appDefinitionIdToSiteRevision=%7B%2214271d6f-ba62-d045-549b-ab972ae1f70e%22%3A%2225%22%2C%2213d21c63-b5ec-5912-8397-c3a5ddb27a97%22%3A%22440%22%2C%2214bcded7-0066-7c35-14d7-466cb3f09103%22%3A%221335%22%2C%227479d596-137c-4fa3-89cd-d7091042ba61%22%3A%22132%22%7D&beckyExperiments=.DatePickerPortal%2C.EnableCustomCSSVarsForLoginSocialBar%2C.FreemiumBannerOdeditor%2C.LoginBarEnableLoggingInStateInSSR%2C.TextInputAutoFillFix%2C.UseLoginSocialBarCustomMenu%2C.UseNestedLoginSocialBarMenuItems%2C.UseNewLoginBarDropdownMenuAlignment%2C.UseNewLoginSocialBarElementStructure%2C.UseNewLoginSocialBarMemberInitialsAvatar%2C.WixFreeSiteBannerDesktop%2C.WixFreeSiteBannerMobile%2C.addIdAsClassName%2C.buttonUdp%2C.calculateCollapsibleTextLineHeightByFont%2C.dynamicSlots%2C.fiveGridLineStudioSkins%2C.fixFirefoxLinkBarIntrinsicSizing%2C.isClassNameToRootEnabled%2C.migrateSdkDataMappers%2C.svgResolver_2%2C.updateRichTextSemanticClassNamesOnCorvid%2C.useClassnameInResponsiveAppWidget%2C.useImageAvifFormatInNativeProGallery&blocksBuilderManifestGeneratorVersion=1.129.0&coBrandingBanner=true&commonConfig=%7B%22siteRevision%22%3A%224%22%2C%22branchId%22%3A%226f2e66e0-1252-40aa-aa6f-45152de64372%22%7D&contentType=application%2Fjson&dfCk=6&dfVersion=1.5419.0&editorName=Studio&experiments=dm_bgScrubToMotionFixer%2Cdm_masterPageVariablesQueryFixer%2Cdm_migrateOldHoverBoxToNewFixer&externalBaseUrl=https%3A%2F%2Fwww.krest.dental&fileId=517f8547.bundle.min&formFactor=desktop&hasTPAWorkerOnSite=false&hasUserDomainMedia=false&isBuilderComponentModel=false&isHttps=true&isInSeo=false&isPremiumDomain=true&isResponsive=true&isUrlMigrated=true&isWixCodeOnPage=false&isWixCodeOnSite=false&language=en&metaSiteId=25d28462-d4df-4be6-9711-91e275dfccca&module=thunderbolt-platform&originalLanguage=en&pageId=2139b1_bff95e801390d793436bef24a5576d3f_2.json&pilerExperiments=specs.piler.useEditorReactComponents&quickActionsMenuEnabled=false&registryLibrariesTopology=%5B%7B%22artifactId%22%3A%22editor-elements%22%2C%22namespace%22%3A%22wixui%22%2C%22url%22%3A%22https%3A%2F%2Fstatic.parastorage.com%2Fservices%2Feditor-elements%2F1.15171.0%22%7D%2C%7B%22artifactId%22%3A%22editor-elements%22%2C%22namespace%22%3A%22dsgnsys%22%2C%22url%22%3A%22https%3A%2F%2Fstatic.parastorage.com%2Fservices%2Feditor-elements%2F1.15171.0%22%7D%5D&remoteWidgetStructureBuilderVersion=1.251.0&siteId=f962fb4e-ef42-4922-af81-f7c2f8294339&siteRevision=4&staticHTMLComponentUrl=https%3A%2F%2Fwww-krest-dental.filesusr.com%2F&viewMode=desktop was preloaded using link preload but not used within a few seconds from the window's load event. Please make sure it has an appropriate `as` value and it is preloaded intentionally. @ https://www.krest.dental/drsuneeta:0
[  237483ms] [WARNING] The resource https://siteassets.parastorage.com/pages/pages/thunderbolt?appDefinitionIdToSiteRevision=%7B%2214271d6f-ba62-d045-549b-ab972ae1f70e%22%3A%2225%22%2C%2213d21c63-b5ec-5912-8397-c3a5ddb27a97%22%3A%22440%22%2C%2214bcded7-0066-7c35-14d7-466cb3f09103%22%3A%221335%22%2C%227479d596-137c-4fa3-89cd-d7091042ba61%22%3A%22132%22%7D&beckyExperiments=.DatePickerPortal%2C.EnableCustomCSSVarsForLoginSocialBar%2C.FreemiumBannerOdeditor%2C.LoginBarEnableLoggingInStateInSSR%2C.TextInputAutoFillFix%2C.UseLoginSocialBarCustomMenu%2C.UseNestedLoginSocialBarMenuItems%2C.UseNewLoginBarDropdownMenuAlignment%2C.UseNewLoginSocialBarElementStructure%2C.UseNewLoginSocialBarMemberInitialsAvatar%2C.WixFreeSiteBannerDesktop%2C.WixFreeSiteBannerMobile%2C.addIdAsClassName%2C.buttonUdp%2C.calculateCollapsibleTextLineHeightByFont%2C.dynamicSlots%2C.fiveGridLineStudioSkins%2C.fixFirefoxLinkBarIntrinsicSizing%2C.isClassNameToRootEnabled%2C.migrateSdkDataMappers%2C.svgResolver_2%2C.updateRichTextSemanticClassNamesOnCorvid%2C.useClassnameInResponsiveAppWidget%2C.useImageAvifFormatInNativeProGallery&blocksBuilderManifestGeneratorVersion=1.129.0&coBrandingBanner=true&commonConfig=%7B%22siteRevision%22%3A%224%22%2C%22branchId%22%3A%226f2e66e0-1252-40aa-aa6f-45152de64372%22%7D&contentType=application%2Fjson&dfCk=6&dfVersion=1.5419.0&editorName=Studio&experiments=dm_bgScrubToMotionFixer%2Cdm_masterPageVariablesQueryFixer%2Cdm_migrateOldHoverBoxToNewFixer&externalBaseUrl=https%3A%2F%2Fwww.krest.dental&fileId=517f8547.bundle.min&formFactor=desktop&hasTPAWorkerOnSite=false&hasUserDomainMedia=false&isBuilderComponentModel=false&isHttps=true&isInSeo=false&isPremiumDomain=true&isResponsive=true&isUrlMigrated=true&isWixCodeOnPage=false&isWixCodeOnSite=false&language=en&metaSiteId=25d28462-d4df-4be6-9711-91e275dfccca&module=thunderbolt-platform&originalLanguage=en&pageId=2139b1_bff95e801390d793436bef24a5576d3f_2.json&pilerExperiments=specs.piler.useEditorReactComponents&quickActionsMenuEnabled=false&registryLibrariesTopology=%5B%7B%22artifactId%22%3A%22editor-elements%22%2C%22namespace%22%3A%22wixui%22%2C%22url%22%3A%22https%3A%2F%2Fstatic.parastorage.com%2Fservices%2Feditor-elements%2F1.15171.0%22%7D%2C%7B%22artifactId%22%3A%22editor-elements%22%2C%22namespace%22%3A%22dsgnsys%22%2C%22url%22%3A%22https%3A%2F%2Fstatic.parastorage.com%2Fservices%2Feditor-elements%2F1.15171.0%22%7D%5D&remoteWidgetStructureBuilderVersion=1.251.0&siteId=f962fb4e-ef42-4922-af81-f7c2f8294339&siteRevision=4&staticHTMLComponentUrl=https%3A%2F%2Fwww-krest-dental.filesusr.com%2F&viewMode=desktop was preloaded using link preload but not used within a few seconds from the window's load event. Please make sure it has an appropriate `as` value and it is preloaded intentionally. @ https://www.krest.dental/drsuneeta:0
[  459281ms] [LOG] Lenis @ https://browser.sentry-cdn.com/7.120.3/bundle.tracing.es5.min.js:1
[  696477ms] [LOG] Lenis @ https://browser.sentry-cdn.com/7.120.3/bundle.tracing.es5.min.js:1
[  696490ms] [LOG] Lenis @ https://browser.sentry-cdn.com/7.120.3/bundle.tracing.es5.min.js:1
[  696508ms] [LOG] Lenis @ https://browser.sentry-cdn.com/7.120.3/bundle.tracing.es5.min.js:1
[  696526ms] [LOG] Lenis @ https://browser.sentry-cdn.com/7.120.3/bundle.tracing.es5.min.js:1
[  696541ms] [LOG] Lenis @ https://browser.sentry-cdn.com/7.120.3/bundle.tracing.es5.min.js:1
[  696557ms] [LOG] Lenis @ https://browser.sentry-cdn.com/7.120.3/bundle.tracing.es5.min.js:1
[  696575ms] [LOG] Lenis @ https://browser.sentry-cdn.com/7.120.3/bundle.tracing.es5.min.js:1
[  696591ms] [LOG] Lenis @ https://browser.sentry-cdn.com/7.120.3/bundle.tracing.es5.min.js:1
[  696611ms] [LOG] Lenis @ https://browser.sentry-cdn.com/7.120.3/bundle.tracing.es5.min.js:1
[  696625ms] [LOG] Lenis @ https://browser.sentry-cdn.com/7.120.3/bundle.tracing.es5.min.js:1
[  696641ms] [LOG] Lenis @ https://browser.sentry-cdn.com/7.120.3/bundle.tracing.es5.min.js:1
[  696657ms] [LOG] Lenis @ https://browser.sentry-cdn.com/7.120.3/bundle.tracing.es5.min.js:1
[  696674ms] [LOG] Lenis @ https://browser.sentry-cdn.com/7.120.3/bundle.tracing.es5.min.js:1
[  696691ms] [LOG] Lenis @ https://browser.sentry-cdn.com/7.120.3/bundle.tracing.es5.min.js:1
[  696708ms] [LOG] Lenis @ https://browser.sentry-cdn.com/7.120.3/bundle.tracing.es5.min.js:1
[  696725ms] [LOG] Lenis @ https://browser.sentry-cdn.com/7.120.3/bundle.tracing.es5.min.js:1
[  696740ms] [LOG] Lenis @ https://browser.sentry-cdn.com/7.120.3/bundle.tracing.es5.min.js:1
[  696757ms] [LOG] Lenis @ https://browser.sentry-cdn.com/7.120.3/bundle.tracing.es5.min.js:1
[  696775ms] [LOG] Lenis @ https://browser.sentry-cdn.com/7.120.3/bundle.tracing.es5.min.js:1
[  696791ms] [LOG] Lenis @ https://browser.sentry-cdn.com/7.120.3/bundle.tracing.es5.min.js:1
[  696808ms] [LOG] Lenis @ https://browser.sentry-cdn.com/7.120.3/bundle.tracing.es5.min.js:1
[  696824ms] [LOG] Lenis @ https://browser.sentry-cdn.com/7.120.3/bundle.tracing.es5.min.js:1
[  696844ms] [LOG] Lenis @ https://browser.sentry-cdn.com/7.120.3/bundle.tracing.es5.min.js:1
[  696857ms] [LOG] Lenis @ https://browser.sentry-cdn.com/7.120.3/bundle.tracing.es5.min.js:1
[  696875ms] [LOG] Lenis @ https://browser.sentry-cdn.com/7.120.3/bundle.tracing.es5.min.js:1
[  696892ms] [LOG] Lenis @ https://browser.sentry-cdn.com/7.120.3/bundle.tracing.es5.min.js:1
[  696908ms] [LOG] Lenis @ https://browser.sentry-cdn.com/7.120.3/bundle.tracing.es5.min.js:1
[  696923ms] [LOG] Lenis @ https://browser.sentry-cdn.com/7.120.3/bundle.tracing.es5.min.js:1
[  696940ms] [LOG] Lenis @ https://browser.sentry-cdn.com/7.120.3/bundle.tracing.es5.min.js:1
[  696957ms] [LOG] Lenis @ https://browser.sentry-cdn.com/7.120.3/bundle.tracing.es5.min.js:1
[  696976ms] [LOG] Lenis @ https://browser.sentry-cdn.com/7.120.3/bundle.tracing.es5.min.js:1
[  696992ms] [LOG] Lenis @ https://browser.sentry-cdn.com/7.120.3/bundle.tracing.es5.min.js:1
[  697008ms] [LOG] Lenis @ https://browser.sentry-cdn.com/7.120.3/bundle.tracing.es5.min.js:1
[  697025ms] [LOG] Lenis @ https://browser.sentry-cdn.com/7.120.3/bundle.tracing.es5.min.js:1
[  697042ms] [LOG] Lenis @ https://browser.sentry-cdn.com/7.120.3/bundle.tracing.es5.min.js:1
[  697058ms] [LOG] Lenis @ https://browser.sentry-cdn.com/7.120.3/bundle.tracing.es5.min.js:1
[  697076ms] [LOG] Lenis @ https://browser.sentry-cdn.com/7.120.3/bundle.tracing.es5.min.js:1
[  697093ms] [LOG] Lenis @ https://browser.sentry-cdn.com/7.120.3/bundle.tracing.es5.min.js:1
[  697108ms] [LOG] Lenis @ https://browser.sentry-cdn.com/7.120.3/bundle.tracing.es5.min.js:1
[  697127ms] [LOG] Lenis @ https://browser.sentry-cdn.com/7.120.3/bundle.tracing.es5.min.js:1
[  697142ms] [LOG] Lenis @ https://browser.sentry-cdn.com/7.120.3/bundle.tracing.es5.min.js:1
[  697159ms] [LOG] Lenis @ https://browser.sentry-cdn.com/7.120.3/bundle.tracing.es5.min.js:1
[  697175ms] [LOG] Lenis @ https://browser.sentry-cdn.com/7.120.3/bundle.tracing.es5.min.js:1
[  697192ms] [LOG] Lenis @ https://browser.sentry-cdn.com/7.120.3/bundle.tracing.es5.min.js:1
[  697209ms] [LOG] Lenis @ https://browser.sentry-cdn.com/7.120.3/bundle.tracing.es5.min.js:1
[  697225ms] [LOG] Lenis @ https://browser.sentry-cdn.com/7.120.3/bundle.tracing.es5.min.js:1
[  697242ms] [LOG] Lenis @ https://browser.sentry-cdn.com/7.120.3/bundle.tracing.es5.min.js:1
[  697259ms] [LOG] Lenis @ https://browser.sentry-cdn.com/7.120.3/bundle.tracing.es5.min.js:1
[  697276ms] [LOG] Lenis @ https://browser.sentry-cdn.com/7.120.3/bundle.tracing.es5.min.js:1
[  697292ms] [LOG] Lenis @ https://browser.sentry-cdn.com/7.120.3/bundle.tracing.es5.min.js:1
[  697309ms] [LOG] Lenis @ https://browser.sentry-cdn.com/7.120.3/bundle.tracing.es5.min.js:1
[  697325ms] [LOG] Lenis @ https://browser.sentry-cdn.com/7.120.3/bundle.tracing.es5.min.js:1
[  697342ms] [LOG] Lenis @ https://browser.sentry-cdn.com/7.120.3/bundle.tracing.es5.min.js:1
[  697358ms] [LOG] Lenis @ https://browser.sentry-cdn.com/7.120.3/bundle.tracing.es5.min.js:1
[  697374ms] [LOG] Lenis @ https://browser.sentry-cdn.com/7.120.3/bundle.tracing.es5.min.js:1
[  697390ms] [LOG] Lenis @ https://browser.sentry-cdn.com/7.120.3/bundle.tracing.es5.min.js:1
[  697406ms] [LOG] Lenis @ https://browser.sentry-cdn.com/7.120.3/bundle.tracing.es5.min.js:1
[  697425ms] [LOG] Lenis @ https://browser.sentry-cdn.com/7.120.3/bundle.tracing.es5.min.js:1
[  697440ms] [LOG] Lenis @ https://browser.sentry-cdn.com/7.120.3/bundle.tracing.es5.min.js:1
[  697458ms] [LOG] Lenis @ https://browser.sentry-cdn.com/7.120.3/bundle.tracing.es5.min.js:1
[  697474ms] [LOG] Lenis @ https://browser.sentry-cdn.com/7.120.3/bundle.tracing.es5.min.js:1
[  697491ms] [LOG] Lenis @ https://browser.sentry-cdn.com/7.120.3/bundle.tracing.es5.min.js:1
[  697507ms] [LOG] Lenis @ https://browser.sentry-cdn.com/7.120.3/bundle.tracing.es5.min.js:1
[  697525ms] [LOG] Lenis @ https://browser.sentry-cdn.com/7.120.3/bundle.tracing.es5.min.js:1
[  697542ms] [LOG] Lenis @ https://browser.sentry-cdn.com/7.120.3/bundle.tracing.es5.min.js:1
[  697558ms] [LOG] Lenis @ https://browser.sentry-cdn.com/7.120.3/bundle.tracing.es5.min.js:1
[  697575ms] [LOG] Lenis @ https://browser.sentry-cdn.com/7.120.3/bundle.tracing.es5.min.js:1
[  697591ms] [LOG] Lenis @ https://browser.sentry-cdn.com/7.120.3/bundle.tracing.es5.min.js:1
[  697608ms] [LOG] Lenis @ https://browser.sentry-cdn.com/7.120.3/bundle.tracing.es5.min.js:1
[  697625ms] [LOG] Lenis @ https://browser.sentry-cdn.com/7.120.3/bundle.tracing.es5.min.js:1
[  697642ms] [LOG] Lenis @ https://browser.sentry-cdn.com/7.120.3/bundle.tracing.es5.min.js:1
[  697659ms] [LOG] Lenis @ https://browser.sentry-cdn.com/7.120.3/bundle.tracing.es5.min.js:1
[  697675ms] [LOG] Lenis @ https://browser.sentry-cdn.com/7.120.3/bundle.tracing.es5.min.js:1
[  697692ms] [LOG] Lenis @ https://browser.sentry-cdn.com/7.120.3/bundle.tracing.es5.min.js:1
[  697708ms] [LOG] Lenis @ https://browser.sentry-cdn.com/7.120.3/bundle.tracing.es5.min.js:1
[  697725ms] [LOG] Lenis @ https://browser.sentry-cdn.com/7.120.3/bundle.tracing.es5.min.js:1
[  697742ms] [LOG] Lenis @ https://browser.sentry-cdn.com/7.120.3/bundle.tracing.es5.min.js:1
[  697758ms] [LOG] Lenis @ https://browser.sentry-cdn.com/7.120.3/bundle.tracing.es5.min.js:1
[  697775ms] [LOG] Lenis @ https://browser.sentry-cdn.com/7.120.3/bundle.tracing.es5.min.js:1
[  697793ms] [LOG] Lenis @ https://browser.sentry-cdn.com/7.120.3/bundle.tracing.es5.min.js:1
[  697808ms] [LOG] Lenis @ https://browser.sentry-cdn.com/7.120.3/bundle.tracing.es5.min.js:1
[  697826ms] [LOG] Lenis @ https://browser.sentry-cdn.com/7.120.3/bundle.tracing.es5.min.js:1
[  697841ms] [LOG] Lenis @ https://browser.sentry-cdn.com/7.120.3/bundle.tracing.es5.min.js:1
[  697856ms] [LOG] Lenis @ https://browser.sentry-cdn.com/7.120.3/bundle.tracing.es5.min.js:1
[  697873ms] [LOG] Lenis @ https://browser.sentry-cdn.com/7.120.3/bundle.tracing.es5.min.js:1
[  697890ms] [LOG] Lenis @ https://browser.sentry-cdn.com/7.120.3/bundle.tracing.es5.min.js:1
[  697907ms] [LOG] Lenis @ https://browser.sentry-cdn.com/7.120.3/bundle.tracing.es5.min.js:1
[  697924ms] [LOG] Lenis @ https://browser.sentry-cdn.com/7.120.3/bundle.tracing.es5.min.js:1
[  697940ms] [LOG] Lenis @ https://browser.sentry-cdn.com/7.120.3/bundle.tracing.es5.min.js:1
[  697957ms] [LOG] Lenis @ https://browser.sentry-cdn.com/7.120.3/bundle.tracing.es5.min.js:1
[  697975ms] [LOG] Lenis @ https://browser.sentry-cdn.com/7.120.3/bundle.tracing.es5.min.js:1
[  697991ms] [LOG] Lenis @ https://browser.sentry-cdn.com/7.120.3/bundle.tracing.es5.min.js:1
[  698009ms] [LOG] Lenis @ https://browser.sentry-cdn.com/7.120.3/bundle.tracing.es5.min.js:1
[  698026ms] [LOG] Lenis @ https://browser.sentry-cdn.com/7.120.3/bundle.tracing.es5.min.js:1
[  698043ms] [LOG] Lenis @ https://browser.sentry-cdn.com/7.120.3/bundle.tracing.es5.min.js:1
[  698061ms] [LOG] Lenis @ https://browser.sentry-cdn.com/7.120.3/bundle.tracing.es5.min.js:1
[  698076ms] [LOG] Lenis @ https://browser.sentry-cdn.com/7.120.3/bundle.tracing.es5.min.js:1
[  698092ms] [LOG] Lenis @ https://browser.sentry-cdn.com/7.120.3/bundle.tracing.es5.min.js:1
[  698109ms] [LOG] Lenis @ https://browser.sentry-cdn.com/7.120.3/bundle.tracing.es5.min.js:1
[  698126ms] [LOG] Lenis @ https://browser.sentry-cdn.com/7.120.3/bundle.tracing.es5.min.js:1
[  698143ms] [LOG] Lenis @ https://browser.sentry-cdn.com/7.120.3/bundle.tracing.es5.min.js:1
[  698160ms] [LOG] Lenis @ https://browser.sentry-cdn.com/7.120.3/bundle.tracing.es5.min.js:1
[  698175ms] [LOG] Lenis @ https://browser.sentry-cdn.com/7.120.3/bundle.tracing.es5.min.js:1
[  698192ms] [LOG] Lenis @ https://browser.sentry-cdn.com/7.120.3/bundle.tracing.es5.min.js:1
[  698209ms] [LOG] Lenis @ https://browser.sentry-cdn.com/7.120.3/bundle.tracing.es5.min.js:1
[  698225ms] [LOG] Lenis @ https://browser.sentry-cdn.com/7.120.3/bundle.tracing.es5.min.js:1
[  698243ms] [LOG] Lenis @ https://browser.sentry-cdn.com/7.120.3/bundle.tracing.es5.min.js:1
[  698259ms] [LOG] Lenis @ https://browser.sentry-cdn.com/7.120.3/bundle.tracing.es5.min.js:1
[  698276ms] [LOG] Lenis @ https://browser.sentry-cdn.com/7.120.3/bundle.tracing.es5.min.js:1
[  698292ms] [LOG] Lenis @ https://browser.sentry-cdn.com/7.120.3/bundle.tracing.es5.min.js:1
[  698309ms] [LOG] Lenis @ https://browser.sentry-cdn.com/7.120.3/bundle.tracing.es5.min.js:1
[  698325ms] [LOG] Lenis @ https://browser.sentry-cdn.com/7.120.3/bundle.tracing.es5.min.js:1
[  698343ms] [LOG] Lenis @ https://browser.sentry-cdn.com/7.120.3/bundle.tracing.es5.min.js:1
[  698360ms] [LOG] Lenis @ https://browser.sentry-cdn.com/7.120.3/bundle.tracing.es5.min.js:1
[  698375ms] [LOG] Lenis @ https://browser.sentry-cdn.com/7.120.3/bundle.tracing.es5.min.js:1
[  698397ms] [LOG] Lenis @ https://browser.sentry-cdn.com/7.120.3/bundle.tracing.es5.min.js:1
[  698410ms] [LOG] Lenis @ https://browser.sentry-cdn.com/7.120.3/bundle.tracing.es5.min.js:1
[  698425ms] [LOG] Lenis @ https://browser.sentry-cdn.com/7.120.3/bundle.tracing.es5.min.js:1
[  698443ms] [LOG] Lenis @ https://browser.sentry-cdn.com/7.120.3/bundle.tracing.es5.min.js:1
[  698460ms] [LOG] Lenis @ https://browser.sentry-cdn.com/7.120.3/bundle.tracing.es5.min.js:1
[  698477ms] [LOG] Lenis @ https://browser.sentry-cdn.com/7.120.3/bundle.tracing.es5.min.js:1
[  698494ms] [LOG] Lenis @ https://browser.sentry-cdn.com/7.120.3/bundle.tracing.es5.min.js:1
[  698509ms] [LOG] Lenis @ https://browser.sentry-cdn.com/7.120.3/bundle.tracing.es5.min.js:1
[  698528ms] [LOG] Lenis @ https://browser.sentry-cdn.com/7.120.3/bundle.tracing.es5.min.js:1
[  698543ms] [LOG] Lenis @ https://browser.sentry-cdn.com/7.120.3/bundle.tracing.es5.min.js:1
[  698559ms] [LOG] Lenis @ https://browser.sentry-cdn.com/7.120.3/bundle.tracing.es5.min.js:1
[  698576ms] [LOG] Lenis @ https://browser.sentry-cdn.com/7.120.3/bundle.tracing.es5.min.js:1
[  698592ms] [LOG] Lenis @ https://browser.sentry-cdn.com/7.120.3/bundle.tracing.es5.min.js:1
[  698610ms] [LOG] Lenis @ https://browser.sentry-cdn.com/7.120.3/bundle.tracing.es5.min.js:1
[  698627ms] [LOG] Lenis @ https://browser.sentry-cdn.com/7.120.3/bundle.tracing.es5.min.js:1
[  698642ms] [LOG] Lenis @ https://browser.sentry-cdn.com/7.120.3/bundle.tracing.es5.min.js:1
[  698660ms] [LOG] Lenis @ https://browser.sentry-cdn.com/7.120.3/bundle.tracing.es5.min.js:1
[  698676ms] [LOG] Lenis @ https://browser.sentry-cdn.com/7.120.3/bundle.tracing.es5.min.js:1
[  698692ms] [LOG] Lenis @ https://browser.sentry-cdn.com/7.120.3/bundle.tracing.es5.min.js:1
[  698709ms] [LOG] Lenis @ https://browser.sentry-cdn.com/7.120.3/bundle.tracing.es5.min.js:1
[  698725ms] [LOG] Lenis @ https://browser.sentry-cdn.com/7.120.3/bundle.tracing.es5.min.js:1
[  698742ms] [LOG] Lenis @ https://browser.sentry-cdn.com/7.120.3/bundle.tracing.es5.min.js:1
[  698759ms] [LOG] Lenis @ https://browser.sentry-cdn.com/7.120.3/bundle.tracing.es5.min.js:1
[  698776ms] [LOG] Lenis @ https://browser.sentry-cdn.com/7.120.3/bundle.tracing.es5.min.js:1
[  698792ms] [LOG] Lenis @ https://browser.sentry-cdn.com/7.120.3/bundle.tracing.es5.min.js:1
[  698808ms] [LOG] Lenis @ https://browser.sentry-cdn.com/7.120.3/bundle.tracing.es5.min.js:1
[  698823ms] [LOG] Lenis @ https://browser.sentry-cdn.com/7.120.3/bundle.tracing.es5.min.js:1
[  698842ms] [LOG] Lenis @ https://browser.sentry-cdn.com/7.120.3/bundle.tracing.es5.min.js:1
[  698858ms] [LOG] Lenis @ https://browser.sentry-cdn.com/7.120.3/bundle.tracing.es5.min.js:1
[  698873ms] [LOG] Lenis @ https://browser.sentry-cdn.com/7.120.3/bundle.tracing.es5.min.js:1
[  698891ms] [LOG] Lenis @ https://browser.sentry-cdn.com/7.120.3/bundle.tracing.es5.min.js:1
[  698906ms] [LOG] Lenis @ https://browser.sentry-cdn.com/7.120.3/bundle.tracing.es5.min.js:1
[  698924ms] [LOG] Lenis @ https://browser.sentry-cdn.com/7.120.3/bundle.tracing.es5.min.js:1
[  698942ms] [LOG] Lenis @ https://browser.sentry-cdn.com/7.120.3/bundle.tracing.es5.min.js:1
[  698958ms] [LOG] Lenis @ https://browser.sentry-cdn.com/7.120.3/bundle.tracing.es5.min.js:1
[  698971ms] [LOG] Lenis @ https://browser.sentry-cdn.com/7.120.3/bundle.tracing.es5.min.js:1
[  698988ms] [LOG] Lenis @ https://browser.sentry-cdn.com/7.120.3/bundle.tracing.es5.min.js:1
[  699006ms] [LOG] Lenis @ https://browser.sentry-cdn.com/7.120.3/bundle.tracing.es5.min.js:1
[  699021ms] [LOG] Lenis @ https://browser.sentry-cdn.com/7.120.3/bundle.tracing.es5.min.js:1
[  699038ms] [LOG] Lenis @ https://browser.sentry-cdn.com/7.120.3/bundle.tracing.es5.min.js:1
[  699056ms] [LOG] Lenis @ https://browser.sentry-cdn.com/7.120.3/bundle.tracing.es5.min.js:1
[  699071ms] [LOG] Lenis @ https://browser.sentry-cdn.com/7.120.3/bundle.tracing.es5.min.js:1
[  699091ms] [LOG] Lenis @ https://browser.sentry-cdn.com/7.120.3/bundle.tracing.es5.min.js:1
[  699114ms] [LOG] Lenis @ https://browser.sentry-cdn.com/7.120.3/bundle.tracing.es5.min.js:1
[  699121ms] [LOG] Lenis @ https://browser.sentry-cdn.com/7.120.3/bundle.tracing.es5.min.js:1
[  699139ms] [LOG] Lenis @ https://browser.sentry-cdn.com/7.120.3/bundle.tracing.es5.min.js:1
[  699154ms] [LOG] Lenis @ https://browser.sentry-cdn.com/7.120.3/bundle.tracing.es5.min.js:1
[  699171ms] [LOG] Lenis @ https://browser.sentry-cdn.com/7.120.3/bundle.tracing.es5.min.js:1
[  699188ms] [LOG] Lenis @ https://browser.sentry-cdn.com/7.120.3/bundle.tracing.es5.min.js:1
[  699204ms] [LOG] Lenis @ https://browser.sentry-cdn.com/7.120.3/bundle.tracing.es5.min.js:1
[  699221ms] [LOG] Lenis @ https://browser.sentry-cdn.com/7.120.3/bundle.tracing.es5.min.js:1
[  699238ms] [LOG] Lenis @ https://browser.sentry-cdn.com/7.120.3/bundle.tracing.es5.min.js:1
[  699254ms] [LOG] Lenis @ https://browser.sentry-cdn.com/7.120.3/bundle.tracing.es5.min.js:1
[  699271ms] [LOG] Lenis @ https://browser.sentry-cdn.com/7.120.3/bundle.tracing.es5.min.js:1
[  699288ms] [LOG] Lenis @ https://browser.sentry-cdn.com/7.120.3/bundle.tracing.es5.min.js:1
[  699308ms] [LOG] Lenis @ https://browser.sentry-cdn.com/7.120.3/bundle.tracing.es5.min.js:1
[  700272ms] [LOG] Lenis @ https://browser.sentry-cdn.com/7.120.3/bundle.tracing.es5.min.js:1
[  700287ms] [LOG] Lenis @ https://browser.sentry-cdn.com/7.120.3/bundle.tracing.es5.min.js:1
[  700305ms] [LOG] Lenis @ https://browser.sentry-cdn.com/7.120.3/bundle.tracing.es5.min.js:1
[  700322ms] [LOG] Lenis @ https://browser.sentry-cdn.com/7.120.3/bundle.tracing.es5.min.js:1
[  700338ms] [LOG] Lenis @ https://browser.sentry-cdn.com/7.120.3/bundle.tracing.es5.min.js:1
[  700355ms] [LOG] Lenis @ https://browser.sentry-cdn.com/7.120.3/bundle.tracing.es5.min.js:1
[  700372ms] [LOG] Lenis @ https://browser.sentry-cdn.com/7.120.3/bundle.tracing.es5.min.js:1
[  700388ms] [LOG] Lenis @ https://browser.sentry-cdn.com/7.120.3/bundle.tracing.es5.min.js:1
[  700404ms] [LOG] Lenis @ https://browser.sentry-cdn.com/7.120.3/bundle.tracing.es5.min.js:1
[  700421ms] [LOG] Lenis @ https://browser.sentry-cdn.com/7.120.3/bundle.tracing.es5.min.js:1
[  700438ms] [LOG] Lenis @ https://browser.sentry-cdn.com/7.120.3/bundle.tracing.es5.min.js:1
[  700455ms] [LOG] Lenis @ https://browser.sentry-cdn.com/7.120.3/bundle.tracing.es5.min.js:1
[  700471ms] [LOG] Lenis @ https://browser.sentry-cdn.com/7.120.3/bundle.tracing.es5.min.js:1
[  700488ms] [LOG] Lenis @ https://browser.sentry-cdn.com/7.120.3/bundle.tracing.es5.min.js:1
[  700504ms] [LOG] Lenis @ https://browser.sentry-cdn.com/7.120.3/bundle.tracing.es5.min.js:1
[  700522ms] [LOG] Lenis @ https://browser.sentry-cdn.com/7.120.3/bundle.tracing.es5.min.js:1
[  700538ms] [LOG] Lenis @ https://browser.sentry-cdn.com/7.120.3/bundle.tracing.es5.min.js:1
[  700555ms] [LOG] Lenis @ https://browser.sentry-cdn.com/7.120.3/bundle.tracing.es5.min.js:1
[  700573ms] [LOG] Lenis @ https://browser.sentry-cdn.com/7.120.3/bundle.tracing.es5.min.js:1
[  700589ms] [LOG] Lenis @ https://browser.sentry-cdn.com/7.120.3/bundle.tracing.es5.min.js:1
[  700609ms] [LOG] Lenis @ https://browser.sentry-cdn.com/7.120.3/bundle.tracing.es5.min.js:1
[  700624ms] [LOG] Lenis @ https://browser.sentry-cdn.com/7.120.3/bundle.tracing.es5.min.js:1
[  700640ms] [LOG] Lenis @ https://browser.sentry-cdn.com/7.120.3/bundle.tracing.es5.min.js:1
[  700656ms] [LOG] Lenis @ https://browser.sentry-cdn.com/7.120.3/bundle.tracing.es5.min.js:1
[  700672ms] [LOG] Lenis @ https://browser.sentry-cdn.com/7.120.3/bundle.tracing.es5.min.js:1
[  700689ms] [LOG] Lenis @ https://browser.sentry-cdn.com/7.120.3/bundle.tracing.es5.min.js:1
[  700705ms] [LOG] Lenis @ https://browser.sentry-cdn.com/7.120.3/bundle.tracing.es5.min.js:1
[  700722ms] [LOG] Lenis @ https://browser.sentry-cdn.com/7.120.3/bundle.tracing.es5.min.js:1
[  700738ms] [LOG] Lenis @ https://browser.sentry-cdn.com/7.120.3/bundle.tracing.es5.min.js:1
[  700754ms] [LOG] Lenis @ https://browser.sentry-cdn.com/7.120.3/bundle.tracing.es5.min.js:1
[  700771ms] [LOG] Lenis @ https://browser.sentry-cdn.com/7.120.3/bundle.tracing.es5.min.js:1
[  700788ms] [LOG] Lenis @ https://browser.sentry-cdn.com/7.120.3/bundle.tracing.es5.min.js:1
[  700804ms] [LOG] Lenis @ https://browser.sentry-cdn.com/7.120.3/bundle.tracing.es5.min.js:1
[  700821ms] [LOG] Lenis @ https://browser.sentry-cdn.com/7.120.3/bundle.tracing.es5.min.js:1
[  700838ms] [LOG] Lenis @ https://browser.sentry-cdn.com/7.120.3/bundle.tracing.es5.min.js:1
[  700854ms] [LOG] Lenis @ https://browser.sentry-cdn.com/7.120.3/bundle.tracing.es5.min.js:1
[  700871ms] [LOG] Lenis @ https://browser.sentry-cdn.com/7.120.3/bundle.tracing.es5.min.js:1
[  700889ms] [LOG] Lenis @ https://browser.sentry-cdn.com/7.120.3/bundle.tracing.es5.min.js:1
[  700905ms] [LOG] Lenis @ https://browser.sentry-cdn.com/7.120.3/bundle.tracing.es5.min.js:1
[  700921ms] [LOG] Lenis @ https://browser.sentry-cdn.com/7.120.3/bundle.tracing.es5.min.js:1
[  700938ms] [LOG] Lenis @ https://browser.sentry-cdn.com/7.120.3/bundle.tracing.es5.min.js:1
[  700954ms] [LOG] Lenis @ https://browser.sentry-cdn.com/7.120.3/bundle.tracing.es5.min.js:1
[  700972ms] [LOG] Lenis @ https://browser.sentry-cdn.com/7.120.3/bundle.tracing.es5.min.js:1
[  700989ms] [LOG] Lenis @ https://browser.sentry-cdn.com/7.120.3/bundle.tracing.es5.min.js:1
[  701006ms] [LOG] Lenis @ https://browser.sentry-cdn.com/7.120.3/bundle.tracing.es5.min.js:1
[  701023ms] [LOG] Lenis @ https://browser.sentry-cdn.com/7.120.3/bundle.tracing.es5.min.js:1
[  701039ms] [LOG] Lenis @ https://browser.sentry-cdn.com/7.120.3/bundle.tracing.es5.min.js:1
[  701056ms] [LOG] Lenis @ https://browser.sentry-cdn.com/7.120.3/bundle.tracing.es5.min.js:1
[  701072ms] [LOG] Lenis @ https://browser.sentry-cdn.com/7.120.3/bundle.tracing.es5.min.js:1
[  701089ms] [LOG] Lenis @ https://browser.sentry-cdn.com/7.120.3/bundle.tracing.es5.min.js:1
[  701105ms] [LOG] Lenis @ https://browser.sentry-cdn.com/7.120.3/bundle.tracing.es5.min.js:1
[  701122ms] [LOG] Lenis @ https://browser.sentry-cdn.com/7.120.3/bundle.tracing.es5.min.js:1
[  701138ms] [LOG] Lenis @ https://browser.sentry-cdn.com/7.120.3/bundle.tracing.es5.min.js:1
[  701154ms] [LOG] Lenis @ https://browser.sentry-cdn.com/7.120.3/bundle.tracing.es5.min.js:1
[  701171ms] [LOG] Lenis @ https://browser.sentry-cdn.com/7.120.3/bundle.tracing.es5.min.js:1
[  701187ms] [LOG] Lenis @ https://browser.sentry-cdn.com/7.120.3/bundle.tracing.es5.min.js:1
[  701205ms] [LOG] Lenis @ https://browser.sentry-cdn.com/7.120.3/bundle.tracing.es5.min.js:1
[  701222ms] [LOG] Lenis @ https://browser.sentry-cdn.com/7.120.3/bundle.tracing.es5.min.js:1
[  701239ms] [LOG] Lenis @ https://browser.sentry-cdn.com/7.120.3/bundle.tracing.es5.min.js:1
[  701255ms] [LOG] Lenis @ https://browser.sentry-cdn.com/7.120.3/bundle.tracing.es5.min.js:1
[  701272ms] [LOG] Lenis @ https://browser.sentry-cdn.com/7.120.3/bundle.tracing.es5.min.js:1
[  701289ms] [LOG] Lenis @ https://browser.sentry-cdn.com/7.120.3/bundle.tracing.es5.min.js:1
[  701305ms] [LOG] Lenis @ https://browser.sentry-cdn.com/7.120.3/bundle.tracing.es5.min.js:1
[  701322ms] [LOG] Lenis @ https://browser.sentry-cdn.com/7.120.3/bundle.tracing.es5.min.js:1
[  701340ms] [LOG] Lenis @ https://browser.sentry-cdn.com/7.120.3/bundle.tracing.es5.min.js:1
[  701357ms] [LOG] Lenis @ https://browser.sentry-cdn.com/7.120.3/bundle.tracing.es5.min.js:1
[  701372ms] [LOG] Lenis @ https://browser.sentry-cdn.com/7.120.3/bundle.tracing.es5.min.js:1
[  701390ms] [LOG] Lenis @ https://browser.sentry-cdn.com/7.120.3/bundle.tracing.es5.min.js:1
[  701406ms] [LOG] Lenis @ https://browser.sentry-cdn.com/7.120.3/bundle.tracing.es5.min.js:1
[  701422ms] [LOG] Lenis @ https://browser.sentry-cdn.com/7.120.3/bundle.tracing.es5.min.js:1
[  701439ms] [LOG] Lenis @ https://browser.sentry-cdn.com/7.120.3/bundle.tracing.es5.min.js:1
[  701455ms] [LOG] Lenis @ https://browser.sentry-cdn.com/7.120.3/bundle.tracing.es5.min.js:1
[  701472ms] [LOG] Lenis @ https://browser.sentry-cdn.com/7.120.3/bundle.tracing.es5.min.js:1
[  701489ms] [LOG] Lenis @ https://browser.sentry-cdn.com/7.120.3/bundle.tracing.es5.min.js:1
[  701506ms] [LOG] Lenis @ https://browser.sentry-cdn.com/7.120.3/bundle.tracing.es5.min.js:1
[  701523ms] [LOG] Lenis @ https://browser.sentry-cdn.com/7.120.3/bundle.tracing.es5.min.js:1
[  701539ms] [LOG] Lenis @ https://browser.sentry-cdn.com/7.120.3/bundle.tracing.es5.min.js:1
[  701557ms] [LOG] Lenis @ https://browser.sentry-cdn.com/7.120.3/bundle.tracing.es5.min.js:1
[  701572ms] [LOG] Lenis @ https://browser.sentry-cdn.com/7.120.3/bundle.tracing.es5.min.js:1
[  701588ms] [LOG] Lenis @ https://browser.sentry-cdn.com/7.120.3/bundle.tracing.es5.min.js:1
[  701606ms] [LOG] Lenis @ https://browser.sentry-cdn.com/7.120.3/bundle.tracing.es5.min.js:1
[  701622ms] [LOG] Lenis @ https://browser.sentry-cdn.com/7.120.3/bundle.tracing.es5.min.js:1
[  701639ms] [LOG] Lenis @ https://browser.sentry-cdn.com/7.120.3/bundle.tracing.es5.min.js:1
[  701656ms] [LOG] Lenis @ https://browser.sentry-cdn.com/7.120.3/bundle.tracing.es5.min.js:1
[  701673ms] [LOG] Lenis @ https://browser.sentry-cdn.com/7.120.3/bundle.tracing.es5.min.js:1
[  701689ms] [LOG] Lenis @ https://browser.sentry-cdn.com/7.120.3/bundle.tracing.es5.min.js:1
[  701705ms] [LOG] Lenis @ https://browser.sentry-cdn.com/7.120.3/bundle.tracing.es5.min.js:1
[  701722ms] [LOG] Lenis @ https://browser.sentry-cdn.com/7.120.3/bundle.tracing.es5.min.js:1
[  701739ms] [LOG] Lenis @ https://browser.sentry-cdn.com/7.120.3/bundle.tracing.es5.min.js:1
[  701756ms] [LOG] Lenis @ https://browser.sentry-cdn.com/7.120.3/bundle.tracing.es5.min.js:1
[  701772ms] [LOG] Lenis @ https://browser.sentry-cdn.com/7.120.3/bundle.tracing.es5.min.js:1
[  701789ms] [LOG] Lenis @ https://browser.sentry-cdn.com/7.120.3/bundle.tracing.es5.min.js:1
[  701805ms] [LOG] Lenis @ https://browser.sentry-cdn.com/7.120.3/bundle.tracing.es5.min.js:1
[  701822ms] [LOG] Lenis @ https://browser.sentry-cdn.com/7.120.3/bundle.tracing.es5.min.js:1
[  701839ms] [LOG] Lenis @ https://browser.sentry-cdn.com/7.120.3/bundle.tracing.es5.min.js:1
[  701856ms] [LOG] Lenis @ https://browser.sentry-cdn.com/7.120.3/bundle.tracing.es5.min.js:1
[  701872ms] [LOG] Lenis @ https://browser.sentry-cdn.com/7.120.3/bundle.tracing.es5.min.js:1
[  701888ms] [LOG] Lenis @ https://browser.sentry-cdn.com/7.120.3/bundle.tracing.es5.min.js:1
[  701906ms] [LOG] Lenis @ https://browser.sentry-cdn.com/7.120.3/bundle.tracing.es5.min.js:1
[  701922ms] [LOG] Lenis @ https://browser.sentry-cdn.com/7.120.3/bundle.tracing.es5.min.js:1
[  701939ms] [LOG] Lenis @ https://browser.sentry-cdn.com/7.120.3/bundle.tracing.es5.min.js:1
[  701956ms] [LOG] Lenis @ https://browser.sentry-cdn.com/7.120.3/bundle.tracing.es5.min.js:1
[  701972ms] [LOG] Lenis @ https://browser.sentry-cdn.com/7.120.3/bundle.tracing.es5.min.js:1
[  701989ms] [LOG] Lenis @ https://browser.sentry-cdn.com/7.120.3/bundle.tracing.es5.min.js:1
[  702006ms] [LOG] Lenis @ https://browser.sentry-cdn.com/7.120.3/bundle.tracing.es5.min.js:1
[  702022ms] [LOG] Lenis @ https://browser.sentry-cdn.com/7.120.3/bundle.tracing.es5.min.js:1
[  702039ms] [LOG] Lenis @ https://browser.sentry-cdn.com/7.120.3/bundle.tracing.es5.min.js:1
[  702055ms] [LOG] Lenis @ https://browser.sentry-cdn.com/7.120.3/bundle.tracing.es5.min.js:1
[  702072ms] [LOG] Lenis @ https://browser.sentry-cdn.com/7.120.3/bundle.tracing.es5.min.js:1
[  702089ms] [LOG] Lenis @ https://browser.sentry-cdn.com/7.120.3/bundle.tracing.es5.min.js:1
[  702105ms] [LOG] Lenis @ https://browser.sentry-cdn.com/7.120.3/bundle.tracing.es5.min.js:1
[  702122ms] [LOG] Lenis @ https://browser.sentry-cdn.com/7.120.3/bundle.tracing.es5.min.js:1
[  702139ms] [LOG] Lenis @ https://browser.sentry-cdn.com/7.120.3/bundle.tracing.es5.min.js:1
[  702155ms] [LOG] Lenis @ https://browser.sentry-cdn.com/7.120.3/bundle.tracing.es5.min.js:1
[  702172ms] [LOG] Lenis @ https://browser.sentry-cdn.com/7.120.3/bundle.tracing.es5.min.js:1
[  702189ms] [LOG] Lenis @ https://browser.sentry-cdn.com/7.120.3/bundle.tracing.es5.min.js:1
[  702206ms] [LOG] Lenis @ https://browser.sentry-cdn.com/7.120.3/bundle.tracing.es5.min.js:1
[  702222ms] [LOG] Lenis @ https://browser.sentry-cdn.com/7.120.3/bundle.tracing.es5.min.js:1
[  702238ms] [LOG] Lenis @ https://browser.sentry-cdn.com/7.120.3/bundle.tracing.es5.min.js:1
[  702256ms] [LOG] Lenis @ https://browser.sentry-cdn.com/7.120.3/bundle.tracing.es5.min.js:1
[  702272ms] [LOG] Lenis @ https://browser.sentry-cdn.com/7.120.3/bundle.tracing.es5.min.js:1
[  702289ms] [LOG] Lenis @ https://browser.sentry-cdn.com/7.120.3/bundle.tracing.es5.min.js:1
[  702305ms] [LOG] Lenis @ https://browser.sentry-cdn.com/7.120.3/bundle.tracing.es5.min.js:1
[  702323ms] [LOG] Lenis @ https://browser.sentry-cdn.com/7.120.3/bundle.tracing.es5.min.js:1
[  702339ms] [LOG] Lenis @ https://browser.sentry-cdn.com/7.120.3/bundle.tracing.es5.min.js:1
[  702357ms] [LOG] Lenis @ https://browser.sentry-cdn.com/7.120.3/bundle.tracing.es5.min.js:1
[  702372ms] [LOG] Lenis @ https://browser.sentry-cdn.com/7.120.3/bundle.tracing.es5.min.js:1
[  702388ms] [LOG] Lenis @ https://browser.sentry-cdn.com/7.120.3/bundle.tracing.es5.min.js:1
[  702406ms] [LOG] Lenis @ https://browser.sentry-cdn.com/7.120.3/bundle.tracing.es5.min.js:1
[  702422ms] [LOG] Lenis @ https://browser.sentry-cdn.com/7.120.3/bundle.tracing.es5.min.js:1
[  702439ms] [LOG] Lenis @ https://browser.sentry-cdn.com/7.120.3/bundle.tracing.es5.min.js:1
[  702456ms] [LOG] Lenis @ https://browser.sentry-cdn.com/7.120.3/bundle.tracing.es5.min.js:1
[  702472ms] [LOG] Lenis @ https://browser.sentry-cdn.com/7.120.3/bundle.tracing.es5.min.js:1
[  702489ms] [LOG] Lenis @ https://browser.sentry-cdn.com/7.120.3/bundle.tracing.es5.min.js:1
[  702506ms] [LOG] Lenis @ https://browser.sentry-cdn.com/7.120.3/bundle.tracing.es5.min.js:1
[  702522ms] [LOG] Lenis @ https://browser.sentry-cdn.com/7.120.3/bundle.tracing.es5.min.js:1
[  702539ms] [LOG] Lenis @ https://browser.sentry-cdn.com/7.120.3/bundle.tracing.es5.min.js:1
[  702555ms] [LOG] Lenis @ https://browser.sentry-cdn.com/7.120.3/bundle.tracing.es5.min.js:1
[  702572ms] [LOG] Lenis @ https://browser.sentry-cdn.com/7.120.3/bundle.tracing.es5.min.js:1
[  702589ms] [LOG] Lenis @ https://browser.sentry-cdn.com/7.120.3/bundle.tracing.es5.min.js:1
[  702606ms] [LOG] Lenis @ https://browser.sentry-cdn.com/7.120.3/bundle.tracing.es5.min.js:1
[  702622ms] [LOG] Lenis @ https://browser.sentry-cdn.com/7.120.3/bundle.tracing.es5.min.js:1
[  702638ms] [LOG] Lenis @ https://browser.sentry-cdn.com/7.120.3/bundle.tracing.es5.min.js:1
[  702654ms] [LOG] Lenis @ https://browser.sentry-cdn.com/7.120.3/bundle.tracing.es5.min.js:1
[  702672ms] [LOG] Lenis @ https://browser.sentry-cdn.com/7.120.3/bundle.tracing.es5.min.js:1
[  702688ms] [LOG] Lenis @ https://browser.sentry-cdn.com/7.120.3/bundle.tracing.es5.min.js:1
[  702707ms] [LOG] Lenis @ https://browser.sentry-cdn.com/7.120.3/bundle.tracing.es5.min.js:1
[  702722ms] [LOG] Lenis @ https://browser.sentry-cdn.com/7.120.3/bundle.tracing.es5.min.js:1
[  702738ms] [LOG] Lenis @ https://browser.sentry-cdn.com/7.120.3/bundle.tracing.es5.min.js:1
[  702755ms] [LOG] Lenis @ https://browser.sentry-cdn.com/7.120.3/bundle.tracing.es5.min.js:1
[  702772ms] [LOG] Lenis @ https://browser.sentry-cdn.com/7.120.3/bundle.tracing.es5.min.js:1
[  702788ms] [LOG] Lenis @ https://browser.sentry-cdn.com/7.120.3/bundle.tracing.es5.min.js:1
[  702803ms] [LOG] Lenis @ https://browser.sentry-cdn.com/7.120.3/bundle.tracing.es5.min.js:1
[  702821ms] [LOG] Lenis @ https://browser.sentry-cdn.com/7.120.3/bundle.tracing.es5.min.js:1
[  702837ms] [LOG] Lenis @ https://browser.sentry-cdn.com/7.120.3/bundle.tracing.es5.min.js:1
[  702854ms] [LOG] Lenis @ https://browser.sentry-cdn.com/7.120.3/bundle.tracing.es5.min.js:1
[  702870ms] [LOG] Lenis @ https://browser.sentry-cdn.com/7.120.3/bundle.tracing.es5.min.js:1
[  702887ms] [LOG] Lenis @ https://browser.sentry-cdn.com/7.120.3/bundle.tracing.es5.min.js:1
[  702903ms] [LOG] Lenis @ https://browser.sentry-cdn.com/7.120.3/bundle.tracing.es5.min.js:1
[  702920ms] [LOG] Lenis @ https://browser.sentry-cdn.com/7.120.3/bundle.tracing.es5.min.js:1
[  702936ms] [LOG] Lenis @ https://browser.sentry-cdn.com/7.120.3/bundle.tracing.es5.min.js:1
[  702958ms] [LOG] Lenis @ https://browser.sentry-cdn.com/7.120.3/bundle.tracing.es5.min.js:1
[  702971ms] [LOG] Lenis @ https://browser.sentry-cdn.com/7.120.3/bundle.tracing.es5.min.js:1
[  702987ms] [LOG] Lenis @ https://browser.sentry-cdn.com/7.120.3/bundle.tracing.es5.min.js:1
[  703004ms] [LOG] Lenis @ https://browser.sentry-cdn.com/7.120.3/bundle.tracing.es5.min.js:1
[  703021ms] [LOG] Lenis @ https://browser.sentry-cdn.com/7.120.3/bundle.tracing.es5.min.js:1
[  703037ms] [LOG] Lenis @ https://browser.sentry-cdn.com/7.120.3/bundle.tracing.es5.min.js:1
[  703054ms] [LOG] Lenis @ https://browser.sentry-cdn.com/7.120.3/bundle.tracing.es5.min.js:1
[  703070ms] [LOG] Lenis @ https://browser.sentry-cdn.com/7.120.3/bundle.tracing.es5.min.js:1
[  703090ms] [LOG] Lenis @ https://browser.sentry-cdn.com/7.120.3/bundle.tracing.es5.min.js:1
[  703104ms] [LOG] Lenis @ https://browser.sentry-cdn.com/7.120.3/bundle.tracing.es5.min.js:1
[  703120ms] [LOG] Lenis @ https://browser.sentry-cdn.com/7.120.3/bundle.tracing.es5.min.js:1
[  703136ms] [LOG] Lenis @ https://browser.sentry-cdn.com/7.120.3/bundle.tracing.es5.min.js:1
[  703153ms] [LOG] Lenis @ https://browser.sentry-cdn.com/7.120.3/bundle.tracing.es5.min.js:1
[  703171ms] [LOG] Lenis @ https://browser.sentry-cdn.com/7.120.3/bundle.tracing.es5.min.js:1
[  703186ms] [LOG] Lenis @ https://browser.sentry-cdn.com/7.120.3/bundle.tracing.es5.min.js:1
[  703203ms] [LOG] Lenis @ https://browser.sentry-cdn.com/7.120.3/bundle.tracing.es5.min.js:1
[  703221ms] [LOG] Lenis @ https://browser.sentry-cdn.com/7.120.3/bundle.tracing.es5.min.js:1
[  703236ms] [LOG] Lenis @ https://browser.sentry-cdn.com/7.120.3/bundle.tracing.es5.min.js:1
[  703253ms] [LOG] Lenis @ https://browser.sentry-cdn.com/7.120.3/bundle.tracing.es5.min.js:1
[  703270ms] [LOG] Lenis @ https://browser.sentry-cdn.com/7.120.3/bundle.tracing.es5.min.js:1
[  703286ms] [LOG] Lenis @ https://browser.sentry-cdn.com/7.120.3/bundle.tracing.es5.min.js:1
[  703303ms] [LOG] Lenis @ https://browser.sentry-cdn.com/7.120.3/bundle.tracing.es5.min.js:1
[  703319ms] [LOG] Lenis @ https://browser.sentry-cdn.com/7.120.3/bundle.tracing.es5.min.js:1
[  703336ms] [LOG] Lenis @ https://browser.sentry-cdn.com/7.120.3/bundle.tracing.es5.min.js:1
[  703353ms] [LOG] Lenis @ https://browser.sentry-cdn.com/7.120.3/bundle.tracing.es5.min.js:1
[  703370ms] [LOG] Lenis @ https://browser.sentry-cdn.com/7.120.3/bundle.tracing.es5.min.js:1
[  703388ms] [LOG] Lenis @ https://browser.sentry-cdn.com/7.120.3/bundle.tracing.es5.min.js:1
[  705721ms] [WARNING] The resource https://siteassets.parastorage.com/pages/pages/thunderbolt?appDefinitionIdToSiteRevision=%7B%2214271d6f-ba62-d045-549b-ab972ae1f70e%22%3A%2225%22%2C%2213d21c63-b5ec-5912-8397-c3a5ddb27a97%22%3A%22440%22%2C%2214bcded7-0066-7c35-14d7-466cb3f09103%22%3A%221335%22%2C%227479d596-137c-4fa3-89cd-d7091042ba61%22%3A%22132%22%7D&beckyExperiments=.DatePickerPortal%2C.EnableCustomCSSVarsForLoginSocialBar%2C.FreemiumBannerOdeditor%2C.LoginBarEnableLoggingInStateInSSR%2C.TextInputAutoFillFix%2C.UseLoginSocialBarCustomMenu%2C.UseNestedLoginSocialBarMenuItems%2C.UseNewLoginBarDropdownMenuAlignment%2C.UseNewLoginSocialBarElementStructure%2C.UseNewLoginSocialBarMemberInitialsAvatar%2C.WixFreeSiteBannerDesktop%2C.WixFreeSiteBannerMobile%2C.addIdAsClassName%2C.buttonUdp%2C.calculateCollapsibleTextLineHeightByFont%2C.dynamicSlots%2C.fiveGridLineStudioSkins%2C.fixFirefoxLinkBarIntrinsicSizing%2C.isClassNameToRootEnabled%2C.migrateSdkDataMappers%2C.svgResolver_2%2C.updateRichTextSemanticClassNamesOnCorvid%2C.useClassnameInResponsiveAppWidget%2C.useImageAvifFormatInNativeProGallery&blocksBuilderManifestGeneratorVersion=1.129.0&coBrandingBanner=true&commonConfig=%7B%22siteRevision%22%3A%224%22%2C%22branchId%22%3A%226f2e66e0-1252-40aa-aa6f-45152de64372%22%7D&contentType=application%2Fjson&dfCk=6&dfVersion=1.5419.0&editorName=Studio&experiments=dm_bgScrubToMotionFixer%2Cdm_masterPageVariablesQueryFixer%2Cdm_migrateOldHoverBoxToNewFixer&externalBaseUrl=https%3A%2F%2Fwww.krest.dental&fileId=517f8547.bundle.min&formFactor=desktop&hasTPAWorkerOnSite=false&hasUserDomainMedia=false&isBuilderComponentModel=false&isHttps=true&isInSeo=false&isPremiumDomain=true&isResponsive=true&isUrlMigrated=true&isWixCodeOnPage=false&isWixCodeOnSite=false&language=en&metaSiteId=25d28462-d4df-4be6-9711-91e275dfccca&module=thunderbolt-platform&originalLanguage=en&pageId=2139b1_bff95e801390d793436bef24a5576d3f_2.json&pilerExperiments=specs.piler.useEditorReactComponents&quickActionsMenuEnabled=false&registryLibrariesTopology=%5B%7B%22artifactId%22%3A%22editor-elements%22%2C%22namespace%22%3A%22wixui%22%2C%22url%22%3A%22https%3A%2F%2Fstatic.parastorage.com%2Fservices%2Feditor-elements%2F1.15171.0%22%7D%2C%7B%22artifactId%22%3A%22editor-elements%22%2C%22namespace%22%3A%22dsgnsys%22%2C%22url%22%3A%22https%3A%2F%2Fstatic.parastorage.com%2Fservices%2Feditor-elements%2F1.15171.0%22%7D%5D&remoteWidgetStructureBuilderVersion=1.251.0&siteId=f962fb4e-ef42-4922-af81-f7c2f8294339&siteRevision=4&staticHTMLComponentUrl=https%3A%2F%2Fwww-krest-dental.filesusr.com%2F&viewMode=desktop was preloaded using link preload but not used within a few seconds from the window's load event. Please make sure it has an appropriate `as` value and it is preloaded intentionally. @ https://www.krest.dental/drsuneeta:0
