[   11116ms] [WARNING] The resource https://siteassets.parastorage.com/pages/pages/thunderbolt?appDefinitionIdToSiteRevision=%7B%2214271d6f-ba62-d045-549b-ab972ae1f70e%22%3A%2225%22%2C%2213d21c63-b5ec-5912-8397-c3a5ddb27a97%22%3A%22440%22%2C%2214bcded7-0066-7c35-14d7-466cb3f09103%22%3A%221335%22%2C%227479d596-137c-4fa3-89cd-d7091042ba61%22%3A%22132%22%7D&beckyExperiments=.DatePickerPortal%2C.EnableCustomCSSVarsForLoginSocialBar%2C.FreemiumBannerOdeditor%2C.LoginBarEnableLoggingInStateInSSR%2C.TextInputAutoFillFix%2C.UseLoginSocialBarCustomMenu%2C.UseNewLoginBarDropdownMenuAlignment%2C.UseNewLoginSocialBarElementStructure%2C.UseNewLoginSocialBarMemberInitialsAvatar%2C.WixFreeSiteBannerDesktop%2C.WixFreeSiteBannerMobile%2C.addIdAsClassName%2C.buttonUdp%2C.calculateCollapsibleTextLineHeightByFont%2C.disableBuilderWixComponents%2C.dynamicSlots%2C.fiveGridLineStudioSkins%2C.isClassNameToRootEnabled%2C.svgResolver_2%2C.updateRichTextSemanticClassNamesOnCorvid%2C.useClassnameInResponsiveAppWidget%2C.useImageAvifFormatInNativeProGallery%2C.useWowImageInFastGallery&blocksBuilderManifestGeneratorVersion=1.129.0&coBrandingBanner=true&contentType=application%2Fjson&dfCk=6&dfVersion=1.5374.0&editorName=Studio&experiments=dm_bgScrubToMotionFixer%2Cdm_masterPageVariablesQueryFixer%2Cdm_migrateOldHoverBoxToNewFixer&externalBaseUrl=https%3A%2F%2Fwww.krest.dental&fileId=f7cb387b.bundle.min&formFactor=desktop&hasTPAWorkerOnSite=false&hasUserDomainMedia=false&isBuilderComponentModel=false&isHttps=true&isInSeo=false&isPremiumDomain=true&isResponsive=true&isUrlMigrated=true&isWixCodeOnPage=false&isWixCodeOnSite=false&language=en&metaSiteId=25d28462-d4df-4be6-9711-91e275dfccca&module=thunderbolt-platform&originalLanguage=en&pageId=2139b1_d2074d5b6841e676a939cdc051adb183_454.json&pilerExperiments=specs.piler.useEditorReactComponents&quickActionsMenuEnabled=false&registryLibrariesTopology=%5B%7B%22artifactId%22%3A%22editor-elements%22%2C%22namespace%22%3A%22wixui%22%2C%22url%22%3A%22https%3A%2F%2Fstatic.parastorage.com%2Fservices%2Feditor-elements%2F1.15087.0%22%7D%2C%7B%22artifactId%22%3A%22editor-elements%22%2C%22namespace%22%3A%22dsgnsys%22%2C%22url%22%3A%22https%3A%2F%2Fstatic.parastorage.com%2Fservices%2Feditor-elements%2F1.15087.0%22%7D%5D&remoteWidgetStructureBuilderVersion=1.251.0&siteId=f962fb4e-ef42-4922-af81-f7c2f8294339&siteRevision=461&staticHTMLComponentUrl=https%3A%2F%2Fwww-krest-dental.filesusr.com%2F&viewMode=desktop was preloaded using link preload but not used within a few seconds from the window's load event. Please make sure it has an appropriate `as` value and it is preloaded intentionally. @ https://www.krest.dental/:0
[   25395ms] [WARNING] The resource https://siteassets.parastorage.com/pages/pages/thunderbolt?appDefinitionIdToSiteRevision=%7B%2214271d6f-ba62-d045-549b-ab972ae1f70e%22%3A%2225%22%2C%2213d21c63-b5ec-5912-8397-c3a5ddb27a97%22%3A%22440%22%2C%2214bcded7-0066-7c35-14d7-466cb3f09103%22%3A%221335%22%2C%227479d596-137c-4fa3-89cd-d7091042ba61%22%3A%22132%22%7D&beckyExperiments=.DatePickerPortal%2C.EnableCustomCSSVarsForLoginSocialBar%2C.FreemiumBannerOdeditor%2C.LoginBarEnableLoggingInStateInSSR%2C.TextInputAutoFillFix%2C.UseLoginSocialBarCustomMenu%2C.UseNewLoginBarDropdownMenuAlignment%2C.UseNewLoginSocialBarElementStructure%2C.UseNewLoginSocialBarMemberInitialsAvatar%2C.WixFreeSiteBannerDesktop%2C.WixFreeSiteBannerMobile%2C.addIdAsClassName%2C.buttonUdp%2C.calculateCollapsibleTextLineHeightByFont%2C.disableBuilderWixComponents%2C.dynamicSlots%2C.fiveGridLineStudioSkins%2C.isClassNameToRootEnabled%2C.svgResolver_2%2C.updateRichTextSemanticClassNamesOnCorvid%2C.useClassnameInResponsiveAppWidget%2C.useImageAvifFormatInNativeProGallery%2C.useWowImageInFastGallery&blocksBuilderManifestGeneratorVersion=1.129.0&coBrandingBanner=true&contentType=application%2Fjson&dfCk=6&dfVersion=1.5374.0&editorName=Studio&experiments=dm_bgScrubToMotionFixer%2Cdm_masterPageVariablesQueryFixer%2Cdm_migrateOldHoverBoxToNewFixer&externalBaseUrl=https%3A%2F%2Fwww.krest.dental&fileId=f7cb387b.bundle.min&formFactor=desktop&hasTPAWorkerOnSite=false&hasUserDomainMedia=false&isBuilderComponentModel=false&isHttps=true&isInSeo=false&isPremiumDomain=true&isResponsive=true&isUrlMigrated=true&isWixCodeOnPage=false&isWixCodeOnSite=false&language=en&metaSiteId=25d28462-d4df-4be6-9711-91e275dfccca&module=thunderbolt-platform&originalLanguage=en&pageId=2139b1_d2074d5b6841e676a939cdc051adb183_454.json&pilerExperiments=specs.piler.useEditorReactComponents&quickActionsMenuEnabled=false&registryLibrariesTopology=%5B%7B%22artifactId%22%3A%22editor-elements%22%2C%22namespace%22%3A%22wixui%22%2C%22url%22%3A%22https%3A%2F%2Fstatic.parastorage.com%2Fservices%2Feditor-elements%2F1.15087.0%22%7D%2C%7B%22artifactId%22%3A%22editor-elements%22%2C%22namespace%22%3A%22dsgnsys%22%2C%22url%22%3A%22https%3A%2F%2Fstatic.parastorage.com%2Fservices%2Feditor-elements%2F1.15087.0%22%7D%5D&remoteWidgetStructureBuilderVersion=1.251.0&siteId=f962fb4e-ef42-4922-af81-f7c2f8294339&siteRevision=461&staticHTMLComponentUrl=https%3A%2F%2Fwww-krest-dental.filesusr.com%2F&viewMode=desktop was preloaded using link preload but not used within a few seconds from the window's load event. Please make sure it has an appropriate `as` value and it is preloaded intentionally. @ https://www.krest.dental/:0
[   35440ms] [WARNING] The resource https://siteassets.parastorage.com/pages/pages/thunderbolt?appDefinitionIdToSiteRevision=%7B%2214271d6f-ba62-d045-549b-ab972ae1f70e%22%3A%2225%22%2C%2213d21c63-b5ec-5912-8397-c3a5ddb27a97%22%3A%22440%22%2C%2214bcded7-0066-7c35-14d7-466cb3f09103%22%3A%221335%22%2C%227479d596-137c-4fa3-89cd-d7091042ba61%22%3A%22132%22%7D&beckyExperiments=.DatePickerPortal%2C.EnableCustomCSSVarsForLoginSocialBar%2C.FreemiumBannerOdeditor%2C.LoginBarEnableLoggingInStateInSSR%2C.TextInputAutoFillFix%2C.UseLoginSocialBarCustomMenu%2C.UseNewLoginBarDropdownMenuAlignment%2C.UseNewLoginSocialBarElementStructure%2C.UseNewLoginSocialBarMemberInitialsAvatar%2C.WixFreeSiteBannerDesktop%2C.WixFreeSiteBannerMobile%2C.addIdAsClassName%2C.buttonUdp%2C.calculateCollapsibleTextLineHeightByFont%2C.disableBuilderWixComponents%2C.dynamicSlots%2C.fiveGridLineStudioSkins%2C.isClassNameToRootEnabled%2C.svgResolver_2%2C.updateRichTextSemanticClassNamesOnCorvid%2C.useClassnameInResponsiveAppWidget%2C.useImageAvifFormatInNativeProGallery%2C.useWowImageInFastGallery&blocksBuilderManifestGeneratorVersion=1.129.0&coBrandingBanner=true&contentType=application%2Fjson&dfCk=6&dfVersion=1.5374.0&editorName=Studio&experiments=dm_bgScrubToMotionFixer%2Cdm_masterPageVariablesQueryFixer%2Cdm_migrateOldHoverBoxToNewFixer&externalBaseUrl=https%3A%2F%2Fwww.krest.dental&fileId=f7cb387b.bundle.min&formFactor=desktop&hasTPAWorkerOnSite=false&hasUserDomainMedia=false&isBuilderComponentModel=false&isHttps=true&isInSeo=false&isPremiumDomain=true&isResponsive=true&isUrlMigrated=true&isWixCodeOnPage=false&isWixCodeOnSite=false&language=en&metaSiteId=25d28462-d4df-4be6-9711-91e275dfccca&module=thunderbolt-platform&originalLanguage=en&pageId=2139b1_d2074d5b6841e676a939cdc051adb183_454.json&pilerExperiments=specs.piler.useEditorReactComponents&quickActionsMenuEnabled=false&registryLibrariesTopology=%5B%7B%22artifactId%22%3A%22editor-elements%22%2C%22namespace%22%3A%22wixui%22%2C%22url%22%3A%22https%3A%2F%2Fstatic.parastorage.com%2Fservices%2Feditor-elements%2F1.15087.0%22%7D%2C%7B%22artifactId%22%3A%22editor-elements%22%2C%22namespace%22%3A%22dsgnsys%22%2C%22url%22%3A%22https%3A%2F%2Fstatic.parastorage.com%2Fservices%2Feditor-elements%2F1.15087.0%22%7D%5D&remoteWidgetStructureBuilderVersion=1.251.0&siteId=f962fb4e-ef42-4922-af81-f7c2f8294339&siteRevision=461&staticHTMLComponentUrl=https%3A%2F%2Fwww-krest-dental.filesusr.com%2F&viewMode=desktop was preloaded using link preload but not used within a few seconds from the window's load event. Please make sure it has an appropriate `as` value and it is preloaded intentionally. @ https://www.krest.dental/:0
[   68448ms] [WARNING] The resource https://siteassets.parastorage.com/pages/pages/thunderbolt?appDefinitionIdToSiteRevision=%7B%2214271d6f-ba62-d045-549b-ab972ae1f70e%22%3A%2225%22%2C%2213d21c63-b5ec-5912-8397-c3a5ddb27a97%22%3A%22440%22%2C%2214bcded7-0066-7c35-14d7-466cb3f09103%22%3A%221335%22%2C%227479d596-137c-4fa3-89cd-d7091042ba61%22%3A%22132%22%7D&beckyExperiments=.DatePickerPortal%2C.EnableCustomCSSVarsForLoginSocialBar%2C.FreemiumBannerOdeditor%2C.LoginBarEnableLoggingInStateInSSR%2C.TextInputAutoFillFix%2C.UseLoginSocialBarCustomMenu%2C.UseNewLoginBarDropdownMenuAlignment%2C.UseNewLoginSocialBarElementStructure%2C.UseNewLoginSocialBarMemberInitialsAvatar%2C.WixFreeSiteBannerDesktop%2C.WixFreeSiteBannerMobile%2C.addIdAsClassName%2C.buttonUdp%2C.calculateCollapsibleTextLineHeightByFont%2C.disableBuilderWixComponents%2C.dynamicSlots%2C.fiveGridLineStudioSkins%2C.isClassNameToRootEnabled%2C.svgResolver_2%2C.updateRichTextSemanticClassNamesOnCorvid%2C.useClassnameInResponsiveAppWidget%2C.useImageAvifFormatInNativeProGallery%2C.useWowImageInFastGallery&blocksBuilderManifestGeneratorVersion=1.129.0&coBrandingBanner=true&contentType=application%2Fjson&dfCk=6&dfVersion=1.5374.0&editorName=Studio&experiments=dm_bgScrubToMotionFixer%2Cdm_masterPageVariablesQueryFixer%2Cdm_migrateOldHoverBoxToNewFixer&externalBaseUrl=https%3A%2F%2Fwww.krest.dental&fileId=f7cb387b.bundle.min&formFactor=desktop&hasTPAWorkerOnSite=false&hasUserDomainMedia=false&isBuilderComponentModel=false&isHttps=true&isInSeo=false&isPremiumDomain=true&isResponsive=true&isUrlMigrated=true&isWixCodeOnPage=false&isWixCodeOnSite=false&language=en&metaSiteId=25d28462-d4df-4be6-9711-91e275dfccca&module=thunderbolt-platform&originalLanguage=en&pageId=2139b1_d2074d5b6841e676a939cdc051adb183_454.json&pilerExperiments=specs.piler.useEditorReactComponents&quickActionsMenuEnabled=false&registryLibrariesTopology=%5B%7B%22artifactId%22%3A%22editor-elements%22%2C%22namespace%22%3A%22wixui%22%2C%22url%22%3A%22https%3A%2F%2Fstatic.parastorage.com%2Fservices%2Feditor-elements%2F1.15087.0%22%7D%2C%7B%22artifactId%22%3A%22editor-elements%22%2C%22namespace%22%3A%22dsgnsys%22%2C%22url%22%3A%22https%3A%2F%2Fstatic.parastorage.com%2Fservices%2Feditor-elements%2F1.15087.0%22%7D%5D&remoteWidgetStructureBuilderVersion=1.251.0&siteId=f962fb4e-ef42-4922-af81-f7c2f8294339&siteRevision=461&staticHTMLComponentUrl=https%3A%2F%2Fwww-krest-dental.filesusr.com%2F&viewMode=desktop was preloaded using link preload but not used within a few seconds from the window's load event. Please make sure it has an appropriate `as` value and it is preloaded intentionally. @ https://www.krest.dental/:0
[   81023ms] [LOG] Lenis @ https://www.krest.dental/:191
[   81045ms] [LOG] Lenis @ https://www.krest.dental/:191
[   81162ms] [LOG] Lenis @ https://www.krest.dental/:191
[   81176ms] [LOG] Lenis @ https://www.krest.dental/:191
[   81193ms] [LOG] Lenis @ https://www.krest.dental/:191
[   81208ms] [LOG] Lenis @ https://www.krest.dental/:191
[   81284ms] [LOG] Lenis @ https://www.krest.dental/:191
[   81290ms] [LOG] Lenis @ https://www.krest.dental/:191
[   81303ms] [LOG] Lenis @ https://www.krest.dental/:191
[   81320ms] [LOG] Lenis @ https://www.krest.dental/:191
[   81337ms] [LOG] Lenis @ https://www.krest.dental/:191
[   81375ms] [LOG] Lenis @ https://www.krest.dental/:191
[   81380ms] [LOG] Lenis @ https://www.krest.dental/:191
[   81389ms] [LOG] Lenis @ https://www.krest.dental/:191
[   81403ms] [LOG] Lenis @ https://www.krest.dental/:191
[   81421ms] [LOG] Lenis @ https://www.krest.dental/:191
[   81437ms] [LOG] Lenis @ https://www.krest.dental/:191
[   81474ms] [LOG] Lenis @ https://www.krest.dental/:191
[   81477ms] [LOG] Lenis @ https://www.krest.dental/:191
[   81488ms] [LOG] Lenis @ https://www.krest.dental/:191
[   81503ms] [LOG] Lenis @ https://www.krest.dental/:191
[   81521ms] [LOG] Lenis @ https://www.krest.dental/:191
[   81536ms] [LOG] Lenis @ https://www.krest.dental/:191
[   81555ms] [LOG] Lenis @ https://www.krest.dental/:191
[   81570ms] [LOG] Lenis @ https://www.krest.dental/:191
[   81589ms] [LOG] Lenis @ https://www.krest.dental/:191
[   81606ms] [LOG] Lenis @ https://www.krest.dental/:191
[   81622ms] [LOG] Lenis @ https://www.krest.dental/:191
[   81640ms] [LOG] Lenis @ https://www.krest.dental/:191
[   81701ms] [LOG] Lenis @ https://www.krest.dental/:191
[   81713ms] [LOG] Lenis @ https://www.krest.dental/:191
[   81723ms] [LOG] Lenis @ https://www.krest.dental/:191
[   81739ms] [LOG] Lenis @ https://www.krest.dental/:191
[   81761ms] [LOG] Lenis @ https://www.krest.dental/:191
[   81774ms] [LOG] Lenis @ https://www.krest.dental/:191
[   81825ms] [LOG] Lenis @ https://www.krest.dental/:191
[   81834ms] [LOG] Lenis @ https://www.krest.dental/:191
[   81855ms] [LOG] Lenis @ https://www.krest.dental/:191
[   81871ms] [LOG] Lenis @ https://www.krest.dental/:191
[   81931ms] [LOG] Lenis @ https://www.krest.dental/:191
[   81935ms] [LOG] Lenis @ https://www.krest.dental/:191
[   81955ms] [LOG] Lenis @ https://www.krest.dental/:191
[   81971ms] [LOG] Lenis @ https://www.krest.dental/:191
[   82023ms] [LOG] Lenis @ https://www.krest.dental/:191
[   82026ms] [LOG] Lenis @ https://www.krest.dental/:191
[   82037ms] [LOG] Lenis @ https://www.krest.dental/:191
[   82053ms] [LOG] Lenis @ https://www.krest.dental/:191
[   82070ms] [LOG] Lenis @ https://www.krest.dental/:191
[   82089ms] [LOG] Lenis @ https://www.krest.dental/:191
[   82171ms] [LOG] Lenis @ https://www.krest.dental/:191
[   82178ms] [LOG] Lenis @ https://www.krest.dental/:191
[   82193ms] [LOG] Lenis @ https://www.krest.dental/:191
[   82206ms] [LOG] Lenis @ https://www.krest.dental/:191
[   82223ms] [LOG] Lenis @ https://www.krest.dental/:191
[   82298ms] [LOG] Lenis @ https://www.krest.dental/:191
[   82308ms] [LOG] Lenis @ https://www.krest.dental/:191
[   82324ms] [LOG] Lenis @ https://www.krest.dental/:191
[   82339ms] [LOG] Lenis @ https://www.krest.dental/:191
[   82357ms] [LOG] Lenis @ https://www.krest.dental/:191
[   82428ms] [LOG] Lenis @ https://www.krest.dental/:191
[   82435ms] [LOG] Lenis @ https://www.krest.dental/:191
[   82442ms] [LOG] Lenis @ https://www.krest.dental/:191
[   82455ms] [LOG] Lenis @ https://www.krest.dental/:191
[   82473ms] [LOG] Lenis @ https://www.krest.dental/:191
[   82489ms] [LOG] Lenis @ https://www.krest.dental/:191
[   82514ms] [LOG] Lenis @ https://www.krest.dental/:191
[   82520ms] [LOG] Lenis @ https://www.krest.dental/:191
[   82537ms] [LOG] Lenis @ https://www.krest.dental/:191
[   82553ms] [LOG] Lenis @ https://www.krest.dental/:191
[   82570ms] [LOG] Lenis @ https://www.krest.dental/:191
[   82588ms] [LOG] Lenis @ https://www.krest.dental/:191
[   82644ms] [LOG] Lenis @ https://www.krest.dental/:191
[   82649ms] [LOG] Lenis @ https://www.krest.dental/:191
[   82655ms] [LOG] Lenis @ https://www.krest.dental/:191
[   82672ms] [LOG] Lenis @ https://www.krest.dental/:191
[   82689ms] [LOG] Lenis @ https://www.krest.dental/:191
[   82757ms] [LOG] Lenis @ https://www.krest.dental/:191
[   82763ms] [LOG] Lenis @ https://www.krest.dental/:191
[   82773ms] [LOG] Lenis @ https://www.krest.dental/:191
[   82790ms] [LOG] Lenis @ https://www.krest.dental/:191
[   82806ms] [LOG] Lenis @ https://www.krest.dental/:191
[   82873ms] [LOG] Lenis @ https://www.krest.dental/:191
[   82879ms] [LOG] Lenis @ https://www.krest.dental/:191
[   82890ms] [LOG] Lenis @ https://www.krest.dental/:191
[   82905ms] [LOG] Lenis @ https://www.krest.dental/:191
[   82922ms] [LOG] Lenis @ https://www.krest.dental/:191
[   82993ms] [LOG] Lenis @ https://www.krest.dental/:191
[   82998ms] [LOG] Lenis @ https://www.krest.dental/:191
[   83005ms] [LOG] Lenis @ https://www.krest.dental/:191
[   83022ms] [LOG] Lenis @ https://www.krest.dental/:191
[   83039ms] [LOG] Lenis @ https://www.krest.dental/:191
[   83105ms] [LOG] Lenis @ https://www.krest.dental/:191
[   83110ms] [LOG] Lenis @ https://www.krest.dental/:191
[   83125ms] [LOG] Lenis @ https://www.krest.dental/:191
[   83139ms] [LOG] Lenis @ https://www.krest.dental/:191
[   83162ms] [LOG] Lenis @ https://www.krest.dental/:191
[   83239ms] [LOG] Lenis @ https://www.krest.dental/:191
[   83242ms] [LOG] Lenis @ https://www.krest.dental/:191
[   83252ms] [LOG] Lenis @ https://www.krest.dental/:191
[   83270ms] [LOG] Lenis @ https://www.krest.dental/:191
[   83286ms] [LOG] Lenis @ https://www.krest.dental/:191
[   83324ms] [LOG] Lenis @ https://www.krest.dental/:191
[   83327ms] [LOG] Lenis @ https://www.krest.dental/:191
[   83335ms] [LOG] Lenis @ https://www.krest.dental/:191
[   83353ms] [LOG] Lenis @ https://www.krest.dental/:191
[   83370ms] [LOG] Lenis @ https://www.krest.dental/:191
[   83386ms] [LOG] Lenis @ https://www.krest.dental/:191
[   83404ms] [LOG] Lenis @ https://www.krest.dental/:191
[   83459ms] [LOG] Lenis @ https://www.krest.dental/:191
[   83463ms] [LOG] Lenis @ https://www.krest.dental/:191
[   83472ms] [LOG] Lenis @ https://www.krest.dental/:191
[   83486ms] [LOG] Lenis @ https://www.krest.dental/:191
[   83508ms] [LOG] Lenis @ https://www.krest.dental/:191
[   83521ms] [LOG] Lenis @ https://www.krest.dental/:191
[   83599ms] [LOG] Lenis @ https://www.krest.dental/:191
[   84985ms] [WARNING] The resource https://siteassets.parastorage.com/pages/pages/thunderbolt?appDefinitionIdToSiteRevision=%7B%2214271d6f-ba62-d045-549b-ab972ae1f70e%22%3A%2225%22%2C%2213d21c63-b5ec-5912-8397-c3a5ddb27a97%22%3A%22440%22%2C%2214bcded7-0066-7c35-14d7-466cb3f09103%22%3A%221335%22%2C%227479d596-137c-4fa3-89cd-d7091042ba61%22%3A%22132%22%7D&beckyExperiments=.DatePickerPortal%2C.EnableCustomCSSVarsForLoginSocialBar%2C.FreemiumBannerOdeditor%2C.LoginBarEnableLoggingInStateInSSR%2C.TextInputAutoFillFix%2C.UseLoginSocialBarCustomMenu%2C.UseNewLoginBarDropdownMenuAlignment%2C.UseNewLoginSocialBarElementStructure%2C.UseNewLoginSocialBarMemberInitialsAvatar%2C.WixFreeSiteBannerDesktop%2C.WixFreeSiteBannerMobile%2C.addIdAsClassName%2C.buttonUdp%2C.calculateCollapsibleTextLineHeightByFont%2C.disableBuilderWixComponents%2C.dynamicSlots%2C.fiveGridLineStudioSkins%2C.isClassNameToRootEnabled%2C.svgResolver_2%2C.updateRichTextSemanticClassNamesOnCorvid%2C.useClassnameInResponsiveAppWidget%2C.useImageAvifFormatInNativeProGallery%2C.useWowImageInFastGallery&blocksBuilderManifestGeneratorVersion=1.129.0&coBrandingBanner=true&contentType=application%2Fjson&dfCk=6&dfVersion=1.5374.0&editorName=Studio&experiments=dm_bgScrubToMotionFixer%2Cdm_masterPageVariablesQueryFixer%2Cdm_migrateOldHoverBoxToNewFixer&externalBaseUrl=https%3A%2F%2Fwww.krest.dental&fileId=f7cb387b.bundle.min&formFactor=desktop&hasTPAWorkerOnSite=false&hasUserDomainMedia=false&isBuilderComponentModel=false&isHttps=true&isInSeo=false&isPremiumDomain=true&isResponsive=true&isUrlMigrated=true&isWixCodeOnPage=false&isWixCodeOnSite=false&language=en&metaSiteId=25d28462-d4df-4be6-9711-91e275dfccca&module=thunderbolt-platform&originalLanguage=en&pageId=2139b1_d2074d5b6841e676a939cdc051adb183_454.json&pilerExperiments=specs.piler.useEditorReactComponents&quickActionsMenuEnabled=false&registryLibrariesTopology=%5B%7B%22artifactId%22%3A%22editor-elements%22%2C%22namespace%22%3A%22wixui%22%2C%22url%22%3A%22https%3A%2F%2Fstatic.parastorage.com%2Fservices%2Feditor-elements%2F1.15087.0%22%7D%2C%7B%22artifactId%22%3A%22editor-elements%22%2C%22namespace%22%3A%22dsgnsys%22%2C%22url%22%3A%22https%3A%2F%2Fstatic.parastorage.com%2Fservices%2Feditor-elements%2F1.15087.0%22%7D%5D&remoteWidgetStructureBuilderVersion=1.251.0&siteId=f962fb4e-ef42-4922-af81-f7c2f8294339&siteRevision=461&staticHTMLComponentUrl=https%3A%2F%2Fwww-krest-dental.filesusr.com%2F&viewMode=desktop was preloaded using link preload but not used within a few seconds from the window's load event. Please make sure it has an appropriate `as` value and it is preloaded intentionally. @ https://www.krest.dental/:0
[  133657ms] [LOG] Lenis @ https://www.krest.dental/:191
[  133674ms] [LOG] Lenis @ https://www.krest.dental/:191
[  133693ms] [LOG] Lenis @ https://www.krest.dental/:191
[  133708ms] [LOG] Lenis @ https://www.krest.dental/:191
[  133724ms] [LOG] Lenis @ https://www.krest.dental/:191
[  133743ms] [LOG] Lenis @ https://www.krest.dental/:191
[  133801ms] [LOG] Lenis @ https://www.krest.dental/:191
[  133810ms] [LOG] Lenis @ https://www.krest.dental/:191
[  133826ms] [LOG] Lenis @ https://www.krest.dental/:191
[  133842ms] [LOG] Lenis @ https://www.krest.dental/:191
[  133859ms] [LOG] Lenis @ https://www.krest.dental/:191
[  133914ms] [LOG] Lenis @ https://www.krest.dental/:191
[  133918ms] [LOG] Lenis @ https://www.krest.dental/:191
[  133929ms] [LOG] Lenis @ https://www.krest.dental/:191
[  133941ms] [LOG] Lenis @ https://www.krest.dental/:191
[  133960ms] [LOG] Lenis @ https://www.krest.dental/:191
[  134018ms] [LOG] Lenis @ https://www.krest.dental/:191
[  134025ms] [LOG] Lenis @ https://www.krest.dental/:191
[  134043ms] [LOG] Lenis @ https://www.krest.dental/:191
[  134058ms] [LOG] Lenis @ https://www.krest.dental/:191
[  134123ms] [LOG] Lenis @ https://www.krest.dental/:191
[  134129ms] [LOG] Lenis @ https://www.krest.dental/:191
[  134140ms] [LOG] Lenis @ https://www.krest.dental/:191
[  134158ms] [LOG] Lenis @ https://www.krest.dental/:191
[  134179ms] [LOG] Lenis @ https://www.krest.dental/:191
[  134219ms] [LOG] Lenis @ https://www.krest.dental/:191
[  134224ms] [LOG] Lenis @ https://www.krest.dental/:191
[  134240ms] [LOG] Lenis @ https://www.krest.dental/:191
[  134257ms] [LOG] Lenis @ https://www.krest.dental/:191
[  134274ms] [LOG] Lenis @ https://www.krest.dental/:191
[  134310ms] [LOG] Lenis @ https://www.krest.dental/:191
[  134315ms] [LOG] Lenis @ https://www.krest.dental/:191
[  134323ms] [LOG] Lenis @ https://www.krest.dental/:191
[  134341ms] [LOG] Lenis @ https://www.krest.dental/:191
[  134357ms] [LOG] Lenis @ https://www.krest.dental/:191
[  134374ms] [LOG] Lenis @ https://www.krest.dental/:191
[  134410ms] [LOG] Lenis @ https://www.krest.dental/:191
[  134414ms] [LOG] Lenis @ https://www.krest.dental/:191
[  134433ms] [LOG] Lenis @ https://www.krest.dental/:191
[  134442ms] [LOG] Lenis @ https://www.krest.dental/:191
[  134458ms] [LOG] Lenis @ https://www.krest.dental/:191
[  134475ms] [LOG] Lenis @ https://www.krest.dental/:191
[  134493ms] [LOG] Lenis @ https://www.krest.dental/:191
[  134550ms] [LOG] Lenis @ https://www.krest.dental/:191
[  134559ms] [LOG] Lenis @ https://www.krest.dental/:191
[  134574ms] [LOG] Lenis @ https://www.krest.dental/:191
[  134590ms] [LOG] Lenis @ https://www.krest.dental/:191
[  134606ms] [LOG] Lenis @ https://www.krest.dental/:191
[  134634ms] [LOG] Lenis @ https://www.krest.dental/:191
[  134642ms] [LOG] Lenis @ https://www.krest.dental/:191
[  134657ms] [LOG] Lenis @ https://www.krest.dental/:191
[  134675ms] [LOG] Lenis @ https://www.krest.dental/:191
[  134691ms] [LOG] Lenis @ https://www.krest.dental/:191
[  134707ms] [LOG] Lenis @ https://www.krest.dental/:191
[  134748ms] [LOG] Lenis @ https://www.krest.dental/:191
[  134753ms] [LOG] Lenis @ https://www.krest.dental/:191
[  134774ms] [LOG] Lenis @ https://www.krest.dental/:191
[  134792ms] [LOG] Lenis @ https://www.krest.dental/:191
[  134808ms] [LOG] Lenis @ https://www.krest.dental/:191
[  134848ms] [LOG] Lenis @ https://www.krest.dental/:191
[  134857ms] [LOG] Lenis @ https://www.krest.dental/:191
[  134875ms] [LOG] Lenis @ https://www.krest.dental/:191
[  134890ms] [LOG] Lenis @ https://www.krest.dental/:191
[  134907ms] [LOG] Lenis @ https://www.krest.dental/:191
[  134923ms] [LOG] Lenis @ https://www.krest.dental/:191
[  134974ms] [LOG] Lenis @ https://www.krest.dental/:191
[  134983ms] [LOG] Lenis @ https://www.krest.dental/:191
[  134994ms] [LOG] Lenis @ https://www.krest.dental/:191
[  135006ms] [LOG] Lenis @ https://www.krest.dental/:191
[  135023ms] [LOG] Lenis @ https://www.krest.dental/:191
[  135061ms] [LOG] Lenis @ https://www.krest.dental/:191
[  135066ms] [LOG] Lenis @ https://www.krest.dental/:191
[  135075ms] [LOG] Lenis @ https://www.krest.dental/:191
[  135090ms] [LOG] Lenis @ https://www.krest.dental/:191
[  135106ms] [LOG] Lenis @ https://www.krest.dental/:191
[  135124ms] [LOG] Lenis @ https://www.krest.dental/:191
[  135153ms] [LOG] Lenis @ https://www.krest.dental/:191
[  135159ms] [LOG] Lenis @ https://www.krest.dental/:191
[  135173ms] [LOG] Lenis @ https://www.krest.dental/:191
[  135191ms] [LOG] Lenis @ https://www.krest.dental/:191
[  135206ms] [LOG] Lenis @ https://www.krest.dental/:191
[  135225ms] [LOG] Lenis @ https://www.krest.dental/:191
[  135269ms] [LOG] Lenis @ https://www.krest.dental/:191
[  135282ms] [LOG] Lenis @ https://www.krest.dental/:191
[  135292ms] [LOG] Lenis @ https://www.krest.dental/:191
[  135307ms] [LOG] Lenis @ https://www.krest.dental/:191
[  135324ms] [LOG] Lenis @ https://www.krest.dental/:191
[  135340ms] [LOG] Lenis @ https://www.krest.dental/:191
[  135382ms] [LOG] Lenis @ https://www.krest.dental/:191
[  135393ms] [LOG] Lenis @ https://www.krest.dental/:191
[  135407ms] [LOG] Lenis @ https://www.krest.dental/:191
[  135425ms] [LOG] Lenis @ https://www.krest.dental/:191
[  135440ms] [LOG] Lenis @ https://www.krest.dental/:191
[  135479ms] [LOG] Lenis @ https://www.krest.dental/:191
[  135490ms] [LOG] Lenis @ https://www.krest.dental/:191
[  135507ms] [LOG] Lenis @ https://www.krest.dental/:191
[  135523ms] [LOG] Lenis @ https://www.krest.dental/:191
[  135539ms] [LOG] Lenis @ https://www.krest.dental/:191
[  135570ms] [LOG] Lenis @ https://www.krest.dental/:191
[  135578ms] [LOG] Lenis @ https://www.krest.dental/:191
[  135591ms] [LOG] Lenis @ https://www.krest.dental/:191
[  135606ms] [LOG] Lenis @ https://www.krest.dental/:191
[  135622ms] [LOG] Lenis @ https://www.krest.dental/:191
[  135639ms] [LOG] Lenis @ https://www.krest.dental/:191
[  135662ms] [LOG] Lenis @ https://www.krest.dental/:191
[  135673ms] [LOG] Lenis @ https://www.krest.dental/:191
[  135691ms] [LOG] Lenis @ https://www.krest.dental/:191
[  135707ms] [LOG] Lenis @ https://www.krest.dental/:191
[  135723ms] [LOG] Lenis @ https://www.krest.dental/:191
[  135739ms] [LOG] Lenis @ https://www.krest.dental/:191
[  135762ms] [LOG] Lenis @ https://www.krest.dental/:191
[  135772ms] [LOG] Lenis @ https://www.krest.dental/:191
[  135789ms] [LOG] Lenis @ https://www.krest.dental/:191
[  135805ms] [LOG] Lenis @ https://www.krest.dental/:191
[  135822ms] [LOG] Lenis @ https://www.krest.dental/:191
[  135839ms] [LOG] Lenis @ https://www.krest.dental/:191
[  135855ms] [LOG] Lenis @ https://www.krest.dental/:191
[  135881ms] [LOG] Lenis @ https://www.krest.dental/:191
[  135889ms] [LOG] Lenis @ https://www.krest.dental/:191
[  135912ms] [LOG] Lenis @ https://www.krest.dental/:191
[  135924ms] [LOG] Lenis @ https://www.krest.dental/:191
[  135941ms] [LOG] Lenis @ https://www.krest.dental/:191
[  135957ms] [LOG] Lenis @ https://www.krest.dental/:191
[  136023ms] [LOG] Lenis @ https://www.krest.dental/:191
[  136029ms] [LOG] Lenis @ https://www.krest.dental/:191
[  136040ms] [LOG] Lenis @ https://www.krest.dental/:191
[  136058ms] [LOG] Lenis @ https://www.krest.dental/:191
[  136073ms] [LOG] Lenis @ https://www.krest.dental/:191
[  136148ms] [LOG] Lenis @ https://www.krest.dental/:191
[  136158ms] [LOG] Lenis @ https://www.krest.dental/:191
[  136185ms] [LOG] Lenis @ https://www.krest.dental/:191
[  136200ms] [LOG] Lenis @ https://www.krest.dental/:191
[  136253ms] [LOG] Lenis @ https://www.krest.dental/:191
[  136260ms] [LOG] Lenis @ https://www.krest.dental/:191
[  136271ms] [LOG] Lenis @ https://www.krest.dental/:191
[  136287ms] [LOG] Lenis @ https://www.krest.dental/:191
[  136304ms] [LOG] Lenis @ https://www.krest.dental/:191
[  136330ms] [LOG] Lenis @ https://www.krest.dental/:191
[  136337ms] [LOG] Lenis @ https://www.krest.dental/:191
[  136354ms] [LOG] Lenis @ https://www.krest.dental/:191
[  136371ms] [LOG] Lenis @ https://www.krest.dental/:191
[  136387ms] [LOG] Lenis @ https://www.krest.dental/:191
[  136405ms] [LOG] Lenis @ https://www.krest.dental/:191
[  136421ms] [LOG] Lenis @ https://www.krest.dental/:191
[  136466ms] [LOG] Lenis @ https://www.krest.dental/:191
[  136468ms] [LOG] Lenis @ https://www.krest.dental/:191
[  136471ms] [LOG] Lenis @ https://www.krest.dental/:191
[  136487ms] [LOG] Lenis @ https://www.krest.dental/:191
[  136504ms] [LOG] Lenis @ https://www.krest.dental/:191
[  136521ms] [LOG] Lenis @ https://www.krest.dental/:191
[  136537ms] [LOG] Lenis @ https://www.krest.dental/:191
[  136554ms] [LOG] Lenis @ https://www.krest.dental/:191
[  136607ms] [LOG] Lenis @ https://www.krest.dental/:191
[  138713ms] [WARNING] The resource https://siteassets.parastorage.com/pages/pages/thunderbolt?appDefinitionIdToSiteRevision=%7B%2214271d6f-ba62-d045-549b-ab972ae1f70e%22%3A%2225%22%2C%2213d21c63-b5ec-5912-8397-c3a5ddb27a97%22%3A%22440%22%2C%2214bcded7-0066-7c35-14d7-466cb3f09103%22%3A%221335%22%2C%227479d596-137c-4fa3-89cd-d7091042ba61%22%3A%22132%22%7D&beckyExperiments=.DatePickerPortal%2C.EnableCustomCSSVarsForLoginSocialBar%2C.FreemiumBannerOdeditor%2C.LoginBarEnableLoggingInStateInSSR%2C.TextInputAutoFillFix%2C.UseLoginSocialBarCustomMenu%2C.UseNewLoginBarDropdownMenuAlignment%2C.UseNewLoginSocialBarElementStructure%2C.UseNewLoginSocialBarMemberInitialsAvatar%2C.WixFreeSiteBannerDesktop%2C.WixFreeSiteBannerMobile%2C.addIdAsClassName%2C.buttonUdp%2C.calculateCollapsibleTextLineHeightByFont%2C.disableBuilderWixComponents%2C.dynamicSlots%2C.fiveGridLineStudioSkins%2C.isClassNameToRootEnabled%2C.svgResolver_2%2C.updateRichTextSemanticClassNamesOnCorvid%2C.useClassnameInResponsiveAppWidget%2C.useImageAvifFormatInNativeProGallery%2C.useWowImageInFastGallery&blocksBuilderManifestGeneratorVersion=1.129.0&coBrandingBanner=true&contentType=application%2Fjson&dfCk=6&dfVersion=1.5374.0&editorName=Studio&experiments=dm_bgScrubToMotionFixer%2Cdm_masterPageVariablesQueryFixer%2Cdm_migrateOldHoverBoxToNewFixer&externalBaseUrl=https%3A%2F%2Fwww.krest.dental&fileId=f7cb387b.bundle.min&formFactor=desktop&hasTPAWorkerOnSite=false&hasUserDomainMedia=false&isBuilderComponentModel=false&isHttps=true&isInSeo=false&isPremiumDomain=true&isResponsive=true&isUrlMigrated=true&isWixCodeOnPage=false&isWixCodeOnSite=false&language=en&metaSiteId=25d28462-d4df-4be6-9711-91e275dfccca&module=thunderbolt-platform&originalLanguage=en&pageId=2139b1_d2074d5b6841e676a939cdc051adb183_454.json&pilerExperiments=specs.piler.useEditorReactComponents&quickActionsMenuEnabled=false&registryLibrariesTopology=%5B%7B%22artifactId%22%3A%22editor-elements%22%2C%22namespace%22%3A%22wixui%22%2C%22url%22%3A%22https%3A%2F%2Fstatic.parastorage.com%2Fservices%2Feditor-elements%2F1.15087.0%22%7D%2C%7B%22artifactId%22%3A%22editor-elements%22%2C%22namespace%22%3A%22dsgnsys%22%2C%22url%22%3A%22https%3A%2F%2Fstatic.parastorage.com%2Fservices%2Feditor-elements%2F1.15087.0%22%7D%5D&remoteWidgetStructureBuilderVersion=1.251.0&siteId=f962fb4e-ef42-4922-af81-f7c2f8294339&siteRevision=461&staticHTMLComponentUrl=https%3A%2F%2Fwww-krest-dental.filesusr.com%2F&viewMode=desktop was preloaded using link preload but not used within a few seconds from the window's load event. Please make sure it has an appropriate `as` value and it is preloaded intentionally. @ https://www.krest.dental/:0
[  177162ms] [LOG] Lenis @ https://www.krest.dental/:191
[  177181ms] [LOG] Lenis @ https://www.krest.dental/:191
[  177198ms] [LOG] Lenis @ https://www.krest.dental/:191
[  177213ms] [LOG] Lenis @ https://www.krest.dental/:191
[  177230ms] [LOG] Lenis @ https://www.krest.dental/:191
[  177299ms] [LOG] Lenis @ https://www.krest.dental/:191
[  177305ms] [LOG] Lenis @ https://www.krest.dental/:191
[  177315ms] [LOG] Lenis @ https://www.krest.dental/:191
[  177332ms] [LOG] Lenis @ https://www.krest.dental/:191
[  177348ms] [LOG] Lenis @ https://www.krest.dental/:191
[  177412ms] [LOG] Lenis @ https://www.krest.dental/:191
[  177418ms] [LOG] Lenis @ https://www.krest.dental/:191
[  177432ms] [LOG] Lenis @ https://www.krest.dental/:191
[  177447ms] [LOG] Lenis @ https://www.krest.dental/:191
[  177465ms] [LOG] Lenis @ https://www.krest.dental/:191
[  177527ms] [LOG] Lenis @ https://www.krest.dental/:191
[  177533ms] [LOG] Lenis @ https://www.krest.dental/:191
[  177546ms] [LOG] Lenis @ https://www.krest.dental/:191
[  177563ms] [LOG] Lenis @ https://www.krest.dental/:191
[  177580ms] [LOG] Lenis @ https://www.krest.dental/:191
[  177623ms] [LOG] Lenis @ https://www.krest.dental/:191
[  177627ms] [LOG] Lenis @ https://www.krest.dental/:191
[  177632ms] [LOG] Lenis @ https://www.krest.dental/:191
[  177652ms] [LOG] Lenis @ https://www.krest.dental/:191
[  177663ms] [LOG] Lenis @ https://www.krest.dental/:191
[  177686ms] [LOG] Lenis @ https://www.krest.dental/:191
[  177723ms] [LOG] Lenis @ https://www.krest.dental/:191
[  177727ms] [LOG] Lenis @ https://www.krest.dental/:191
[  177731ms] [LOG] Lenis @ https://www.krest.dental/:191
[  177745ms] [LOG] Lenis @ https://www.krest.dental/:191
[  177762ms] [LOG] Lenis @ https://www.krest.dental/:191
[  177778ms] [LOG] Lenis @ https://www.krest.dental/:191
[  177803ms] [LOG] Lenis @ https://www.krest.dental/:191
[  177812ms] [LOG] Lenis @ https://www.krest.dental/:191
[  177830ms] [LOG] Lenis @ https://www.krest.dental/:191
[  177845ms] [LOG] Lenis @ https://www.krest.dental/:191
[  177862ms] [LOG] Lenis @ https://www.krest.dental/:191
[  177878ms] [LOG] Lenis @ https://www.krest.dental/:191
[  177903ms] [LOG] Lenis @ https://www.krest.dental/:191
[  177912ms] [LOG] Lenis @ https://www.krest.dental/:191
[  177931ms] [LOG] Lenis @ https://www.krest.dental/:191
[  177946ms] [LOG] Lenis @ https://www.krest.dental/:191
[  177964ms] [LOG] Lenis @ https://www.krest.dental/:191
[  177979ms] [LOG] Lenis @ https://www.krest.dental/:191
[  178012ms] [LOG] Lenis @ https://www.krest.dental/:191
[  178016ms] [LOG] Lenis @ https://www.krest.dental/:191
[  178030ms] [LOG] Lenis @ https://www.krest.dental/:191
[  178046ms] [LOG] Lenis @ https://www.krest.dental/:191
[  178062ms] [LOG] Lenis @ https://www.krest.dental/:191
[  178079ms] [LOG] Lenis @ https://www.krest.dental/:191
[  178114ms] [LOG] Lenis @ https://www.krest.dental/:191
[  178118ms] [LOG] Lenis @ https://www.krest.dental/:191
[  178130ms] [LOG] Lenis @ https://www.krest.dental/:191
[  178146ms] [LOG] Lenis @ https://www.krest.dental/:191
[  178162ms] [LOG] Lenis @ https://www.krest.dental/:191
[  178180ms] [LOG] Lenis @ https://www.krest.dental/:191
[  178220ms] [LOG] Lenis @ https://www.krest.dental/:191
[  178224ms] [LOG] Lenis @ https://www.krest.dental/:191
[  178231ms] [LOG] Lenis @ https://www.krest.dental/:191
[  178247ms] [LOG] Lenis @ https://www.krest.dental/:191
[  178262ms] [LOG] Lenis @ https://www.krest.dental/:191
[  178281ms] [LOG] Lenis @ https://www.krest.dental/:191
[  178317ms] [LOG] Lenis @ https://www.krest.dental/:191
[  178321ms] [LOG] Lenis @ https://www.krest.dental/:191
[  178330ms] [LOG] Lenis @ https://www.krest.dental/:191
[  178346ms] [LOG] Lenis @ https://www.krest.dental/:191
[  178362ms] [LOG] Lenis @ https://www.krest.dental/:191
[  178379ms] [LOG] Lenis @ https://www.krest.dental/:191
[  178415ms] [LOG] Lenis @ https://www.krest.dental/:191
[  178417ms] [LOG] Lenis @ https://www.krest.dental/:191
[  178427ms] [LOG] Lenis @ https://www.krest.dental/:191
[  178446ms] [LOG] Lenis @ https://www.krest.dental/:191
[  178462ms] [LOG] Lenis @ https://www.krest.dental/:191
[  178479ms] [LOG] Lenis @ https://www.krest.dental/:191
[  178525ms] [LOG] Lenis @ https://www.krest.dental/:191
[  178534ms] [LOG] Lenis @ https://www.krest.dental/:191
[  178548ms] [LOG] Lenis @ https://www.krest.dental/:191
[  178562ms] [LOG] Lenis @ https://www.krest.dental/:191
[  178577ms] [LOG] Lenis @ https://www.krest.dental/:191
[  178606ms] [LOG] Lenis @ https://www.krest.dental/:191
[  178611ms] [LOG] Lenis @ https://www.krest.dental/:191
[  178627ms] [LOG] Lenis @ https://www.krest.dental/:191
[  178644ms] [LOG] Lenis @ https://www.krest.dental/:191
[  178661ms] [LOG] Lenis @ https://www.krest.dental/:191
[  178677ms] [LOG] Lenis @ https://www.krest.dental/:191
[  178693ms] [LOG] Lenis @ https://www.krest.dental/:191
[  178718ms] [LOG] Lenis @ https://www.krest.dental/:191
[  178727ms] [LOG] Lenis @ https://www.krest.dental/:191
[  178745ms] [LOG] Lenis @ https://www.krest.dental/:191
[  178763ms] [LOG] Lenis @ https://www.krest.dental/:191
[  178777ms] [LOG] Lenis @ https://www.krest.dental/:191
[  178795ms] [LOG] Lenis @ https://www.krest.dental/:191
[  178810ms] [LOG] Lenis @ https://www.krest.dental/:191
[  178827ms] [LOG] Lenis @ https://www.krest.dental/:191
[  178860ms] [LOG] Lenis @ https://www.krest.dental/:191
[  178863ms] [LOG] Lenis @ https://www.krest.dental/:191
[  178877ms] [LOG] Lenis @ https://www.krest.dental/:191
[  178893ms] [LOG] Lenis @ https://www.krest.dental/:191
[  178910ms] [LOG] Lenis @ https://www.krest.dental/:191
[  178928ms] [LOG] Lenis @ https://www.krest.dental/:191
[  200553ms] [WARNING] The resource https://siteassets.parastorage.com/pages/pages/thunderbolt?appDefinitionIdToSiteRevision=%7B%2214271d6f-ba62-d045-549b-ab972ae1f70e%22%3A%2225%22%2C%2213d21c63-b5ec-5912-8397-c3a5ddb27a97%22%3A%22440%22%2C%2214bcded7-0066-7c35-14d7-466cb3f09103%22%3A%221335%22%2C%227479d596-137c-4fa3-89cd-d7091042ba61%22%3A%22132%22%7D&beckyExperiments=.DatePickerPortal%2C.EnableCustomCSSVarsForLoginSocialBar%2C.FreemiumBannerOdeditor%2C.LoginBarEnableLoggingInStateInSSR%2C.TextInputAutoFillFix%2C.UseLoginSocialBarCustomMenu%2C.UseNewLoginBarDropdownMenuAlignment%2C.UseNewLoginSocialBarElementStructure%2C.UseNewLoginSocialBarMemberInitialsAvatar%2C.WixFreeSiteBannerDesktop%2C.WixFreeSiteBannerMobile%2C.addIdAsClassName%2C.buttonUdp%2C.calculateCollapsibleTextLineHeightByFont%2C.disableBuilderWixComponents%2C.dynamicSlots%2C.fiveGridLineStudioSkins%2C.isClassNameToRootEnabled%2C.svgResolver_2%2C.updateRichTextSemanticClassNamesOnCorvid%2C.useClassnameInResponsiveAppWidget%2C.useImageAvifFormatInNativeProGallery%2C.useWowImageInFastGallery&blocksBuilderManifestGeneratorVersion=1.129.0&coBrandingBanner=true&contentType=application%2Fjson&dfCk=6&dfVersion=1.5374.0&editorName=Studio&experiments=dm_bgScrubToMotionFixer%2Cdm_masterPageVariablesQueryFixer%2Cdm_migrateOldHoverBoxToNewFixer&externalBaseUrl=https%3A%2F%2Fwww.krest.dental&fileId=f7cb387b.bundle.min&formFactor=desktop&hasTPAWorkerOnSite=false&hasUserDomainMedia=false&isBuilderComponentModel=false&isHttps=true&isInSeo=false&isPremiumDomain=true&isResponsive=true&isUrlMigrated=true&isWixCodeOnPage=false&isWixCodeOnSite=false&language=en&metaSiteId=25d28462-d4df-4be6-9711-91e275dfccca&module=thunderbolt-platform&originalLanguage=en&pageId=2139b1_d2074d5b6841e676a939cdc051adb183_454.json&pilerExperiments=specs.piler.useEditorReactComponents&quickActionsMenuEnabled=false&registryLibrariesTopology=%5B%7B%22artifactId%22%3A%22editor-elements%22%2C%22namespace%22%3A%22wixui%22%2C%22url%22%3A%22https%3A%2F%2Fstatic.parastorage.com%2Fservices%2Feditor-elements%2F1.15087.0%22%7D%2C%7B%22artifactId%22%3A%22editor-elements%22%2C%22namespace%22%3A%22dsgnsys%22%2C%22url%22%3A%22https%3A%2F%2Fstatic.parastorage.com%2Fservices%2Feditor-elements%2F1.15087.0%22%7D%5D&remoteWidgetStructureBuilderVersion=1.251.0&siteId=f962fb4e-ef42-4922-af81-f7c2f8294339&siteRevision=461&staticHTMLComponentUrl=https%3A%2F%2Fwww-krest-dental.filesusr.com%2F&viewMode=desktop was preloaded using link preload but not used within a few seconds from the window's load event. Please make sure it has an appropriate `as` value and it is preloaded intentionally. @ https://www.krest.dental/:0
[  211317ms] [WARNING] The resource https://siteassets.parastorage.com/pages/pages/thunderbolt?appDefinitionIdToSiteRevision=%7B%2214271d6f-ba62-d045-549b-ab972ae1f70e%22%3A%2225%22%2C%2213d21c63-b5ec-5912-8397-c3a5ddb27a97%22%3A%22440%22%2C%2214bcded7-0066-7c35-14d7-466cb3f09103%22%3A%221335%22%2C%227479d596-137c-4fa3-89cd-d7091042ba61%22%3A%22132%22%7D&beckyExperiments=.DatePickerPortal%2C.EnableCustomCSSVarsForLoginSocialBar%2C.FreemiumBannerOdeditor%2C.LoginBarEnableLoggingInStateInSSR%2C.TextInputAutoFillFix%2C.UseLoginSocialBarCustomMenu%2C.UseNewLoginBarDropdownMenuAlignment%2C.UseNewLoginSocialBarElementStructure%2C.UseNewLoginSocialBarMemberInitialsAvatar%2C.WixFreeSiteBannerDesktop%2C.WixFreeSiteBannerMobile%2C.addIdAsClassName%2C.buttonUdp%2C.calculateCollapsibleTextLineHeightByFont%2C.disableBuilderWixComponents%2C.dynamicSlots%2C.fiveGridLineStudioSkins%2C.isClassNameToRootEnabled%2C.svgResolver_2%2C.updateRichTextSemanticClassNamesOnCorvid%2C.useClassnameInResponsiveAppWidget%2C.useImageAvifFormatInNativeProGallery%2C.useWowImageInFastGallery&blocksBuilderManifestGeneratorVersion=1.129.0&coBrandingBanner=true&contentType=application%2Fjson&dfCk=6&dfVersion=1.5374.0&editorName=Studio&experiments=dm_bgScrubToMotionFixer%2Cdm_masterPageVariablesQueryFixer%2Cdm_migrateOldHoverBoxToNewFixer&externalBaseUrl=https%3A%2F%2Fwww.krest.dental&fileId=f7cb387b.bundle.min&formFactor=desktop&hasTPAWorkerOnSite=false&hasUserDomainMedia=false&isBuilderComponentModel=false&isHttps=true&isInSeo=false&isPremiumDomain=true&isResponsive=true&isUrlMigrated=true&isWixCodeOnPage=false&isWixCodeOnSite=false&language=en&metaSiteId=25d28462-d4df-4be6-9711-91e275dfccca&module=thunderbolt-platform&originalLanguage=en&pageId=2139b1_d2074d5b6841e676a939cdc051adb183_454.json&pilerExperiments=specs.piler.useEditorReactComponents&quickActionsMenuEnabled=false&registryLibrariesTopology=%5B%7B%22artifactId%22%3A%22editor-elements%22%2C%22namespace%22%3A%22wixui%22%2C%22url%22%3A%22https%3A%2F%2Fstatic.parastorage.com%2Fservices%2Feditor-elements%2F1.15087.0%22%7D%2C%7B%22artifactId%22%3A%22editor-elements%22%2C%22namespace%22%3A%22dsgnsys%22%2C%22url%22%3A%22https%3A%2F%2Fstatic.parastorage.com%2Fservices%2Feditor-elements%2F1.15087.0%22%7D%5D&remoteWidgetStructureBuilderVersion=1.251.0&siteId=f962fb4e-ef42-4922-af81-f7c2f8294339&siteRevision=461&staticHTMLComponentUrl=https%3A%2F%2Fwww-krest-dental.filesusr.com%2F&viewMode=desktop was preloaded using link preload but not used within a few seconds from the window's load event. Please make sure it has an appropriate `as` value and it is preloaded intentionally. @ https://www.krest.dental/:0
[  222951ms] [WARNING] The resource https://siteassets.parastorage.com/pages/pages/thunderbolt?appDefinitionIdToSiteRevision=%7B%2214271d6f-ba62-d045-549b-ab972ae1f70e%22%3A%2225%22%2C%2213d21c63-b5ec-5912-8397-c3a5ddb27a97%22%3A%22440%22%2C%2214bcded7-0066-7c35-14d7-466cb3f09103%22%3A%221335%22%2C%227479d596-137c-4fa3-89cd-d7091042ba61%22%3A%22132%22%7D&beckyExperiments=.DatePickerPortal%2C.EnableCustomCSSVarsForLoginSocialBar%2C.FreemiumBannerOdeditor%2C.LoginBarEnableLoggingInStateInSSR%2C.TextInputAutoFillFix%2C.UseLoginSocialBarCustomMenu%2C.UseNewLoginBarDropdownMenuAlignment%2C.UseNewLoginSocialBarElementStructure%2C.UseNewLoginSocialBarMemberInitialsAvatar%2C.WixFreeSiteBannerDesktop%2C.WixFreeSiteBannerMobile%2C.addIdAsClassName%2C.buttonUdp%2C.calculateCollapsibleTextLineHeightByFont%2C.disableBuilderWixComponents%2C.dynamicSlots%2C.fiveGridLineStudioSkins%2C.isClassNameToRootEnabled%2C.svgResolver_2%2C.updateRichTextSemanticClassNamesOnCorvid%2C.useClassnameInResponsiveAppWidget%2C.useImageAvifFormatInNativeProGallery%2C.useWowImageInFastGallery&blocksBuilderManifestGeneratorVersion=1.129.0&coBrandingBanner=true&contentType=application%2Fjson&dfCk=6&dfVersion=1.5374.0&editorName=Studio&experiments=dm_bgScrubToMotionFixer%2Cdm_masterPageVariablesQueryFixer%2Cdm_migrateOldHoverBoxToNewFixer&externalBaseUrl=https%3A%2F%2Fwww.krest.dental&fileId=f7cb387b.bundle.min&formFactor=desktop&hasTPAWorkerOnSite=false&hasUserDomainMedia=false&isBuilderComponentModel=false&isHttps=true&isInSeo=false&isPremiumDomain=true&isResponsive=true&isUrlMigrated=true&isWixCodeOnPage=false&isWixCodeOnSite=false&language=en&metaSiteId=25d28462-d4df-4be6-9711-91e275dfccca&module=thunderbolt-platform&originalLanguage=en&pageId=2139b1_d2074d5b6841e676a939cdc051adb183_454.json&pilerExperiments=specs.piler.useEditorReactComponents&quickActionsMenuEnabled=false&registryLibrariesTopology=%5B%7B%22artifactId%22%3A%22editor-elements%22%2C%22namespace%22%3A%22wixui%22%2C%22url%22%3A%22https%3A%2F%2Fstatic.parastorage.com%2Fservices%2Feditor-elements%2F1.15087.0%22%7D%2C%7B%22artifactId%22%3A%22editor-elements%22%2C%22namespace%22%3A%22dsgnsys%22%2C%22url%22%3A%22https%3A%2F%2Fstatic.parastorage.com%2Fservices%2Feditor-elements%2F1.15087.0%22%7D%5D&remoteWidgetStructureBuilderVersion=1.251.0&siteId=f962fb4e-ef42-4922-af81-f7c2f8294339&siteRevision=461&staticHTMLComponentUrl=https%3A%2F%2Fwww-krest-dental.filesusr.com%2F&viewMode=desktop was preloaded using link preload but not used within a few seconds from the window's load event. Please make sure it has an appropriate `as` value and it is preloaded intentionally. @ https://www.krest.dental/:0
[  360265ms] [LOG] Lenis @ https://www.krest.dental/:191
[ 1131751ms] [LOG] Lenis @ https://www.krest.dental/:191
[ 1131770ms] [LOG] Lenis @ https://www.krest.dental/:191
[ 1131786ms] [LOG] Lenis @ https://www.krest.dental/:191
[ 1131802ms] [LOG] Lenis @ https://www.krest.dental/:191
[ 1131819ms] [LOG] Lenis @ https://www.krest.dental/:191
[ 1131867ms] [LOG] Lenis @ https://www.krest.dental/:191
[ 1131875ms] [LOG] Lenis @ https://www.krest.dental/:191
[ 1131885ms] [LOG] Lenis @ https://www.krest.dental/:191
[ 1131902ms] [LOG] Lenis @ https://www.krest.dental/:191
[ 1131918ms] [LOG] Lenis @ https://www.krest.dental/:191
[ 1131961ms] [LOG] Lenis @ https://www.krest.dental/:191
[ 1131964ms] [LOG] Lenis @ https://www.krest.dental/:191
[ 1131969ms] [LOG] Lenis @ https://www.krest.dental/:191
[ 1131994ms] [LOG] Lenis @ https://www.krest.dental/:191
[ 1132001ms] [LOG] Lenis @ https://www.krest.dental/:191
[ 1132018ms] [LOG] Lenis @ https://www.krest.dental/:191
[ 1132035ms] [LOG] Lenis @ https://www.krest.dental/:191
[ 1132075ms] [LOG] Lenis @ https://www.krest.dental/:191
[ 1132078ms] [LOG] Lenis @ https://www.krest.dental/:191
[ 1132085ms] [LOG] Lenis @ https://www.krest.dental/:191
[ 1132102ms] [LOG] Lenis @ https://www.krest.dental/:191
[ 1132118ms] [LOG] Lenis @ https://www.krest.dental/:191
[ 1132156ms] [LOG] Lenis @ https://www.krest.dental/:191
[ 1132159ms] [LOG] Lenis @ https://www.krest.dental/:191
[ 1132169ms] [LOG] Lenis @ https://www.krest.dental/:191
[ 1132186ms] [LOG] Lenis @ https://www.krest.dental/:191
[ 1132202ms] [LOG] Lenis @ https://www.krest.dental/:191
[ 1132219ms] [LOG] Lenis @ https://www.krest.dental/:191
[ 1132235ms] [LOG] Lenis @ https://www.krest.dental/:191
[ 1132278ms] [LOG] Lenis @ https://www.krest.dental/:191
[ 1132285ms] [LOG] Lenis @ https://www.krest.dental/:191
[ 1132289ms] [LOG] Lenis @ https://www.krest.dental/:191
[ 1132302ms] [LOG] Lenis @ https://www.krest.dental/:191
[ 1132319ms] [LOG] Lenis @ https://www.krest.dental/:191
[ 1132335ms] [LOG] Lenis @ https://www.krest.dental/:191
[ 1132372ms] [LOG] Lenis @ https://www.krest.dental/:191
[ 1132376ms] [LOG] Lenis @ https://www.krest.dental/:191
[ 1132386ms] [LOG] Lenis @ https://www.krest.dental/:191
[ 1132402ms] [LOG] Lenis @ https://www.krest.dental/:191
[ 1132419ms] [LOG] Lenis @ https://www.krest.dental/:191
[ 1132435ms] [LOG] Lenis @ https://www.krest.dental/:191
[ 1132457ms] [LOG] Lenis @ https://www.krest.dental/:191
[ 1132467ms] [LOG] Lenis @ https://www.krest.dental/:191
[ 1132484ms] [LOG] Lenis @ https://www.krest.dental/:191
[ 1132501ms] [LOG] Lenis @ https://www.krest.dental/:191
[ 1132520ms] [LOG] Lenis @ https://www.krest.dental/:191
[ 1132535ms] [LOG] Lenis @ https://www.krest.dental/:191
[ 1132572ms] [LOG] Lenis @ https://www.krest.dental/:191
[ 1132574ms] [LOG] Lenis @ https://www.krest.dental/:191
[ 1132583ms] [LOG] Lenis @ https://www.krest.dental/:191
[ 1132602ms] [LOG] Lenis @ https://www.krest.dental/:191
[ 1132616ms] [LOG] Lenis @ https://www.krest.dental/:191
[ 1132633ms] [LOG] Lenis @ https://www.krest.dental/:191
[ 1132649ms] [LOG] Lenis @ https://www.krest.dental/:191
[ 1132694ms] [LOG] Lenis @ https://www.krest.dental/:191
[ 1132696ms] [LOG] Lenis @ https://www.krest.dental/:191
[ 1132702ms] [LOG] Lenis @ https://www.krest.dental/:191
[ 1132716ms] [LOG] Lenis @ https://www.krest.dental/:191
[ 1132733ms] [LOG] Lenis @ https://www.krest.dental/:191
[ 1132749ms] [LOG] Lenis @ https://www.krest.dental/:191
[ 1132771ms] [LOG] Lenis @ https://www.krest.dental/:191
[ 1132782ms] [LOG] Lenis @ https://www.krest.dental/:191
[ 1132801ms] [LOG] Lenis @ https://www.krest.dental/:191
[ 1132816ms] [LOG] Lenis @ https://www.krest.dental/:191
[ 1132833ms] [LOG] Lenis @ https://www.krest.dental/:191
[ 1132849ms] [LOG] Lenis @ https://www.krest.dental/:191
[ 1132884ms] [LOG] Lenis @ https://www.krest.dental/:191
[ 1132887ms] [LOG] Lenis @ https://www.krest.dental/:191
[ 1132899ms] [LOG] Lenis @ https://www.krest.dental/:191
[ 1132916ms] [LOG] Lenis @ https://www.krest.dental/:191
[ 1132933ms] [LOG] Lenis @ https://www.krest.dental/:191
[ 1132949ms] [LOG] Lenis @ https://www.krest.dental/:191
[ 1132992ms] [LOG] Lenis @ https://www.krest.dental/:191
[ 1132994ms] [LOG] Lenis @ https://www.krest.dental/:191
[ 1133000ms] [LOG] Lenis @ https://www.krest.dental/:191
[ 1133017ms] [LOG] Lenis @ https://www.krest.dental/:191
[ 1133033ms] [LOG] Lenis @ https://www.krest.dental/:191
[ 1133050ms] [LOG] Lenis @ https://www.krest.dental/:191
[ 1133068ms] [LOG] Lenis @ https://www.krest.dental/:191
[ 1133084ms] [LOG] Lenis @ https://www.krest.dental/:191
[ 1133100ms] [LOG] Lenis @ https://www.krest.dental/:191
[ 1133128ms] [LOG] Lenis @ https://www.krest.dental/:191
