[    5155ms] [WARNING] The resource https://siteassets.parastorage.com/pages/pages/thunderbolt?appDefinitionIdToSiteRevision=%7B%2214271d6f-ba62-d045-549b-ab972ae1f70e%22%3A%2225%22%2C%2213d21c63-b5ec-5912-8397-c3a5ddb27a97%22%3A%22440%22%2C%2214bcded7-0066-7c35-14d7-466cb3f09103%22%3A%221335%22%2C%227479d596-137c-4fa3-89cd-d7091042ba61%22%3A%22132%22%7D&beckyExperiments=.DatePickerPortal%2C.EnableCustomCSSVarsForLoginSocialBar%2C.FreemiumBannerOdeditor%2C.LoginBarEnableLoggingInStateInSSR%2C.TextInputAutoFillFix%2C.UseLoginSocialBarCustomMenu%2C.UseNestedLoginSocialBarMenuItems%2C.UseNewLoginBarDropdownMenuAlignment%2C.UseNewLoginSocialBarElementStructure%2C.UseNewLoginSocialBarMemberInitialsAvatar%2C.WixFreeSiteBannerDesktop%2C.WixFreeSiteBannerMobile%2C.addIdAsClassName%2C.buttonUdp%2C.calculateCollapsibleTextLineHeightByFont%2C.dynamicSlots%2C.fiveGridLineStudioSkins%2C.fixFirefoxLinkBarIntrinsicSizing%2C.isClassNameToRootEnabled%2C.migrateSdkDataMappers%2C.svgResolver_2%2C.updateRichTextSemanticClassNamesOnCorvid%2C.useClassnameInResponsiveAppWidget%2C.useImageAvifFormatInNativeProGallery%2C.useWowImageInFastGallery&blocksBuilderManifestGeneratorVersion=1.129.0&coBrandingBanner=true&commonConfig=%7B%22siteRevision%22%3A%224%22%2C%22branchId%22%3A%226f2e66e0-1252-40aa-aa6f-45152de64372%22%7D&contentType=application%2Fjson&dfCk=6&dfVersion=1.5374.0&editorName=Studio&experiments=dm_bgScrubToMotionFixer%2Cdm_masterPageVariablesQueryFixer%2Cdm_migrateOldHoverBoxToNewFixer&externalBaseUrl=https%3A%2F%2Fwww.krest.dental&fileId=84cedc72.bundle.min&formFactor=desktop&hasTPAWorkerOnSite=false&hasUserDomainMedia=false&isBuilderComponentModel=false&isHttps=true&isInSeo=false&isPremiumDomain=true&isResponsive=true&isUrlMigrated=true&isWixCodeOnPage=false&isWixCodeOnSite=false&language=en&metaSiteId=25d28462-d4df-4be6-9711-91e275dfccca&module=thunderbolt-platform&originalLanguage=en&pageId=2139b1_bff95e801390d793436bef24a5576d3f_2.json&pilerExperiments=specs.piler.useEditorReactComponents&quickActionsMenuEnabled=false&registryLibrariesTopology=%5B%7B%22artifactId%22%3A%22editor-elements%22%2C%22namespace%22%3A%22wixui%22%2C%22url%22%3A%22https%3A%2F%2Fstatic.parastorage.com%2Fservices%2Feditor-elements%2F1.15139.0%22%7D%2C%7B%22artifactId%22%3A%22editor-elements%22%2C%22namespace%22%3A%22dsgnsys%22%2C%22url%22%3A%22https%3A%2F%2Fstatic.parastorage.com%2Fservices%2Feditor-elements%2F1.15139.0%22%7D%5D&remoteWidgetStructureBuilderVersion=1.251.0&siteId=f962fb4e-ef42-4922-af81-f7c2f8294339&siteRevision=4&staticHTMLComponentUrl=https%3A%2F%2Fwww-krest-dental.filesusr.com%2F&viewMode=desktop was preloaded using link preload but not used within a few seconds from the window's load event. Please make sure it has an appropriate `as` value and it is preloaded intentionally. @ https://www.krest.dental/drsuneeta:0
[  285335ms] [ERROR] Failed to load resource: net::ERR_INTERNET_DISCONNECTED @ https://panorama.wixapps.net/api/v1/bulklog:0
[  288336ms] [WARNING] The resource https://siteassets.parastorage.com/pages/pages/thunderbolt?appDefinitionIdToSiteRevision=%7B%2214271d6f-ba62-d045-549b-ab972ae1f70e%22%3A%2225%22%2C%2213d21c63-b5ec-5912-8397-c3a5ddb27a97%22%3A%22440%22%2C%2214bcded7-0066-7c35-14d7-466cb3f09103%22%3A%221335%22%2C%227479d596-137c-4fa3-89cd-d7091042ba61%22%3A%22132%22%7D&beckyExperiments=.DatePickerPortal%2C.EnableCustomCSSVarsForLoginSocialBar%2C.FreemiumBannerOdeditor%2C.LoginBarEnableLoggingInStateInSSR%2C.TextInputAutoFillFix%2C.UseLoginSocialBarCustomMenu%2C.UseNestedLoginSocialBarMenuItems%2C.UseNewLoginBarDropdownMenuAlignment%2C.UseNewLoginSocialBarElementStructure%2C.UseNewLoginSocialBarMemberInitialsAvatar%2C.WixFreeSiteBannerDesktop%2C.WixFreeSiteBannerMobile%2C.addIdAsClassName%2C.buttonUdp%2C.calculateCollapsibleTextLineHeightByFont%2C.dynamicSlots%2C.fiveGridLineStudioSkins%2C.fixFirefoxLinkBarIntrinsicSizing%2C.isClassNameToRootEnabled%2C.migrateSdkDataMappers%2C.svgResolver_2%2C.updateRichTextSemanticClassNamesOnCorvid%2C.useClassnameInResponsiveAppWidget%2C.useImageAvifFormatInNativeProGallery%2C.useWowImageInFastGallery&blocksBuilderManifestGeneratorVersion=1.129.0&coBrandingBanner=true&commonConfig=%7B%22siteRevision%22%3A%224%22%2C%22branchId%22%3A%226f2e66e0-1252-40aa-aa6f-45152de64372%22%7D&contentType=application%2Fjson&dfCk=6&dfVersion=1.5374.0&editorName=Studio&experiments=dm_bgScrubToMotionFixer%2Cdm_masterPageVariablesQueryFixer%2Cdm_migrateOldHoverBoxToNewFixer&externalBaseUrl=https%3A%2F%2Fwww.krest.dental&fileId=84cedc72.bundle.min&formFactor=desktop&hasTPAWorkerOnSite=false&hasUserDomainMedia=false&isBuilderComponentModel=false&isHttps=true&isInSeo=false&isPremiumDomain=true&isResponsive=true&isUrlMigrated=true&isWixCodeOnPage=false&isWixCodeOnSite=false&language=en&metaSiteId=25d28462-d4df-4be6-9711-91e275dfccca&module=thunderbolt-platform&originalLanguage=en&pageId=2139b1_bff95e801390d793436bef24a5576d3f_2.json&pilerExperiments=specs.piler.useEditorReactComponents&quickActionsMenuEnabled=false&registryLibrariesTopology=%5B%7B%22artifactId%22%3A%22editor-elements%22%2C%22namespace%22%3A%22wixui%22%2C%22url%22%3A%22https%3A%2F%2Fstatic.parastorage.com%2Fservices%2Feditor-elements%2F1.15139.0%22%7D%2C%7B%22artifactId%22%3A%22editor-elements%22%2C%22namespace%22%3A%22dsgnsys%22%2C%22url%22%3A%22https%3A%2F%2Fstatic.parastorage.com%2Fservices%2Feditor-elements%2F1.15139.0%22%7D%5D&remoteWidgetStructureBuilderVersion=1.251.0&siteId=f962fb4e-ef42-4922-af81-f7c2f8294339&siteRevision=4&staticHTMLComponentUrl=https%3A%2F%2Fwww-krest-dental.filesusr.com%2F&viewMode=desktop was preloaded using link preload but not used within a few seconds from the window's load event. Please make sure it has an appropriate `as` value and it is preloaded intentionally. @ https://www.krest.dental/drsuneeta:0
[  294119ms] [WARNING] The resource https://siteassets.parastorage.com/pages/pages/thunderbolt?appDefinitionIdToSiteRevision=%7B%2214271d6f-ba62-d045-549b-ab972ae1f70e%22%3A%2225%22%2C%2213d21c63-b5ec-5912-8397-c3a5ddb27a97%22%3A%22440%22%2C%2214bcded7-0066-7c35-14d7-466cb3f09103%22%3A%221335%22%2C%227479d596-137c-4fa3-89cd-d7091042ba61%22%3A%22132%22%7D&beckyExperiments=.DatePickerPortal%2C.EnableCustomCSSVarsForLoginSocialBar%2C.FreemiumBannerOdeditor%2C.LoginBarEnableLoggingInStateInSSR%2C.TextInputAutoFillFix%2C.UseLoginSocialBarCustomMenu%2C.UseNestedLoginSocialBarMenuItems%2C.UseNewLoginBarDropdownMenuAlignment%2C.UseNewLoginSocialBarElementStructure%2C.UseNewLoginSocialBarMemberInitialsAvatar%2C.WixFreeSiteBannerDesktop%2C.WixFreeSiteBannerMobile%2C.addIdAsClassName%2C.buttonUdp%2C.calculateCollapsibleTextLineHeightByFont%2C.dynamicSlots%2C.fiveGridLineStudioSkins%2C.fixFirefoxLinkBarIntrinsicSizing%2C.isClassNameToRootEnabled%2C.migrateSdkDataMappers%2C.svgResolver_2%2C.updateRichTextSemanticClassNamesOnCorvid%2C.useClassnameInResponsiveAppWidget%2C.useImageAvifFormatInNativeProGallery%2C.useWowImageInFastGallery&blocksBuilderManifestGeneratorVersion=1.129.0&coBrandingBanner=true&commonConfig=%7B%22siteRevision%22%3A%224%22%2C%22branchId%22%3A%226f2e66e0-1252-40aa-aa6f-45152de64372%22%7D&contentType=application%2Fjson&dfCk=6&dfVersion=1.5374.0&editorName=Studio&experiments=dm_bgScrubToMotionFixer%2Cdm_masterPageVariablesQueryFixer%2Cdm_migrateOldHoverBoxToNewFixer&externalBaseUrl=https%3A%2F%2Fwww.krest.dental&fileId=84cedc72.bundle.min&formFactor=desktop&hasTPAWorkerOnSite=false&hasUserDomainMedia=false&isBuilderComponentModel=false&isHttps=true&isInSeo=false&isPremiumDomain=true&isResponsive=true&isUrlMigrated=true&isWixCodeOnPage=false&isWixCodeOnSite=false&language=en&metaSiteId=25d28462-d4df-4be6-9711-91e275dfccca&module=thunderbolt-platform&originalLanguage=en&pageId=2139b1_bff95e801390d793436bef24a5576d3f_2.json&pilerExperiments=specs.piler.useEditorReactComponents&quickActionsMenuEnabled=false&registryLibrariesTopology=%5B%7B%22artifactId%22%3A%22editor-elements%22%2C%22namespace%22%3A%22wixui%22%2C%22url%22%3A%22https%3A%2F%2Fstatic.parastorage.com%2Fservices%2Feditor-elements%2F1.15139.0%22%7D%2C%7B%22artifactId%22%3A%22editor-elements%22%2C%22namespace%22%3A%22dsgnsys%22%2C%22url%22%3A%22https%3A%2F%2Fstatic.parastorage.com%2Fservices%2Feditor-elements%2F1.15139.0%22%7D%5D&remoteWidgetStructureBuilderVersion=1.251.0&siteId=f962fb4e-ef42-4922-af81-f7c2f8294339&siteRevision=4&staticHTMLComponentUrl=https%3A%2F%2Fwww-krest-dental.filesusr.com%2F&viewMode=desktop was preloaded using link preload but not used within a few seconds from the window's load event. Please make sure it has an appropriate `as` value and it is preloaded intentionally. @ https://www.krest.dental/drsuneeta:0
[ 1054861ms] [LOG] Lenis @ https://browser.sentry-cdn.com/7.120.3/bundle.tracing.es5.min.js:1
[ 1054875ms] [LOG] Lenis @ https://browser.sentry-cdn.com/7.120.3/bundle.tracing.es5.min.js:1
[ 1054976ms] [LOG] Lenis @ https://browser.sentry-cdn.com/7.120.3/bundle.tracing.es5.min.js:1
[ 1054980ms] [LOG] Lenis @ https://browser.sentry-cdn.com/7.120.3/bundle.tracing.es5.min.js:1
[ 1054992ms] [LOG] Lenis @ https://browser.sentry-cdn.com/7.120.3/bundle.tracing.es5.min.js:1
[ 1055009ms] [LOG] Lenis @ https://browser.sentry-cdn.com/7.120.3/bundle.tracing.es5.min.js:1
[ 1055026ms] [LOG] Lenis @ https://browser.sentry-cdn.com/7.120.3/bundle.tracing.es5.min.js:1
[ 1055043ms] [LOG] Lenis @ https://browser.sentry-cdn.com/7.120.3/bundle.tracing.es5.min.js:1
[ 1055059ms] [LOG] Lenis @ https://browser.sentry-cdn.com/7.120.3/bundle.tracing.es5.min.js:1
[ 1055076ms] [LOG] Lenis @ https://browser.sentry-cdn.com/7.120.3/bundle.tracing.es5.min.js:1
[ 1055094ms] [LOG] Lenis @ https://browser.sentry-cdn.com/7.120.3/bundle.tracing.es5.min.js:1
[ 1055109ms] [LOG] Lenis @ https://browser.sentry-cdn.com/7.120.3/bundle.tracing.es5.min.js:1
[ 1055127ms] [LOG] Lenis @ https://browser.sentry-cdn.com/7.120.3/bundle.tracing.es5.min.js:1
[ 1055143ms] [LOG] Lenis @ https://browser.sentry-cdn.com/7.120.3/bundle.tracing.es5.min.js:1
[ 1055159ms] [LOG] Lenis @ https://browser.sentry-cdn.com/7.120.3/bundle.tracing.es5.min.js:1
[ 1055179ms] [LOG] Lenis @ https://browser.sentry-cdn.com/7.120.3/bundle.tracing.es5.min.js:1
[ 1055195ms] [LOG] Lenis @ https://browser.sentry-cdn.com/7.120.3/bundle.tracing.es5.min.js:1
[ 1055210ms] [LOG] Lenis @ https://browser.sentry-cdn.com/7.120.3/bundle.tracing.es5.min.js:1
[ 1055225ms] [LOG] Lenis @ https://browser.sentry-cdn.com/7.120.3/bundle.tracing.es5.min.js:1
[ 1055243ms] [LOG] Lenis @ https://browser.sentry-cdn.com/7.120.3/bundle.tracing.es5.min.js:1
[ 1055259ms] [LOG] Lenis @ https://browser.sentry-cdn.com/7.120.3/bundle.tracing.es5.min.js:1
[ 1055278ms] [LOG] Lenis @ https://browser.sentry-cdn.com/7.120.3/bundle.tracing.es5.min.js:1
[ 1055294ms] [LOG] Lenis @ https://browser.sentry-cdn.com/7.120.3/bundle.tracing.es5.min.js:1
[ 1055312ms] [LOG] Lenis @ https://browser.sentry-cdn.com/7.120.3/bundle.tracing.es5.min.js:1
[ 1055328ms] [LOG] Lenis @ https://browser.sentry-cdn.com/7.120.3/bundle.tracing.es5.min.js:1
[ 1055351ms] [LOG] Lenis @ https://browser.sentry-cdn.com/7.120.3/bundle.tracing.es5.min.js:1
[ 1055362ms] [LOG] Lenis @ https://browser.sentry-cdn.com/7.120.3/bundle.tracing.es5.min.js:1
[ 1055378ms] [LOG] Lenis @ https://browser.sentry-cdn.com/7.120.3/bundle.tracing.es5.min.js:1
[ 1055395ms] [LOG] Lenis @ https://browser.sentry-cdn.com/7.120.3/bundle.tracing.es5.min.js:1
[ 1055411ms] [LOG] Lenis @ https://browser.sentry-cdn.com/7.120.3/bundle.tracing.es5.min.js:1
[ 1055428ms] [LOG] Lenis @ https://browser.sentry-cdn.com/7.120.3/bundle.tracing.es5.min.js:1
[ 1055444ms] [LOG] Lenis @ https://browser.sentry-cdn.com/7.120.3/bundle.tracing.es5.min.js:1
[ 1055462ms] [LOG] Lenis @ https://browser.sentry-cdn.com/7.120.3/bundle.tracing.es5.min.js:1
[ 1055478ms] [LOG] Lenis @ https://browser.sentry-cdn.com/7.120.3/bundle.tracing.es5.min.js:1
[ 1055495ms] [LOG] Lenis @ https://browser.sentry-cdn.com/7.120.3/bundle.tracing.es5.min.js:1
[ 1055513ms] [LOG] Lenis @ https://browser.sentry-cdn.com/7.120.3/bundle.tracing.es5.min.js:1
[ 1055529ms] [LOG] Lenis @ https://browser.sentry-cdn.com/7.120.3/bundle.tracing.es5.min.js:1
[ 1055547ms] [LOG] Lenis @ https://browser.sentry-cdn.com/7.120.3/bundle.tracing.es5.min.js:1
[ 1055563ms] [LOG] Lenis @ https://browser.sentry-cdn.com/7.120.3/bundle.tracing.es5.min.js:1
[ 1055578ms] [LOG] Lenis @ https://browser.sentry-cdn.com/7.120.3/bundle.tracing.es5.min.js:1
[ 1055592ms] [LOG] Lenis @ https://browser.sentry-cdn.com/7.120.3/bundle.tracing.es5.min.js:1
[ 1055609ms] [LOG] Lenis @ https://browser.sentry-cdn.com/7.120.3/bundle.tracing.es5.min.js:1
[ 1055625ms] [LOG] Lenis @ https://browser.sentry-cdn.com/7.120.3/bundle.tracing.es5.min.js:1
[ 1055643ms] [LOG] Lenis @ https://browser.sentry-cdn.com/7.120.3/bundle.tracing.es5.min.js:1
[ 1055660ms] [LOG] Lenis @ https://browser.sentry-cdn.com/7.120.3/bundle.tracing.es5.min.js:1
[ 1055676ms] [LOG] Lenis @ https://browser.sentry-cdn.com/7.120.3/bundle.tracing.es5.min.js:1
[ 1055694ms] [LOG] Lenis @ https://browser.sentry-cdn.com/7.120.3/bundle.tracing.es5.min.js:1
[ 1055713ms] [LOG] Lenis @ https://browser.sentry-cdn.com/7.120.3/bundle.tracing.es5.min.js:1
[ 1055729ms] [LOG] Lenis @ https://browser.sentry-cdn.com/7.120.3/bundle.tracing.es5.min.js:1
[ 1055746ms] [LOG] Lenis @ https://browser.sentry-cdn.com/7.120.3/bundle.tracing.es5.min.js:1
[ 1055763ms] [LOG] Lenis @ https://browser.sentry-cdn.com/7.120.3/bundle.tracing.es5.min.js:1
[ 1055780ms] [LOG] Lenis @ https://browser.sentry-cdn.com/7.120.3/bundle.tracing.es5.min.js:1
[ 1055797ms] [LOG] Lenis @ https://browser.sentry-cdn.com/7.120.3/bundle.tracing.es5.min.js:1
[ 1055812ms] [LOG] Lenis @ https://browser.sentry-cdn.com/7.120.3/bundle.tracing.es5.min.js:1
[ 1055830ms] [LOG] Lenis @ https://browser.sentry-cdn.com/7.120.3/bundle.tracing.es5.min.js:1
[ 1055844ms] [LOG] Lenis @ https://browser.sentry-cdn.com/7.120.3/bundle.tracing.es5.min.js:1
[ 1055863ms] [LOG] Lenis @ https://browser.sentry-cdn.com/7.120.3/bundle.tracing.es5.min.js:1
[ 1055880ms] [LOG] Lenis @ https://browser.sentry-cdn.com/7.120.3/bundle.tracing.es5.min.js:1
[ 1055894ms] [LOG] Lenis @ https://browser.sentry-cdn.com/7.120.3/bundle.tracing.es5.min.js:1
[ 1055913ms] [LOG] Lenis @ https://browser.sentry-cdn.com/7.120.3/bundle.tracing.es5.min.js:1
[ 1055932ms] [LOG] Lenis @ https://browser.sentry-cdn.com/7.120.3/bundle.tracing.es5.min.js:1
[ 1055947ms] [LOG] Lenis @ https://browser.sentry-cdn.com/7.120.3/bundle.tracing.es5.min.js:1
[ 1055964ms] [LOG] Lenis @ https://browser.sentry-cdn.com/7.120.3/bundle.tracing.es5.min.js:1
[ 1055980ms] [LOG] Lenis @ https://browser.sentry-cdn.com/7.120.3/bundle.tracing.es5.min.js:1
[ 1055993ms] [LOG] Lenis @ https://browser.sentry-cdn.com/7.120.3/bundle.tracing.es5.min.js:1
[ 1056009ms] [LOG] Lenis @ https://browser.sentry-cdn.com/7.120.3/bundle.tracing.es5.min.js:1
[ 1056025ms] [LOG] Lenis @ https://browser.sentry-cdn.com/7.120.3/bundle.tracing.es5.min.js:1
[ 1056042ms] [LOG] Lenis @ https://browser.sentry-cdn.com/7.120.3/bundle.tracing.es5.min.js:1
[ 1056058ms] [LOG] Lenis @ https://browser.sentry-cdn.com/7.120.3/bundle.tracing.es5.min.js:1
[ 1056077ms] [LOG] Lenis @ https://browser.sentry-cdn.com/7.120.3/bundle.tracing.es5.min.js:1
[ 1056095ms] [LOG] Lenis @ https://browser.sentry-cdn.com/7.120.3/bundle.tracing.es5.min.js:1
[ 1056112ms] [LOG] Lenis @ https://browser.sentry-cdn.com/7.120.3/bundle.tracing.es5.min.js:1
[ 1056128ms] [LOG] Lenis @ https://browser.sentry-cdn.com/7.120.3/bundle.tracing.es5.min.js:1
[ 1056144ms] [LOG] Lenis @ https://browser.sentry-cdn.com/7.120.3/bundle.tracing.es5.min.js:1
[ 1056162ms] [LOG] Lenis @ https://browser.sentry-cdn.com/7.120.3/bundle.tracing.es5.min.js:1
[ 1056177ms] [LOG] Lenis @ https://browser.sentry-cdn.com/7.120.3/bundle.tracing.es5.min.js:1
[ 1056193ms] [LOG] Lenis @ https://browser.sentry-cdn.com/7.120.3/bundle.tracing.es5.min.js:1
[ 1056210ms] [LOG] Lenis @ https://browser.sentry-cdn.com/7.120.3/bundle.tracing.es5.min.js:1
[ 1056229ms] [LOG] Lenis @ https://browser.sentry-cdn.com/7.120.3/bundle.tracing.es5.min.js:1
[ 1056245ms] [LOG] Lenis @ https://browser.sentry-cdn.com/7.120.3/bundle.tracing.es5.min.js:1
[ 1056260ms] [LOG] Lenis @ https://browser.sentry-cdn.com/7.120.3/bundle.tracing.es5.min.js:1
[ 1056276ms] [LOG] Lenis @ https://browser.sentry-cdn.com/7.120.3/bundle.tracing.es5.min.js:1
[ 1056293ms] [LOG] Lenis @ https://browser.sentry-cdn.com/7.120.3/bundle.tracing.es5.min.js:1
[ 1056310ms] [LOG] Lenis @ https://browser.sentry-cdn.com/7.120.3/bundle.tracing.es5.min.js:1
[ 1056327ms] [LOG] Lenis @ https://browser.sentry-cdn.com/7.120.3/bundle.tracing.es5.min.js:1
[ 1056345ms] [LOG] Lenis @ https://browser.sentry-cdn.com/7.120.3/bundle.tracing.es5.min.js:1
[ 1056361ms] [LOG] Lenis @ https://browser.sentry-cdn.com/7.120.3/bundle.tracing.es5.min.js:1
[ 1056377ms] [LOG] Lenis @ https://browser.sentry-cdn.com/7.120.3/bundle.tracing.es5.min.js:1
[ 1056393ms] [LOG] Lenis @ https://browser.sentry-cdn.com/7.120.3/bundle.tracing.es5.min.js:1
[ 1056410ms] [LOG] Lenis @ https://browser.sentry-cdn.com/7.120.3/bundle.tracing.es5.min.js:1
[ 1056426ms] [LOG] Lenis @ https://browser.sentry-cdn.com/7.120.3/bundle.tracing.es5.min.js:1
[ 1056442ms] [LOG] Lenis @ https://browser.sentry-cdn.com/7.120.3/bundle.tracing.es5.min.js:1
[ 1056458ms] [LOG] Lenis @ https://browser.sentry-cdn.com/7.120.3/bundle.tracing.es5.min.js:1
[ 1056476ms] [LOG] Lenis @ https://browser.sentry-cdn.com/7.120.3/bundle.tracing.es5.min.js:1
[ 1056492ms] [LOG] Lenis @ https://browser.sentry-cdn.com/7.120.3/bundle.tracing.es5.min.js:1
[ 1056509ms] [LOG] Lenis @ https://browser.sentry-cdn.com/7.120.3/bundle.tracing.es5.min.js:1
[ 1056526ms] [LOG] Lenis @ https://browser.sentry-cdn.com/7.120.3/bundle.tracing.es5.min.js:1
[ 1056544ms] [LOG] Lenis @ https://browser.sentry-cdn.com/7.120.3/bundle.tracing.es5.min.js:1
[ 1056560ms] [LOG] Lenis @ https://browser.sentry-cdn.com/7.120.3/bundle.tracing.es5.min.js:1
[ 1056578ms] [LOG] Lenis @ https://browser.sentry-cdn.com/7.120.3/bundle.tracing.es5.min.js:1
[ 1056594ms] [LOG] Lenis @ https://browser.sentry-cdn.com/7.120.3/bundle.tracing.es5.min.js:1
[ 1056611ms] [LOG] Lenis @ https://browser.sentry-cdn.com/7.120.3/bundle.tracing.es5.min.js:1
[ 1056627ms] [LOG] Lenis @ https://browser.sentry-cdn.com/7.120.3/bundle.tracing.es5.min.js:1
[ 1056644ms] [LOG] Lenis @ https://browser.sentry-cdn.com/7.120.3/bundle.tracing.es5.min.js:1
[ 1056661ms] [LOG] Lenis @ https://browser.sentry-cdn.com/7.120.3/bundle.tracing.es5.min.js:1
[ 1056677ms] [LOG] Lenis @ https://browser.sentry-cdn.com/7.120.3/bundle.tracing.es5.min.js:1
[ 1056694ms] [LOG] Lenis @ https://browser.sentry-cdn.com/7.120.3/bundle.tracing.es5.min.js:1
[ 1056711ms] [LOG] Lenis @ https://browser.sentry-cdn.com/7.120.3/bundle.tracing.es5.min.js:1
[ 1056727ms] [LOG] Lenis @ https://browser.sentry-cdn.com/7.120.3/bundle.tracing.es5.min.js:1
[ 1056744ms] [LOG] Lenis @ https://browser.sentry-cdn.com/7.120.3/bundle.tracing.es5.min.js:1
[ 1056759ms] [LOG] Lenis @ https://browser.sentry-cdn.com/7.120.3/bundle.tracing.es5.min.js:1
[ 1056777ms] [LOG] Lenis @ https://browser.sentry-cdn.com/7.120.3/bundle.tracing.es5.min.js:1
[ 1056795ms] [LOG] Lenis @ https://browser.sentry-cdn.com/7.120.3/bundle.tracing.es5.min.js:1
[ 1056810ms] [LOG] Lenis @ https://browser.sentry-cdn.com/7.120.3/bundle.tracing.es5.min.js:1
[ 1056827ms] [LOG] Lenis @ https://browser.sentry-cdn.com/7.120.3/bundle.tracing.es5.min.js:1
[ 1056842ms] [LOG] Lenis @ https://browser.sentry-cdn.com/7.120.3/bundle.tracing.es5.min.js:1
[ 1056859ms] [LOG] Lenis @ https://browser.sentry-cdn.com/7.120.3/bundle.tracing.es5.min.js:1
[ 1056875ms] [LOG] Lenis @ https://browser.sentry-cdn.com/7.120.3/bundle.tracing.es5.min.js:1
[ 1056892ms] [LOG] Lenis @ https://browser.sentry-cdn.com/7.120.3/bundle.tracing.es5.min.js:1
[ 1056911ms] [LOG] Lenis @ https://browser.sentry-cdn.com/7.120.3/bundle.tracing.es5.min.js:1
[ 1056927ms] [LOG] Lenis @ https://browser.sentry-cdn.com/7.120.3/bundle.tracing.es5.min.js:1
[ 1056947ms] [LOG] Lenis @ https://browser.sentry-cdn.com/7.120.3/bundle.tracing.es5.min.js:1
[ 1056961ms] [LOG] Lenis @ https://browser.sentry-cdn.com/7.120.3/bundle.tracing.es5.min.js:1
[ 1056977ms] [LOG] Lenis @ https://browser.sentry-cdn.com/7.120.3/bundle.tracing.es5.min.js:1
[ 1056994ms] [LOG] Lenis @ https://browser.sentry-cdn.com/7.120.3/bundle.tracing.es5.min.js:1
[ 1057011ms] [LOG] Lenis @ https://browser.sentry-cdn.com/7.120.3/bundle.tracing.es5.min.js:1
[ 1057026ms] [LOG] Lenis @ https://browser.sentry-cdn.com/7.120.3/bundle.tracing.es5.min.js:1
[ 1057043ms] [LOG] Lenis @ https://browser.sentry-cdn.com/7.120.3/bundle.tracing.es5.min.js:1
[ 1057060ms] [LOG] Lenis @ https://browser.sentry-cdn.com/7.120.3/bundle.tracing.es5.min.js:1
[ 1057077ms] [LOG] Lenis @ https://browser.sentry-cdn.com/7.120.3/bundle.tracing.es5.min.js:1
[ 1057094ms] [LOG] Lenis @ https://browser.sentry-cdn.com/7.120.3/bundle.tracing.es5.min.js:1
[ 1057110ms] [LOG] Lenis @ https://browser.sentry-cdn.com/7.120.3/bundle.tracing.es5.min.js:1
[ 1057128ms] [LOG] Lenis @ https://browser.sentry-cdn.com/7.120.3/bundle.tracing.es5.min.js:1
[ 1057144ms] [LOG] Lenis @ https://browser.sentry-cdn.com/7.120.3/bundle.tracing.es5.min.js:1
[ 1057161ms] [LOG] Lenis @ https://browser.sentry-cdn.com/7.120.3/bundle.tracing.es5.min.js:1
[ 1057176ms] [LOG] Lenis @ https://browser.sentry-cdn.com/7.120.3/bundle.tracing.es5.min.js:1
[ 1057193ms] [LOG] Lenis @ https://browser.sentry-cdn.com/7.120.3/bundle.tracing.es5.min.js:1
[ 1057210ms] [LOG] Lenis @ https://browser.sentry-cdn.com/7.120.3/bundle.tracing.es5.min.js:1
[ 1057225ms] [LOG] Lenis @ https://browser.sentry-cdn.com/7.120.3/bundle.tracing.es5.min.js:1
[ 1057241ms] [LOG] Lenis @ https://browser.sentry-cdn.com/7.120.3/bundle.tracing.es5.min.js:1
[ 1057258ms] [LOG] Lenis @ https://browser.sentry-cdn.com/7.120.3/bundle.tracing.es5.min.js:1
[ 1057276ms] [LOG] Lenis @ https://browser.sentry-cdn.com/7.120.3/bundle.tracing.es5.min.js:1
[ 1057293ms] [LOG] Lenis @ https://browser.sentry-cdn.com/7.120.3/bundle.tracing.es5.min.js:1
[ 1057310ms] [LOG] Lenis @ https://browser.sentry-cdn.com/7.120.3/bundle.tracing.es5.min.js:1
[ 1057327ms] [LOG] Lenis @ https://browser.sentry-cdn.com/7.120.3/bundle.tracing.es5.min.js:1
[ 1057343ms] [LOG] Lenis @ https://browser.sentry-cdn.com/7.120.3/bundle.tracing.es5.min.js:1
[ 1057361ms] [LOG] Lenis @ https://browser.sentry-cdn.com/7.120.3/bundle.tracing.es5.min.js:1
[ 1057377ms] [LOG] Lenis @ https://browser.sentry-cdn.com/7.120.3/bundle.tracing.es5.min.js:1
[ 1057394ms] [LOG] Lenis @ https://browser.sentry-cdn.com/7.120.3/bundle.tracing.es5.min.js:1
[ 1057410ms] [LOG] Lenis @ https://browser.sentry-cdn.com/7.120.3/bundle.tracing.es5.min.js:1
[ 1057428ms] [LOG] Lenis @ https://browser.sentry-cdn.com/7.120.3/bundle.tracing.es5.min.js:1
[ 1057444ms] [LOG] Lenis @ https://browser.sentry-cdn.com/7.120.3/bundle.tracing.es5.min.js:1
[ 1057461ms] [LOG] Lenis @ https://browser.sentry-cdn.com/7.120.3/bundle.tracing.es5.min.js:1
[ 1057477ms] [LOG] Lenis @ https://browser.sentry-cdn.com/7.120.3/bundle.tracing.es5.min.js:1
[ 1057494ms] [LOG] Lenis @ https://browser.sentry-cdn.com/7.120.3/bundle.tracing.es5.min.js:1
[ 1057510ms] [LOG] Lenis @ https://browser.sentry-cdn.com/7.120.3/bundle.tracing.es5.min.js:1
[ 1057528ms] [LOG] Lenis @ https://browser.sentry-cdn.com/7.120.3/bundle.tracing.es5.min.js:1
[ 1057544ms] [LOG] Lenis @ https://browser.sentry-cdn.com/7.120.3/bundle.tracing.es5.min.js:1
[ 1057561ms] [LOG] Lenis @ https://browser.sentry-cdn.com/7.120.3/bundle.tracing.es5.min.js:1
[ 1057578ms] [LOG] Lenis @ https://browser.sentry-cdn.com/7.120.3/bundle.tracing.es5.min.js:1
[ 1057591ms] [LOG] Lenis @ https://browser.sentry-cdn.com/7.120.3/bundle.tracing.es5.min.js:1
[ 1057608ms] [LOG] Lenis @ https://browser.sentry-cdn.com/7.120.3/bundle.tracing.es5.min.js:1
[ 1057624ms] [LOG] Lenis @ https://browser.sentry-cdn.com/7.120.3/bundle.tracing.es5.min.js:1
[ 1057643ms] [LOG] Lenis @ https://browser.sentry-cdn.com/7.120.3/bundle.tracing.es5.min.js:1
[ 1057659ms] [LOG] Lenis @ https://browser.sentry-cdn.com/7.120.3/bundle.tracing.es5.min.js:1
[ 1057677ms] [LOG] Lenis @ https://browser.sentry-cdn.com/7.120.3/bundle.tracing.es5.min.js:1
[ 1057694ms] [LOG] Lenis @ https://browser.sentry-cdn.com/7.120.3/bundle.tracing.es5.min.js:1
[ 1057711ms] [LOG] Lenis @ https://browser.sentry-cdn.com/7.120.3/bundle.tracing.es5.min.js:1
[ 1057727ms] [LOG] Lenis @ https://browser.sentry-cdn.com/7.120.3/bundle.tracing.es5.min.js:1
[ 1057743ms] [LOG] Lenis @ https://browser.sentry-cdn.com/7.120.3/bundle.tracing.es5.min.js:1
[ 1057760ms] [LOG] Lenis @ https://browser.sentry-cdn.com/7.120.3/bundle.tracing.es5.min.js:1
[ 1057778ms] [LOG] Lenis @ https://browser.sentry-cdn.com/7.120.3/bundle.tracing.es5.min.js:1
[ 1057794ms] [LOG] Lenis @ https://browser.sentry-cdn.com/7.120.3/bundle.tracing.es5.min.js:1
[ 1057814ms] [LOG] Lenis @ https://browser.sentry-cdn.com/7.120.3/bundle.tracing.es5.min.js:1
[ 1057827ms] [LOG] Lenis @ https://browser.sentry-cdn.com/7.120.3/bundle.tracing.es5.min.js:1
[ 1057845ms] [LOG] Lenis @ https://browser.sentry-cdn.com/7.120.3/bundle.tracing.es5.min.js:1
[ 1057862ms] [LOG] Lenis @ https://browser.sentry-cdn.com/7.120.3/bundle.tracing.es5.min.js:1
[ 1057877ms] [LOG] Lenis @ https://browser.sentry-cdn.com/7.120.3/bundle.tracing.es5.min.js:1
[ 1057894ms] [LOG] Lenis @ https://browser.sentry-cdn.com/7.120.3/bundle.tracing.es5.min.js:1
[ 1057910ms] [LOG] Lenis @ https://browser.sentry-cdn.com/7.120.3/bundle.tracing.es5.min.js:1
[ 1057927ms] [LOG] Lenis @ https://browser.sentry-cdn.com/7.120.3/bundle.tracing.es5.min.js:1
[ 1057944ms] [LOG] Lenis @ https://browser.sentry-cdn.com/7.120.3/bundle.tracing.es5.min.js:1
[ 1057958ms] [LOG] Lenis @ https://browser.sentry-cdn.com/7.120.3/bundle.tracing.es5.min.js:1
[ 1057974ms] [LOG] Lenis @ https://browser.sentry-cdn.com/7.120.3/bundle.tracing.es5.min.js:1
[ 1057992ms] [LOG] Lenis @ https://browser.sentry-cdn.com/7.120.3/bundle.tracing.es5.min.js:1
[ 1058008ms] [LOG] Lenis @ https://browser.sentry-cdn.com/7.120.3/bundle.tracing.es5.min.js:1
[ 1058025ms] [LOG] Lenis @ https://browser.sentry-cdn.com/7.120.3/bundle.tracing.es5.min.js:1
[ 1058042ms] [LOG] Lenis @ https://browser.sentry-cdn.com/7.120.3/bundle.tracing.es5.min.js:1
[ 1058059ms] [LOG] Lenis @ https://browser.sentry-cdn.com/7.120.3/bundle.tracing.es5.min.js:1
[ 1058077ms] [LOG] Lenis @ https://browser.sentry-cdn.com/7.120.3/bundle.tracing.es5.min.js:1
[ 1058092ms] [LOG] Lenis @ https://browser.sentry-cdn.com/7.120.3/bundle.tracing.es5.min.js:1
[ 1058109ms] [LOG] Lenis @ https://browser.sentry-cdn.com/7.120.3/bundle.tracing.es5.min.js:1
[ 1058125ms] [LOG] Lenis @ https://browser.sentry-cdn.com/7.120.3/bundle.tracing.es5.min.js:1
[ 1058143ms] [LOG] Lenis @ https://browser.sentry-cdn.com/7.120.3/bundle.tracing.es5.min.js:1
[ 1058162ms] [LOG] Lenis @ https://browser.sentry-cdn.com/7.120.3/bundle.tracing.es5.min.js:1
[ 1058179ms] [LOG] Lenis @ https://browser.sentry-cdn.com/7.120.3/bundle.tracing.es5.min.js:1
[ 1058196ms] [LOG] Lenis @ https://browser.sentry-cdn.com/7.120.3/bundle.tracing.es5.min.js:1
[ 1058213ms] [LOG] Lenis @ https://browser.sentry-cdn.com/7.120.3/bundle.tracing.es5.min.js:1
[ 1058229ms] [LOG] Lenis @ https://browser.sentry-cdn.com/7.120.3/bundle.tracing.es5.min.js:1
[ 1058245ms] [LOG] Lenis @ https://browser.sentry-cdn.com/7.120.3/bundle.tracing.es5.min.js:1
[ 1058263ms] [LOG] Lenis @ https://browser.sentry-cdn.com/7.120.3/bundle.tracing.es5.min.js:1
[ 1058282ms] [LOG] Lenis @ https://browser.sentry-cdn.com/7.120.3/bundle.tracing.es5.min.js:1
[ 1058295ms] [LOG] Lenis @ https://browser.sentry-cdn.com/7.120.3/bundle.tracing.es5.min.js:1
[ 1058311ms] [LOG] Lenis @ https://browser.sentry-cdn.com/7.120.3/bundle.tracing.es5.min.js:1
[ 1058328ms] [LOG] Lenis @ https://browser.sentry-cdn.com/7.120.3/bundle.tracing.es5.min.js:1
[ 1058341ms] [LOG] Lenis @ https://browser.sentry-cdn.com/7.120.3/bundle.tracing.es5.min.js:1
[ 1058358ms] [LOG] Lenis @ https://browser.sentry-cdn.com/7.120.3/bundle.tracing.es5.min.js:1
[ 1058375ms] [LOG] Lenis @ https://browser.sentry-cdn.com/7.120.3/bundle.tracing.es5.min.js:1
[ 1058392ms] [LOG] Lenis @ https://browser.sentry-cdn.com/7.120.3/bundle.tracing.es5.min.js:1
[ 1058409ms] [LOG] Lenis @ https://browser.sentry-cdn.com/7.120.3/bundle.tracing.es5.min.js:1
[ 1058425ms] [LOG] Lenis @ https://browser.sentry-cdn.com/7.120.3/bundle.tracing.es5.min.js:1
[ 1058444ms] [LOG] Lenis @ https://browser.sentry-cdn.com/7.120.3/bundle.tracing.es5.min.js:1
[ 1058461ms] [LOG] Lenis @ https://browser.sentry-cdn.com/7.120.3/bundle.tracing.es5.min.js:1
[ 1058478ms] [LOG] Lenis @ https://browser.sentry-cdn.com/7.120.3/bundle.tracing.es5.min.js:1
[ 1058494ms] [LOG] Lenis @ https://browser.sentry-cdn.com/7.120.3/bundle.tracing.es5.min.js:1
[ 1058511ms] [LOG] Lenis @ https://browser.sentry-cdn.com/7.120.3/bundle.tracing.es5.min.js:1
[ 1058529ms] [LOG] Lenis @ https://browser.sentry-cdn.com/7.120.3/bundle.tracing.es5.min.js:1
[ 1058546ms] [LOG] Lenis @ https://browser.sentry-cdn.com/7.120.3/bundle.tracing.es5.min.js:1
[ 1058561ms] [LOG] Lenis @ https://browser.sentry-cdn.com/7.120.3/bundle.tracing.es5.min.js:1
[ 1058578ms] [LOG] Lenis @ https://browser.sentry-cdn.com/7.120.3/bundle.tracing.es5.min.js:1
[ 1058597ms] [LOG] Lenis @ https://browser.sentry-cdn.com/7.120.3/bundle.tracing.es5.min.js:1
[ 1058613ms] [LOG] Lenis @ https://browser.sentry-cdn.com/7.120.3/bundle.tracing.es5.min.js:1
[ 1058629ms] [LOG] Lenis @ https://browser.sentry-cdn.com/7.120.3/bundle.tracing.es5.min.js:1
[ 1058644ms] [LOG] Lenis @ https://browser.sentry-cdn.com/7.120.3/bundle.tracing.es5.min.js:1
[ 1058661ms] [LOG] Lenis @ https://browser.sentry-cdn.com/7.120.3/bundle.tracing.es5.min.js:1
[ 1058678ms] [LOG] Lenis @ https://browser.sentry-cdn.com/7.120.3/bundle.tracing.es5.min.js:1
[ 1058695ms] [LOG] Lenis @ https://browser.sentry-cdn.com/7.120.3/bundle.tracing.es5.min.js:1
[ 1058712ms] [LOG] Lenis @ https://browser.sentry-cdn.com/7.120.3/bundle.tracing.es5.min.js:1
[ 1058729ms] [LOG] Lenis @ https://browser.sentry-cdn.com/7.120.3/bundle.tracing.es5.min.js:1
[ 1058744ms] [LOG] Lenis @ https://browser.sentry-cdn.com/7.120.3/bundle.tracing.es5.min.js:1
[ 1058762ms] [LOG] Lenis @ https://browser.sentry-cdn.com/7.120.3/bundle.tracing.es5.min.js:1
[ 1058777ms] [LOG] Lenis @ https://browser.sentry-cdn.com/7.120.3/bundle.tracing.es5.min.js:1
[ 1058795ms] [LOG] Lenis @ https://browser.sentry-cdn.com/7.120.3/bundle.tracing.es5.min.js:1
[ 1058812ms] [LOG] Lenis @ https://browser.sentry-cdn.com/7.120.3/bundle.tracing.es5.min.js:1
[ 1058828ms] [LOG] Lenis @ https://browser.sentry-cdn.com/7.120.3/bundle.tracing.es5.min.js:1
[ 1058844ms] [LOG] Lenis @ https://browser.sentry-cdn.com/7.120.3/bundle.tracing.es5.min.js:1
[ 1058861ms] [LOG] Lenis @ https://browser.sentry-cdn.com/7.120.3/bundle.tracing.es5.min.js:1
[ 1058879ms] [LOG] Lenis @ https://browser.sentry-cdn.com/7.120.3/bundle.tracing.es5.min.js:1
[ 1058900ms] [LOG] Lenis @ https://browser.sentry-cdn.com/7.120.3/bundle.tracing.es5.min.js:1
[ 1058913ms] [LOG] Lenis @ https://browser.sentry-cdn.com/7.120.3/bundle.tracing.es5.min.js:1
[ 1058927ms] [LOG] Lenis @ https://browser.sentry-cdn.com/7.120.3/bundle.tracing.es5.min.js:1
[ 1058945ms] [LOG] Lenis @ https://browser.sentry-cdn.com/7.120.3/bundle.tracing.es5.min.js:1
[ 1058963ms] [LOG] Lenis @ https://browser.sentry-cdn.com/7.120.3/bundle.tracing.es5.min.js:1
[ 1058978ms] [LOG] Lenis @ https://browser.sentry-cdn.com/7.120.3/bundle.tracing.es5.min.js:1
[ 1059002ms] [LOG] Lenis @ https://browser.sentry-cdn.com/7.120.3/bundle.tracing.es5.min.js:1
[ 1059013ms] [LOG] Lenis @ https://browser.sentry-cdn.com/7.120.3/bundle.tracing.es5.min.js:1
[ 1059028ms] [LOG] Lenis @ https://browser.sentry-cdn.com/7.120.3/bundle.tracing.es5.min.js:1
[ 1059044ms] [LOG] Lenis @ https://browser.sentry-cdn.com/7.120.3/bundle.tracing.es5.min.js:1
[ 1059061ms] [LOG] Lenis @ https://browser.sentry-cdn.com/7.120.3/bundle.tracing.es5.min.js:1
[ 1059079ms] [LOG] Lenis @ https://browser.sentry-cdn.com/7.120.3/bundle.tracing.es5.min.js:1
[ 1059095ms] [LOG] Lenis @ https://browser.sentry-cdn.com/7.120.3/bundle.tracing.es5.min.js:1
[ 1059111ms] [LOG] Lenis @ https://browser.sentry-cdn.com/7.120.3/bundle.tracing.es5.min.js:1
[ 1059128ms] [LOG] Lenis @ https://browser.sentry-cdn.com/7.120.3/bundle.tracing.es5.min.js:1
[ 1059145ms] [LOG] Lenis @ https://browser.sentry-cdn.com/7.120.3/bundle.tracing.es5.min.js:1
[ 1059161ms] [LOG] Lenis @ https://browser.sentry-cdn.com/7.120.3/bundle.tracing.es5.min.js:1
[ 1059178ms] [LOG] Lenis @ https://browser.sentry-cdn.com/7.120.3/bundle.tracing.es5.min.js:1
[ 1059195ms] [LOG] Lenis @ https://browser.sentry-cdn.com/7.120.3/bundle.tracing.es5.min.js:1
[ 1059211ms] [LOG] Lenis @ https://browser.sentry-cdn.com/7.120.3/bundle.tracing.es5.min.js:1
[ 1059227ms] [LOG] Lenis @ https://browser.sentry-cdn.com/7.120.3/bundle.tracing.es5.min.js:1
[ 1059243ms] [LOG] Lenis @ https://browser.sentry-cdn.com/7.120.3/bundle.tracing.es5.min.js:1
[ 1059261ms] [LOG] Lenis @ https://browser.sentry-cdn.com/7.120.3/bundle.tracing.es5.min.js:1
[ 1059282ms] [LOG] Lenis @ https://browser.sentry-cdn.com/7.120.3/bundle.tracing.es5.min.js:1
[ 1059294ms] [LOG] Lenis @ https://browser.sentry-cdn.com/7.120.3/bundle.tracing.es5.min.js:1
[ 1059310ms] [LOG] Lenis @ https://browser.sentry-cdn.com/7.120.3/bundle.tracing.es5.min.js:1
[ 1059327ms] [LOG] Lenis @ https://browser.sentry-cdn.com/7.120.3/bundle.tracing.es5.min.js:1
[ 1059344ms] [LOG] Lenis @ https://browser.sentry-cdn.com/7.120.3/bundle.tracing.es5.min.js:1
[ 1059364ms] [LOG] Lenis @ https://browser.sentry-cdn.com/7.120.3/bundle.tracing.es5.min.js:1
[ 1059378ms] [LOG] Lenis @ https://browser.sentry-cdn.com/7.120.3/bundle.tracing.es5.min.js:1
[ 1059392ms] [LOG] Lenis @ https://browser.sentry-cdn.com/7.120.3/bundle.tracing.es5.min.js:1
[ 1059408ms] [LOG] Lenis @ https://browser.sentry-cdn.com/7.120.3/bundle.tracing.es5.min.js:1
[ 1059424ms] [LOG] Lenis @ https://browser.sentry-cdn.com/7.120.3/bundle.tracing.es5.min.js:1
[ 1059440ms] [LOG] Lenis @ https://browser.sentry-cdn.com/7.120.3/bundle.tracing.es5.min.js:1
[ 1059457ms] [LOG] Lenis @ https://browser.sentry-cdn.com/7.120.3/bundle.tracing.es5.min.js:1
[ 1059474ms] [LOG] Lenis @ https://browser.sentry-cdn.com/7.120.3/bundle.tracing.es5.min.js:1
[ 1059491ms] [LOG] Lenis @ https://browser.sentry-cdn.com/7.120.3/bundle.tracing.es5.min.js:1
[ 1059507ms] [LOG] Lenis @ https://browser.sentry-cdn.com/7.120.3/bundle.tracing.es5.min.js:1
[ 1059524ms] [LOG] Lenis @ https://browser.sentry-cdn.com/7.120.3/bundle.tracing.es5.min.js:1
[ 1059541ms] [LOG] Lenis @ https://browser.sentry-cdn.com/7.120.3/bundle.tracing.es5.min.js:1
[ 1059557ms] [LOG] Lenis @ https://browser.sentry-cdn.com/7.120.3/bundle.tracing.es5.min.js:1
[ 1059578ms] [LOG] Lenis @ https://browser.sentry-cdn.com/7.120.3/bundle.tracing.es5.min.js:1
[ 1059593ms] [LOG] Lenis @ https://browser.sentry-cdn.com/7.120.3/bundle.tracing.es5.min.js:1
[ 1059612ms] [LOG] Lenis @ https://browser.sentry-cdn.com/7.120.3/bundle.tracing.es5.min.js:1
[ 1059626ms] [LOG] Lenis @ https://browser.sentry-cdn.com/7.120.3/bundle.tracing.es5.min.js:1
[ 1059646ms] [LOG] Lenis @ https://browser.sentry-cdn.com/7.120.3/bundle.tracing.es5.min.js:1
[ 1059660ms] [LOG] Lenis @ https://browser.sentry-cdn.com/7.120.3/bundle.tracing.es5.min.js:1
[ 1059674ms] [LOG] Lenis @ https://browser.sentry-cdn.com/7.120.3/bundle.tracing.es5.min.js:1
[ 1059692ms] [LOG] Lenis @ https://browser.sentry-cdn.com/7.120.3/bundle.tracing.es5.min.js:1
[ 1059708ms] [LOG] Lenis @ https://browser.sentry-cdn.com/7.120.3/bundle.tracing.es5.min.js:1
[ 1059725ms] [LOG] Lenis @ https://browser.sentry-cdn.com/7.120.3/bundle.tracing.es5.min.js:1
[ 1059741ms] [LOG] Lenis @ https://browser.sentry-cdn.com/7.120.3/bundle.tracing.es5.min.js:1
[ 1059759ms] [LOG] Lenis @ https://browser.sentry-cdn.com/7.120.3/bundle.tracing.es5.min.js:1
[ 1059776ms] [LOG] Lenis @ https://browser.sentry-cdn.com/7.120.3/bundle.tracing.es5.min.js:1
[ 1059791ms] [LOG] Lenis @ https://browser.sentry-cdn.com/7.120.3/bundle.tracing.es5.min.js:1
[ 1059807ms] [LOG] Lenis @ https://browser.sentry-cdn.com/7.120.3/bundle.tracing.es5.min.js:1
[ 1059825ms] [LOG] Lenis @ https://browser.sentry-cdn.com/7.120.3/bundle.tracing.es5.min.js:1
[ 1059841ms] [LOG] Lenis @ https://browser.sentry-cdn.com/7.120.3/bundle.tracing.es5.min.js:1
[ 1059858ms] [LOG] Lenis @ https://browser.sentry-cdn.com/7.120.3/bundle.tracing.es5.min.js:1
[ 1059874ms] [LOG] Lenis @ https://browser.sentry-cdn.com/7.120.3/bundle.tracing.es5.min.js:1
[ 1059891ms] [LOG] Lenis @ https://browser.sentry-cdn.com/7.120.3/bundle.tracing.es5.min.js:1
[ 1059909ms] [LOG] Lenis @ https://browser.sentry-cdn.com/7.120.3/bundle.tracing.es5.min.js:1
[ 1060441ms] [LOG] Lenis @ https://browser.sentry-cdn.com/7.120.3/bundle.tracing.es5.min.js:1
[ 1060458ms] [LOG] Lenis @ https://browser.sentry-cdn.com/7.120.3/bundle.tracing.es5.min.js:1
[ 1060475ms] [LOG] Lenis @ https://browser.sentry-cdn.com/7.120.3/bundle.tracing.es5.min.js:1
[ 1060491ms] [LOG] Lenis @ https://browser.sentry-cdn.com/7.120.3/bundle.tracing.es5.min.js:1
[ 1060507ms] [LOG] Lenis @ https://browser.sentry-cdn.com/7.120.3/bundle.tracing.es5.min.js:1
[ 1060524ms] [LOG] Lenis @ https://browser.sentry-cdn.com/7.120.3/bundle.tracing.es5.min.js:1
[ 1060542ms] [LOG] Lenis @ https://browser.sentry-cdn.com/7.120.3/bundle.tracing.es5.min.js:1
[ 1060558ms] [LOG] Lenis @ https://browser.sentry-cdn.com/7.120.3/bundle.tracing.es5.min.js:1
[ 1060575ms] [LOG] Lenis @ https://browser.sentry-cdn.com/7.120.3/bundle.tracing.es5.min.js:1
[ 1060591ms] [LOG] Lenis @ https://browser.sentry-cdn.com/7.120.3/bundle.tracing.es5.min.js:1
[ 1060608ms] [LOG] Lenis @ https://browser.sentry-cdn.com/7.120.3/bundle.tracing.es5.min.js:1
[ 1060625ms] [LOG] Lenis @ https://browser.sentry-cdn.com/7.120.3/bundle.tracing.es5.min.js:1
[ 1060641ms] [LOG] Lenis @ https://browser.sentry-cdn.com/7.120.3/bundle.tracing.es5.min.js:1
[ 1060658ms] [LOG] Lenis @ https://browser.sentry-cdn.com/7.120.3/bundle.tracing.es5.min.js:1
[ 1060675ms] [LOG] Lenis @ https://browser.sentry-cdn.com/7.120.3/bundle.tracing.es5.min.js:1
[ 1060691ms] [LOG] Lenis @ https://browser.sentry-cdn.com/7.120.3/bundle.tracing.es5.min.js:1
[ 1060708ms] [LOG] Lenis @ https://browser.sentry-cdn.com/7.120.3/bundle.tracing.es5.min.js:1
[ 1060724ms] [LOG] Lenis @ https://browser.sentry-cdn.com/7.120.3/bundle.tracing.es5.min.js:1
[ 1060741ms] [LOG] Lenis @ https://browser.sentry-cdn.com/7.120.3/bundle.tracing.es5.min.js:1
[ 1060757ms] [LOG] Lenis @ https://browser.sentry-cdn.com/7.120.3/bundle.tracing.es5.min.js:1
[ 1060774ms] [LOG] Lenis @ https://browser.sentry-cdn.com/7.120.3/bundle.tracing.es5.min.js:1
[ 1060791ms] [LOG] Lenis @ https://browser.sentry-cdn.com/7.120.3/bundle.tracing.es5.min.js:1
[ 1060807ms] [LOG] Lenis @ https://browser.sentry-cdn.com/7.120.3/bundle.tracing.es5.min.js:1
[ 1060824ms] [LOG] Lenis @ https://browser.sentry-cdn.com/7.120.3/bundle.tracing.es5.min.js:1
[ 1060840ms] [LOG] Lenis @ https://browser.sentry-cdn.com/7.120.3/bundle.tracing.es5.min.js:1
[ 1060857ms] [LOG] Lenis @ https://browser.sentry-cdn.com/7.120.3/bundle.tracing.es5.min.js:1
[ 1060873ms] [LOG] Lenis @ https://browser.sentry-cdn.com/7.120.3/bundle.tracing.es5.min.js:1
[ 1060890ms] [LOG] Lenis @ https://browser.sentry-cdn.com/7.120.3/bundle.tracing.es5.min.js:1
[ 1060907ms] [LOG] Lenis @ https://browser.sentry-cdn.com/7.120.3/bundle.tracing.es5.min.js:1
[ 1060923ms] [LOG] Lenis @ https://browser.sentry-cdn.com/7.120.3/bundle.tracing.es5.min.js:1
[ 1060941ms] [LOG] Lenis @ https://browser.sentry-cdn.com/7.120.3/bundle.tracing.es5.min.js:1
[ 1060957ms] [LOG] Lenis @ https://browser.sentry-cdn.com/7.120.3/bundle.tracing.es5.min.js:1
[ 1060973ms] [LOG] Lenis @ https://browser.sentry-cdn.com/7.120.3/bundle.tracing.es5.min.js:1
[ 1060989ms] [LOG] Lenis @ https://browser.sentry-cdn.com/7.120.3/bundle.tracing.es5.min.js:1
[ 1061006ms] [LOG] Lenis @ https://browser.sentry-cdn.com/7.120.3/bundle.tracing.es5.min.js:1
[ 1061023ms] [LOG] Lenis @ https://browser.sentry-cdn.com/7.120.3/bundle.tracing.es5.min.js:1
[ 1061040ms] [LOG] Lenis @ https://browser.sentry-cdn.com/7.120.3/bundle.tracing.es5.min.js:1
[ 1061057ms] [LOG] Lenis @ https://browser.sentry-cdn.com/7.120.3/bundle.tracing.es5.min.js:1
[ 1061075ms] [LOG] Lenis @ https://browser.sentry-cdn.com/7.120.3/bundle.tracing.es5.min.js:1
[ 1061091ms] [LOG] Lenis @ https://browser.sentry-cdn.com/7.120.3/bundle.tracing.es5.min.js:1
[ 1061108ms] [LOG] Lenis @ https://browser.sentry-cdn.com/7.120.3/bundle.tracing.es5.min.js:1
[ 1061124ms] [LOG] Lenis @ https://browser.sentry-cdn.com/7.120.3/bundle.tracing.es5.min.js:1
[ 1061142ms] [LOG] Lenis @ https://browser.sentry-cdn.com/7.120.3/bundle.tracing.es5.min.js:1
[ 1061157ms] [LOG] Lenis @ https://browser.sentry-cdn.com/7.120.3/bundle.tracing.es5.min.js:1
[ 1061174ms] [LOG] Lenis @ https://browser.sentry-cdn.com/7.120.3/bundle.tracing.es5.min.js:1
[ 1061192ms] [LOG] Lenis @ https://browser.sentry-cdn.com/7.120.3/bundle.tracing.es5.min.js:1
[ 1061208ms] [LOG] Lenis @ https://browser.sentry-cdn.com/7.120.3/bundle.tracing.es5.min.js:1
[ 1061224ms] [LOG] Lenis @ https://browser.sentry-cdn.com/7.120.3/bundle.tracing.es5.min.js:1
[ 1061241ms] [LOG] Lenis @ https://browser.sentry-cdn.com/7.120.3/bundle.tracing.es5.min.js:1
[ 1061259ms] [LOG] Lenis @ https://browser.sentry-cdn.com/7.120.3/bundle.tracing.es5.min.js:1
[ 1061275ms] [LOG] Lenis @ https://browser.sentry-cdn.com/7.120.3/bundle.tracing.es5.min.js:1
[ 1061289ms] [LOG] Lenis @ https://browser.sentry-cdn.com/7.120.3/bundle.tracing.es5.min.js:1
[ 1061307ms] [LOG] Lenis @ https://browser.sentry-cdn.com/7.120.3/bundle.tracing.es5.min.js:1
[ 1061323ms] [LOG] Lenis @ https://browser.sentry-cdn.com/7.120.3/bundle.tracing.es5.min.js:1
[ 1061340ms] [LOG] Lenis @ https://browser.sentry-cdn.com/7.120.3/bundle.tracing.es5.min.js:1
[ 1061356ms] [LOG] Lenis @ https://browser.sentry-cdn.com/7.120.3/bundle.tracing.es5.min.js:1
[ 1061373ms] [LOG] Lenis @ https://browser.sentry-cdn.com/7.120.3/bundle.tracing.es5.min.js:1
[ 1061389ms] [LOG] Lenis @ https://browser.sentry-cdn.com/7.120.3/bundle.tracing.es5.min.js:1
[ 1061407ms] [LOG] Lenis @ https://browser.sentry-cdn.com/7.120.3/bundle.tracing.es5.min.js:1
[ 1061424ms] [LOG] Lenis @ https://browser.sentry-cdn.com/7.120.3/bundle.tracing.es5.min.js:1
[ 1061439ms] [LOG] Lenis @ https://browser.sentry-cdn.com/7.120.3/bundle.tracing.es5.min.js:1
[ 1061456ms] [LOG] Lenis @ https://browser.sentry-cdn.com/7.120.3/bundle.tracing.es5.min.js:1
[ 1061474ms] [LOG] Lenis @ https://browser.sentry-cdn.com/7.120.3/bundle.tracing.es5.min.js:1
[ 1061490ms] [LOG] Lenis @ https://browser.sentry-cdn.com/7.120.3/bundle.tracing.es5.min.js:1
[ 1061508ms] [LOG] Lenis @ https://browser.sentry-cdn.com/7.120.3/bundle.tracing.es5.min.js:1
[ 1061529ms] [LOG] Lenis @ https://browser.sentry-cdn.com/7.120.3/bundle.tracing.es5.min.js:1
[ 1061541ms] [LOG] Lenis @ https://browser.sentry-cdn.com/7.120.3/bundle.tracing.es5.min.js:1
[ 1061557ms] [LOG] Lenis @ https://browser.sentry-cdn.com/7.120.3/bundle.tracing.es5.min.js:1
[ 1061575ms] [LOG] Lenis @ https://browser.sentry-cdn.com/7.120.3/bundle.tracing.es5.min.js:1
[ 1061593ms] [LOG] Lenis @ https://browser.sentry-cdn.com/7.120.3/bundle.tracing.es5.min.js:1
[ 1061607ms] [LOG] Lenis @ https://browser.sentry-cdn.com/7.120.3/bundle.tracing.es5.min.js:1
[ 1061626ms] [LOG] Lenis @ https://browser.sentry-cdn.com/7.120.3/bundle.tracing.es5.min.js:1
[ 1061641ms] [LOG] Lenis @ https://browser.sentry-cdn.com/7.120.3/bundle.tracing.es5.min.js:1
[ 1061657ms] [LOG] Lenis @ https://browser.sentry-cdn.com/7.120.3/bundle.tracing.es5.min.js:1
[ 1061674ms] [LOG] Lenis @ https://browser.sentry-cdn.com/7.120.3/bundle.tracing.es5.min.js:1
[ 1061691ms] [LOG] Lenis @ https://browser.sentry-cdn.com/7.120.3/bundle.tracing.es5.min.js:1
[ 1061709ms] [LOG] Lenis @ https://browser.sentry-cdn.com/7.120.3/bundle.tracing.es5.min.js:1
[ 1061724ms] [LOG] Lenis @ https://browser.sentry-cdn.com/7.120.3/bundle.tracing.es5.min.js:1
[ 1061741ms] [LOG] Lenis @ https://browser.sentry-cdn.com/7.120.3/bundle.tracing.es5.min.js:1
[ 1061758ms] [LOG] Lenis @ https://browser.sentry-cdn.com/7.120.3/bundle.tracing.es5.min.js:1
