[    3852ms] [WARNING] Google Maps JavaScript API has been loaded directly without loading=async. This can result in suboptimal performance. For best-practice loading patterns please see https://goo.gle/js-api-loading @ https://maps.googleapis.com/maps/api/js?callback=initMap&client=gme-wixcomltd2&libraries=places&language=en:1517
[    3883ms] [LOG] Google Maps API version: 3.64.14a @ https://static.parastorage.com/services/editor-elements-library/dist/thunderbolt/media/google-map.min.02d41b79.js?origin=https://www.krest.dental:0
[    3913ms] [WARNING] As of February 21st, 2024, google.maps.Marker is deprecated. Please use google.maps.marker.AdvancedMarkerElement instead. At this time, google.maps.Marker is not scheduled to be discontinued, but google.maps.marker.AdvancedMarkerElement is recommended over google.maps.Marker. While google.maps.Marker will continue to receive bug fixes for any major regressions, existing bugs in google.maps.Marker will not be addressed. At least 12 months notice will be given before support is discontinued. Please see https://developers.google.com/maps/deprecations for additional details and https://developers.google.com/maps/documentation/javascript/advanced-markers/migration for the migration guide. @ https://maps.googleapis.com/maps/api/js?callback=initMap&client=gme-wixcomltd2&libraries=places&language=en:1618
[    6756ms] [LOG] Lenis @ https://browser.sentry-cdn.com/7.120.3/bundle.tracing.es5.min.js:1
[    6759ms] [LOG] Lenis @ https://browser.sentry-cdn.com/7.120.3/bundle.tracing.es5.min.js:1
[    6773ms] [LOG] Lenis @ https://browser.sentry-cdn.com/7.120.3/bundle.tracing.es5.min.js:1
[    6791ms] [LOG] Lenis @ https://browser.sentry-cdn.com/7.120.3/bundle.tracing.es5.min.js:1
[    6806ms] [LOG] Lenis @ https://browser.sentry-cdn.com/7.120.3/bundle.tracing.es5.min.js:1
[    6823ms] [LOG] Lenis @ https://browser.sentry-cdn.com/7.120.3/bundle.tracing.es5.min.js:1
[    6839ms] [LOG] Lenis @ https://browser.sentry-cdn.com/7.120.3/bundle.tracing.es5.min.js:1
[    6856ms] [LOG] Lenis @ https://browser.sentry-cdn.com/7.120.3/bundle.tracing.es5.min.js:1
[    6873ms] [LOG] Lenis @ https://browser.sentry-cdn.com/7.120.3/bundle.tracing.es5.min.js:1
[    6889ms] [LOG] Lenis @ https://browser.sentry-cdn.com/7.120.3/bundle.tracing.es5.min.js:1
[    6906ms] [LOG] Lenis @ https://browser.sentry-cdn.com/7.120.3/bundle.tracing.es5.min.js:1
[    6923ms] [LOG] Lenis @ https://browser.sentry-cdn.com/7.120.3/bundle.tracing.es5.min.js:1
[    6945ms] [LOG] Lenis @ https://browser.sentry-cdn.com/7.120.3/bundle.tracing.es5.min.js:1
[    6956ms] [LOG] Lenis @ https://browser.sentry-cdn.com/7.120.3/bundle.tracing.es5.min.js:1
[    6972ms] [LOG] Lenis @ https://browser.sentry-cdn.com/7.120.3/bundle.tracing.es5.min.js:1
[    6989ms] [LOG] Lenis @ https://browser.sentry-cdn.com/7.120.3/bundle.tracing.es5.min.js:1
[    7006ms] [LOG] Lenis @ https://browser.sentry-cdn.com/7.120.3/bundle.tracing.es5.min.js:1
[    7022ms] [LOG] Lenis @ https://browser.sentry-cdn.com/7.120.3/bundle.tracing.es5.min.js:1
[    7040ms] [LOG] Lenis @ https://browser.sentry-cdn.com/7.120.3/bundle.tracing.es5.min.js:1
[    7056ms] [LOG] Lenis @ https://browser.sentry-cdn.com/7.120.3/bundle.tracing.es5.min.js:1
[    7073ms] [LOG] Lenis @ https://browser.sentry-cdn.com/7.120.3/bundle.tracing.es5.min.js:1
[    7089ms] [LOG] Lenis @ https://browser.sentry-cdn.com/7.120.3/bundle.tracing.es5.min.js:1
[    7099ms] [WARNING] The resource https://siteassets.parastorage.com/pages/pages/thunderbolt?appDefinitionIdToSiteRevision=%7B%2214271d6f-ba62-d045-549b-ab972ae1f70e%22%3A%2225%22%2C%2213d21c63-b5ec-5912-8397-c3a5ddb27a97%22%3A%22440%22%2C%2214bcded7-0066-7c35-14d7-466cb3f09103%22%3A%221335%22%2C%227479d596-137c-4fa3-89cd-d7091042ba61%22%3A%22132%22%7D&beckyExperiments=.DatePickerPortal%2C.EnableCustomCSSVarsForLoginSocialBar%2C.FreemiumBannerOdeditor%2C.LoginBarEnableLoggingInStateInSSR%2C.TextInputAutoFillFix%2C.UseLoginSocialBarCustomMenu%2C.UseNestedLoginSocialBarMenuItems%2C.UseNewLoginBarDropdownMenuAlignment%2C.UseNewLoginSocialBarElementStructure%2C.UseNewLoginSocialBarMemberInitialsAvatar%2C.WixFreeSiteBannerDesktop%2C.WixFreeSiteBannerMobile%2C.addIdAsClassName%2C.buttonUdp%2C.calculateCollapsibleTextLineHeightByFont%2C.dynamicSlots%2C.fiveGridLineStudioSkins%2C.fixFirefoxLinkBarIntrinsicSizing%2C.isClassNameToRootEnabled%2C.logVsmPlatformDiff%2C.migrateSdkDataMappers%2C.svgResolver_2%2C.updateRichTextSemanticClassNamesOnCorvid%2C.useClassnameInResponsiveAppWidget%2C.useImageAvifFormatInNativeProGallery&blocksBuilderManifestGeneratorVersion=1.129.0&coBrandingBanner=true&contentType=application%2Fjson&dfCk=6&dfVersion=1.5466.0&editorName=Studio&experiments=dm_bgScrubToMotionFixer%2Cdm_masterPageVariablesQueryFixer%2Cdm_migrateOldHoverBoxToNewFixer&externalBaseUrl=https%3A%2F%2Fwww.krest.dental&fileId=59e5d325.bundle.min&formFactor=desktop&hasTPAWorkerOnSite=false&hasUserDomainMedia=false&isBuilderComponentModel=false&isHttps=true&isInSeo=false&isPremiumDomain=true&isResponsive=true&isUrlMigrated=true&isWixCodeOnPage=false&isWixCodeOnSite=false&language=en&metaSiteId=25d28462-d4df-4be6-9711-91e275dfccca&module=thunderbolt-platform&originalLanguage=en&pageId=2139b1_e6c54865c2b9ec4b9834b6feef43caca_482.json&pilerExperiments=specs.piler.useEditorReactComponents&quickActionsMenuEnabled=false&registryLibrariesTopology=%5B%7B%22artifactId%22%3A%22editor-elements%22%2C%22namespace%22%3A%22wixui%22%2C%22url%22%3A%22https%3A%2F%2Fstatic.parastorage.com%2Fservices%2Feditor-elements%2F1.15190.0%22%7D%2C%7B%22artifactId%22%3A%22editor-elements%22%2C%22namespace%22%3A%22dsgnsys%22%2C%22url%22%3A%22https%3A%2F%2Fstatic.parastorage.com%2Fservices%2Feditor-elements%2F1.15190.0%22%7D%5D&remoteWidgetStructureBuilderVersion=1.251.0&siteId=f962fb4e-ef42-4922-af81-f7c2f8294339&siteRevision=483&staticHTMLComponentUrl=https%3A%2F%2Fwww-krest-dental.filesusr.com%2F&viewMode=desktop was preloaded using link preload but not used within a few seconds from the window's load event. Please make sure it has an appropriate `as` value and it is preloaded intentionally. @ https://www.krest.dental/links:0
[    7106ms] [LOG] Lenis @ https://browser.sentry-cdn.com/7.120.3/bundle.tracing.es5.min.js:1
[    7123ms] [LOG] Lenis @ https://browser.sentry-cdn.com/7.120.3/bundle.tracing.es5.min.js:1
[    7139ms] [LOG] Lenis @ https://browser.sentry-cdn.com/7.120.3/bundle.tracing.es5.min.js:1
[    7156ms] [LOG] Lenis @ https://browser.sentry-cdn.com/7.120.3/bundle.tracing.es5.min.js:1
[    7173ms] [LOG] Lenis @ https://browser.sentry-cdn.com/7.120.3/bundle.tracing.es5.min.js:1
[    7189ms] [LOG] Lenis @ https://browser.sentry-cdn.com/7.120.3/bundle.tracing.es5.min.js:1
[    7206ms] [LOG] Lenis @ https://browser.sentry-cdn.com/7.120.3/bundle.tracing.es5.min.js:1
[    7223ms] [LOG] Lenis @ https://browser.sentry-cdn.com/7.120.3/bundle.tracing.es5.min.js:1
[    7239ms] [LOG] Lenis @ https://browser.sentry-cdn.com/7.120.3/bundle.tracing.es5.min.js:1
[    7256ms] [LOG] Lenis @ https://browser.sentry-cdn.com/7.120.3/bundle.tracing.es5.min.js:1
[    7273ms] [LOG] Lenis @ https://browser.sentry-cdn.com/7.120.3/bundle.tracing.es5.min.js:1
[    7289ms] [LOG] Lenis @ https://browser.sentry-cdn.com/7.120.3/bundle.tracing.es5.min.js:1
[    7306ms] [LOG] Lenis @ https://browser.sentry-cdn.com/7.120.3/bundle.tracing.es5.min.js:1
[    7322ms] [LOG] Lenis @ https://browser.sentry-cdn.com/7.120.3/bundle.tracing.es5.min.js:1
[    7339ms] [LOG] Lenis @ https://browser.sentry-cdn.com/7.120.3/bundle.tracing.es5.min.js:1
[    7356ms] [LOG] Lenis @ https://browser.sentry-cdn.com/7.120.3/bundle.tracing.es5.min.js:1
[    7372ms] [LOG] Lenis @ https://browser.sentry-cdn.com/7.120.3/bundle.tracing.es5.min.js:1
[    7389ms] [LOG] Lenis @ https://browser.sentry-cdn.com/7.120.3/bundle.tracing.es5.min.js:1
[    7406ms] [LOG] Lenis @ https://browser.sentry-cdn.com/7.120.3/bundle.tracing.es5.min.js:1
[    7422ms] [LOG] Lenis @ https://browser.sentry-cdn.com/7.120.3/bundle.tracing.es5.min.js:1
[    7439ms] [LOG] Lenis @ https://browser.sentry-cdn.com/7.120.3/bundle.tracing.es5.min.js:1
[    7456ms] [LOG] Lenis @ https://browser.sentry-cdn.com/7.120.3/bundle.tracing.es5.min.js:1
[    7475ms] [LOG] Lenis @ https://browser.sentry-cdn.com/7.120.3/bundle.tracing.es5.min.js:1
[    7489ms] [LOG] Lenis @ https://browser.sentry-cdn.com/7.120.3/bundle.tracing.es5.min.js:1
[    7506ms] [LOG] Lenis @ https://browser.sentry-cdn.com/7.120.3/bundle.tracing.es5.min.js:1
[    7522ms] [LOG] Lenis @ https://browser.sentry-cdn.com/7.120.3/bundle.tracing.es5.min.js:1
[    7539ms] [LOG] Lenis @ https://browser.sentry-cdn.com/7.120.3/bundle.tracing.es5.min.js:1
[    7556ms] [LOG] Lenis @ https://browser.sentry-cdn.com/7.120.3/bundle.tracing.es5.min.js:1
[    7572ms] [LOG] Lenis @ https://browser.sentry-cdn.com/7.120.3/bundle.tracing.es5.min.js:1
[    7589ms] [LOG] Lenis @ https://browser.sentry-cdn.com/7.120.3/bundle.tracing.es5.min.js:1
[    7606ms] [LOG] Lenis @ https://browser.sentry-cdn.com/7.120.3/bundle.tracing.es5.min.js:1
[    7623ms] [LOG] Lenis @ https://browser.sentry-cdn.com/7.120.3/bundle.tracing.es5.min.js:1
[    7639ms] [LOG] Lenis @ https://browser.sentry-cdn.com/7.120.3/bundle.tracing.es5.min.js:1
[    7656ms] [LOG] Lenis @ https://browser.sentry-cdn.com/7.120.3/bundle.tracing.es5.min.js:1
[    7672ms] [LOG] Lenis @ https://browser.sentry-cdn.com/7.120.3/bundle.tracing.es5.min.js:1
[    7689ms] [LOG] Lenis @ https://browser.sentry-cdn.com/7.120.3/bundle.tracing.es5.min.js:1
[    7706ms] [LOG] Lenis @ https://browser.sentry-cdn.com/7.120.3/bundle.tracing.es5.min.js:1
[    7723ms] [LOG] Lenis @ https://browser.sentry-cdn.com/7.120.3/bundle.tracing.es5.min.js:1
[    7739ms] [LOG] Lenis @ https://browser.sentry-cdn.com/7.120.3/bundle.tracing.es5.min.js:1
[    7756ms] [LOG] Lenis @ https://browser.sentry-cdn.com/7.120.3/bundle.tracing.es5.min.js:1
[    7773ms] [LOG] Lenis @ https://browser.sentry-cdn.com/7.120.3/bundle.tracing.es5.min.js:1
[    7789ms] [LOG] Lenis @ https://browser.sentry-cdn.com/7.120.3/bundle.tracing.es5.min.js:1
[    7806ms] [LOG] Lenis @ https://browser.sentry-cdn.com/7.120.3/bundle.tracing.es5.min.js:1
[    7823ms] [LOG] Lenis @ https://browser.sentry-cdn.com/7.120.3/bundle.tracing.es5.min.js:1
[    7839ms] [LOG] Lenis @ https://browser.sentry-cdn.com/7.120.3/bundle.tracing.es5.min.js:1
[    7856ms] [LOG] Lenis @ https://browser.sentry-cdn.com/7.120.3/bundle.tracing.es5.min.js:1
[    7873ms] [LOG] Lenis @ https://browser.sentry-cdn.com/7.120.3/bundle.tracing.es5.min.js:1
[    7890ms] [LOG] Lenis @ https://browser.sentry-cdn.com/7.120.3/bundle.tracing.es5.min.js:1
[    7906ms] [LOG] Lenis @ https://browser.sentry-cdn.com/7.120.3/bundle.tracing.es5.min.js:1
[    7923ms] [LOG] Lenis @ https://browser.sentry-cdn.com/7.120.3/bundle.tracing.es5.min.js:1
[    7940ms] [LOG] Lenis @ https://browser.sentry-cdn.com/7.120.3/bundle.tracing.es5.min.js:1
[    7956ms] [LOG] Lenis @ https://browser.sentry-cdn.com/7.120.3/bundle.tracing.es5.min.js:1
[    7973ms] [LOG] Lenis @ https://browser.sentry-cdn.com/7.120.3/bundle.tracing.es5.min.js:1
[    7989ms] [LOG] Lenis @ https://browser.sentry-cdn.com/7.120.3/bundle.tracing.es5.min.js:1
[    8006ms] [LOG] Lenis @ https://browser.sentry-cdn.com/7.120.3/bundle.tracing.es5.min.js:1
[    8023ms] [LOG] Lenis @ https://browser.sentry-cdn.com/7.120.3/bundle.tracing.es5.min.js:1
[    8040ms] [LOG] Lenis @ https://browser.sentry-cdn.com/7.120.3/bundle.tracing.es5.min.js:1
[    8056ms] [LOG] Lenis @ https://browser.sentry-cdn.com/7.120.3/bundle.tracing.es5.min.js:1
[    8073ms] [LOG] Lenis @ https://browser.sentry-cdn.com/7.120.3/bundle.tracing.es5.min.js:1
[    8090ms] [LOG] Lenis @ https://browser.sentry-cdn.com/7.120.3/bundle.tracing.es5.min.js:1
[    8106ms] [LOG] Lenis @ https://browser.sentry-cdn.com/7.120.3/bundle.tracing.es5.min.js:1
[    8123ms] [LOG] Lenis @ https://browser.sentry-cdn.com/7.120.3/bundle.tracing.es5.min.js:1
[    8140ms] [LOG] Lenis @ https://browser.sentry-cdn.com/7.120.3/bundle.tracing.es5.min.js:1
[    8156ms] [LOG] Lenis @ https://browser.sentry-cdn.com/7.120.3/bundle.tracing.es5.min.js:1
[    8173ms] [LOG] Lenis @ https://browser.sentry-cdn.com/7.120.3/bundle.tracing.es5.min.js:1
[    8190ms] [LOG] Lenis @ https://browser.sentry-cdn.com/7.120.3/bundle.tracing.es5.min.js:1
[    8206ms] [LOG] Lenis @ https://browser.sentry-cdn.com/7.120.3/bundle.tracing.es5.min.js:1
[    8223ms] [LOG] Lenis @ https://browser.sentry-cdn.com/7.120.3/bundle.tracing.es5.min.js:1
[    8239ms] [LOG] Lenis @ https://browser.sentry-cdn.com/7.120.3/bundle.tracing.es5.min.js:1
[    8256ms] [LOG] Lenis @ https://browser.sentry-cdn.com/7.120.3/bundle.tracing.es5.min.js:1
[    8273ms] [LOG] Lenis @ https://browser.sentry-cdn.com/7.120.3/bundle.tracing.es5.min.js:1
[    8289ms] [LOG] Lenis @ https://browser.sentry-cdn.com/7.120.3/bundle.tracing.es5.min.js:1
[    8306ms] [LOG] Lenis @ https://browser.sentry-cdn.com/7.120.3/bundle.tracing.es5.min.js:1
[    8323ms] [LOG] Lenis @ https://browser.sentry-cdn.com/7.120.3/bundle.tracing.es5.min.js:1
[    8339ms] [LOG] Lenis @ https://browser.sentry-cdn.com/7.120.3/bundle.tracing.es5.min.js:1
[    8356ms] [LOG] Lenis @ https://browser.sentry-cdn.com/7.120.3/bundle.tracing.es5.min.js:1
[    8372ms] [LOG] Lenis @ https://browser.sentry-cdn.com/7.120.3/bundle.tracing.es5.min.js:1
[    8389ms] [LOG] Lenis @ https://browser.sentry-cdn.com/7.120.3/bundle.tracing.es5.min.js:1
[    8406ms] [LOG] Lenis @ https://browser.sentry-cdn.com/7.120.3/bundle.tracing.es5.min.js:1
[    8422ms] [LOG] Lenis @ https://browser.sentry-cdn.com/7.120.3/bundle.tracing.es5.min.js:1
[    8439ms] [LOG] Lenis @ https://browser.sentry-cdn.com/7.120.3/bundle.tracing.es5.min.js:1
[    8456ms] [LOG] Lenis @ https://browser.sentry-cdn.com/7.120.3/bundle.tracing.es5.min.js:1
[    8473ms] [LOG] Lenis @ https://browser.sentry-cdn.com/7.120.3/bundle.tracing.es5.min.js:1
[    8489ms] [LOG] Lenis @ https://browser.sentry-cdn.com/7.120.3/bundle.tracing.es5.min.js:1
[    8506ms] [LOG] Lenis @ https://browser.sentry-cdn.com/7.120.3/bundle.tracing.es5.min.js:1
[    8522ms] [LOG] Lenis @ https://browser.sentry-cdn.com/7.120.3/bundle.tracing.es5.min.js:1
[    8539ms] [LOG] Lenis @ https://browser.sentry-cdn.com/7.120.3/bundle.tracing.es5.min.js:1
[    8556ms] [LOG] Lenis @ https://browser.sentry-cdn.com/7.120.3/bundle.tracing.es5.min.js:1
[    8572ms] [LOG] Lenis @ https://browser.sentry-cdn.com/7.120.3/bundle.tracing.es5.min.js:1
[    8589ms] [LOG] Lenis @ https://browser.sentry-cdn.com/7.120.3/bundle.tracing.es5.min.js:1
[    8606ms] [LOG] Lenis @ https://browser.sentry-cdn.com/7.120.3/bundle.tracing.es5.min.js:1
[    8623ms] [LOG] Lenis @ https://browser.sentry-cdn.com/7.120.3/bundle.tracing.es5.min.js:1
[    8639ms] [LOG] Lenis @ https://browser.sentry-cdn.com/7.120.3/bundle.tracing.es5.min.js:1
[    8656ms] [LOG] Lenis @ https://browser.sentry-cdn.com/7.120.3/bundle.tracing.es5.min.js:1
[    8673ms] [LOG] Lenis @ https://browser.sentry-cdn.com/7.120.3/bundle.tracing.es5.min.js:1
[    8689ms] [LOG] Lenis @ https://browser.sentry-cdn.com/7.120.3/bundle.tracing.es5.min.js:1
[    8706ms] [LOG] Lenis @ https://browser.sentry-cdn.com/7.120.3/bundle.tracing.es5.min.js:1
[    8722ms] [LOG] Lenis @ https://browser.sentry-cdn.com/7.120.3/bundle.tracing.es5.min.js:1
[    8739ms] [LOG] Lenis @ https://browser.sentry-cdn.com/7.120.3/bundle.tracing.es5.min.js:1
[    8756ms] [LOG] Lenis @ https://browser.sentry-cdn.com/7.120.3/bundle.tracing.es5.min.js:1
[    8772ms] [LOG] Lenis @ https://browser.sentry-cdn.com/7.120.3/bundle.tracing.es5.min.js:1
[    8789ms] [LOG] Lenis @ https://browser.sentry-cdn.com/7.120.3/bundle.tracing.es5.min.js:1
[    8806ms] [LOG] Lenis @ https://browser.sentry-cdn.com/7.120.3/bundle.tracing.es5.min.js:1
[    8823ms] [LOG] Lenis @ https://browser.sentry-cdn.com/7.120.3/bundle.tracing.es5.min.js:1
[    8839ms] [LOG] Lenis @ https://browser.sentry-cdn.com/7.120.3/bundle.tracing.es5.min.js:1
[    8857ms] [LOG] Lenis @ https://browser.sentry-cdn.com/7.120.3/bundle.tracing.es5.min.js:1
[    8873ms] [LOG] Lenis @ https://browser.sentry-cdn.com/7.120.3/bundle.tracing.es5.min.js:1
[    8889ms] [LOG] Lenis @ https://browser.sentry-cdn.com/7.120.3/bundle.tracing.es5.min.js:1
[    8906ms] [LOG] Lenis @ https://browser.sentry-cdn.com/7.120.3/bundle.tracing.es5.min.js:1
[    8923ms] [LOG] Lenis @ https://browser.sentry-cdn.com/7.120.3/bundle.tracing.es5.min.js:1
[    8939ms] [LOG] Lenis @ https://browser.sentry-cdn.com/7.120.3/bundle.tracing.es5.min.js:1
[    8956ms] [LOG] Lenis @ https://browser.sentry-cdn.com/7.120.3/bundle.tracing.es5.min.js:1
[    8973ms] [LOG] Lenis @ https://browser.sentry-cdn.com/7.120.3/bundle.tracing.es5.min.js:1
[    8991ms] [LOG] Lenis @ https://browser.sentry-cdn.com/7.120.3/bundle.tracing.es5.min.js:1
[    9006ms] [LOG] Lenis @ https://browser.sentry-cdn.com/7.120.3/bundle.tracing.es5.min.js:1
[    9023ms] [LOG] Lenis @ https://browser.sentry-cdn.com/7.120.3/bundle.tracing.es5.min.js:1
[    9039ms] [LOG] Lenis @ https://browser.sentry-cdn.com/7.120.3/bundle.tracing.es5.min.js:1
[    9056ms] [LOG] Lenis @ https://browser.sentry-cdn.com/7.120.3/bundle.tracing.es5.min.js:1
[    9073ms] [LOG] Lenis @ https://browser.sentry-cdn.com/7.120.3/bundle.tracing.es5.min.js:1
[    9089ms] [LOG] Lenis @ https://browser.sentry-cdn.com/7.120.3/bundle.tracing.es5.min.js:1
[    9106ms] [LOG] Lenis @ https://browser.sentry-cdn.com/7.120.3/bundle.tracing.es5.min.js:1
[    9123ms] [LOG] Lenis @ https://browser.sentry-cdn.com/7.120.3/bundle.tracing.es5.min.js:1
[    9140ms] [LOG] Lenis @ https://browser.sentry-cdn.com/7.120.3/bundle.tracing.es5.min.js:1
[    9156ms] [LOG] Lenis @ https://browser.sentry-cdn.com/7.120.3/bundle.tracing.es5.min.js:1
[    9172ms] [LOG] Lenis @ https://browser.sentry-cdn.com/7.120.3/bundle.tracing.es5.min.js:1
[    9189ms] [LOG] Lenis @ https://browser.sentry-cdn.com/7.120.3/bundle.tracing.es5.min.js:1
[    9240ms] [LOG] Lenis @ https://browser.sentry-cdn.com/7.120.3/bundle.tracing.es5.min.js:1
[    9325ms] [LOG] Lenis @ https://browser.sentry-cdn.com/7.120.3/bundle.tracing.es5.min.js:1
[    9351ms] [LOG] Lenis @ https://browser.sentry-cdn.com/7.120.3/bundle.tracing.es5.min.js:1
[    9381ms] [LOG] Lenis @ https://browser.sentry-cdn.com/7.120.3/bundle.tracing.es5.min.js:1
[    9389ms] [LOG] Lenis @ https://browser.sentry-cdn.com/7.120.3/bundle.tracing.es5.min.js:1
[    9405ms] [LOG] Lenis @ https://browser.sentry-cdn.com/7.120.3/bundle.tracing.es5.min.js:1
[    9422ms] [LOG] Lenis @ https://browser.sentry-cdn.com/7.120.3/bundle.tracing.es5.min.js:1
[    9439ms] [LOG] Lenis @ https://browser.sentry-cdn.com/7.120.3/bundle.tracing.es5.min.js:1
[    9455ms] [LOG] Lenis @ https://browser.sentry-cdn.com/7.120.3/bundle.tracing.es5.min.js:1
[    9474ms] [LOG] Lenis @ https://browser.sentry-cdn.com/7.120.3/bundle.tracing.es5.min.js:1
[    9489ms] [LOG] Lenis @ https://browser.sentry-cdn.com/7.120.3/bundle.tracing.es5.min.js:1
[    9506ms] [LOG] Lenis @ https://browser.sentry-cdn.com/7.120.3/bundle.tracing.es5.min.js:1
[    9522ms] [LOG] Lenis @ https://browser.sentry-cdn.com/7.120.3/bundle.tracing.es5.min.js:1
[    9539ms] [LOG] Lenis @ https://browser.sentry-cdn.com/7.120.3/bundle.tracing.es5.min.js:1
[    9556ms] [LOG] Lenis @ https://browser.sentry-cdn.com/7.120.3/bundle.tracing.es5.min.js:1
[    9573ms] [LOG] Lenis @ https://browser.sentry-cdn.com/7.120.3/bundle.tracing.es5.min.js:1
[    9589ms] [LOG] Lenis @ https://browser.sentry-cdn.com/7.120.3/bundle.tracing.es5.min.js:1
[    9611ms] [LOG] Lenis @ https://browser.sentry-cdn.com/7.120.3/bundle.tracing.es5.min.js:1
